[Resize(size=(384, 384), interpolation=bicubic, max_size=None, antialias=warn), Pad(padding=0, fill=0, padding_mode=edge), RandomCrop(size=(384, 384), padding=None), RandomHorizontalFlip(p=0.5), ToTensor(), Normalize(mean=[0.485, 0.456, 0.406], std=[0.229, 0.224, 0.225]), <datasets.random_erasing.RandomErasing object at 0x7fdb3ddfce20>]
Building PCT Model | Views: 2, Block: 3
=> [Model Strategy] Using PCT (Polar Transform) strictly for Dual-View.
=========== Building Model: PCT (Polar-Contrastive Transformer) ===========
=> using Transformer_type: ViT-Small-RoPE-OFFICIAL (timm) as backbone
=> pretrain: /home/ps/Code/wxm_project/Polar_Contrastive_Transfomer/main_project/pretrain_model/vit_small_patch16_rope_224_naver_in1k.pth
=> [OfficialRoPEViTSmall] loading pretrain from: /home/ps/Code/wxm_project/Polar_Contrastive_Transfomer/main_project/pretrain_model/vit_small_patch16_rope_224_naver_in1k.pth
=> [OfficialRoPEViTSmall] load_state_dict done. missing=0, unexpected=0
=> Optimizer Strategy: AdamW with Differential Learning Rates.
   - Backbone LR: 0.000150 (0.1x)
   - Heads LR:    0.001500 (1.0x)
=> Scheduler Strategy: Warmup (10 eps) + Cosine Annealing
   - Total Epochs: 160
   - Min LR: 1e-6
---------- Start Training -------------
Training Strategy Confirmed:
  >>> DropPath Rate: 0.28 (High for Robustness)
  >>> Weight Decay : 0.05 (High for Regularization)
  >>> Autocast     : False
Epoch 0/159
----------
Traceback (most recent call last):
  File "train.py", line 266, in <module>
    train_model(model, opt, optimizer_ft, exp_lr_scheduler, dataloaders, dataset_sizes)
  File "train.py", line 134, in train_model
    outputs, outputs2 = model(inputs, inputs3)
  File "/home/ps/miniconda3/envs/PCT/lib/python3.8/site-packages/torch/nn/modules/module.py", line 1518, in _wrapped_call_impl
    return self._call_impl(*args, **kwargs)
  File "/home/ps/miniconda3/envs/PCT/lib/python3.8/site-packages/torch/nn/modules/module.py", line 1527, in _call_impl
    return forward_call(*args, **kwargs)
  File "/home/ps/Code/wxm_project/Polar_Contrastive_Transfomer/main_project/models/model.py", line 80, in forward
    feat_satellite = self.aerial_encoder(img_satellite)
  File "/home/ps/miniconda3/envs/PCT/lib/python3.8/site-packages/torch/nn/modules/module.py", line 1518, in _wrapped_call_impl
    return self._call_impl(*args, **kwargs)
  File "/home/ps/miniconda3/envs/PCT/lib/python3.8/site-packages/torch/nn/modules/module.py", line 1527, in _call_impl
    return forward_call(*args, **kwargs)
  File "/home/ps/Code/wxm_project/Polar_Contrastive_Transfomer/main_project/models/PCT/make_model.py", line 217, in forward
    features = self.transformer(x)
  File "/home/ps/miniconda3/envs/PCT/lib/python3.8/site-packages/torch/nn/modules/module.py", line 1518, in _wrapped_call_impl
    return self._call_impl(*args, **kwargs)
  File "/home/ps/miniconda3/envs/PCT/lib/python3.8/site-packages/torch/nn/modules/module.py", line 1527, in _call_impl
    return forward_call(*args, **kwargs)
  File "/home/ps/Code/wxm_project/Polar_Contrastive_Transfomer/main_project/models/PCT/backbones/vit_rope.py", line 50, in forward
    feats = self.backbone.forward_features(x)  # [B, C]
  File "/home/ps/miniconda3/envs/PCT/lib/python3.8/site-packages/timm/models/eva.py", line 975, in forward_features
    x = self.patch_embed(x)
  File "/home/ps/miniconda3/envs/PCT/lib/python3.8/site-packages/torch/nn/modules/module.py", line 1518, in _wrapped_call_impl
    return self._call_impl(*args, **kwargs)
  File "/home/ps/miniconda3/envs/PCT/lib/python3.8/site-packages/torch/nn/modules/module.py", line 1527, in _call_impl
    return forward_call(*args, **kwargs)
  File "/home/ps/miniconda3/envs/PCT/lib/python3.8/site-packages/timm/layers/patch_embed.py", line 121, in forward
    _assert(H == self.img_size[0], f"Input height ({H}) doesn't match model ({self.img_size[0]}).")
  File "/home/ps/miniconda3/envs/PCT/lib/python3.8/site-packages/torch/__init__.py", line 1404, in _assert
    assert condition, message
AssertionError: Input height (384) doesn't match model (224).
