[Resize(size=(384, 384), interpolation=bicubic, max_size=None, antialias=warn), Pad(padding=0, fill=0, padding_mode=edge), RandomCrop(size=(384, 384), padding=None), RandomHorizontalFlip(p=0.5), ToTensor(), Normalize(mean=[0.485, 0.456, 0.406], std=[0.229, 0.224, 0.225]), <datasets.random_erasing.RandomErasing object at 0x7f464d7c2e20>]
Building PCT Model | Views: 2, Block: 3
=> [Model Strategy] Using PCT (Polar Transform) strictly for Dual-View.
=========== Building Model: PCT (Polar-Contrastive Transformer) ===========
=> using Transformer_type: ViT-Small-RoPE-OFFICIAL (timm) as backbone
=> pretrain: /home/ps/Code/wxm_project/Polar_Contrastive_Transfomer/main_project/pretrain_model/vit_small_patch16_rope_224_naver_in1k.pth
=> [OfficialRoPEViTSmall] loading pretrain from: /home/ps/Code/wxm_project/Polar_Contrastive_Transfomer/main_project/pretrain_model/vit_small_patch16_rope_224_naver_in1k.pth
=> [OfficialRoPEViTSmall] load_state_dict done. missing=0, unexpected=0
=> Optimizer Strategy: AdamW with Differential Learning Rates.
   - Backbone LR: 0.000080 (0.1x)
   - Heads LR:    0.000800 (1.0x)
=> Scheduler Strategy: Warmup (10 eps) + Cosine Annealing
   - Total Epochs: 160
   - Min LR: 1e-6
---------- Start Training -------------
Training Strategy Confirmed:
  >>> DropPath Rate: 0.28 (High for Robustness)
  >>> Weight Decay : 0.05 (High for Regularization)
  >>> Autocast     : False
Epoch 0/159
----------
Epoch 0 summary:
  total_loss   : 17.9021
  cls_loss     : 13.1055
  triplet_loss : 0.7994
  kl_loss      : 0.0000
  train_acc    : 0.0016
  epoch_time   : 0m 18s
------------------------------
Training elapsed: 0m 18s

Epoch 1/159
----------
Epoch 1 summary:
  total_loss   : 17.7303
  cls_loss     : 13.0533
  triplet_loss : 0.7795
  kl_loss      : 0.0000
  train_acc    : 0.0141
  epoch_time   : 0m 18s
------------------------------
Training elapsed: 0m 36s

Epoch 2/159
----------
Epoch 2 summary:
  total_loss   : 17.5281
  cls_loss     : 12.9536
  triplet_loss : 0.7624
  kl_loss      : 0.0000
  train_acc    : 0.0656
  epoch_time   : 0m 18s
------------------------------
Training elapsed: 0m 54s

Epoch 3/159
----------
Epoch 3 summary:
  total_loss   : 17.2843
  cls_loss     : 12.7884
  triplet_loss : 0.7493
  kl_loss      : 0.0000
  train_acc    : 0.1625
  epoch_time   : 0m 17s
------------------------------
Training elapsed: 1m 10s

Epoch 4/159
----------
Epoch 4 summary:
  total_loss   : 16.9244
  cls_loss     : 12.5058
  triplet_loss : 0.7364
  kl_loss      : 0.0000
  train_acc    : 0.2781
  epoch_time   : 0m 17s
------------------------------
Training elapsed: 1m 28s

Epoch 5/159
----------
Epoch 5 summary:
  total_loss   : 16.4637
  cls_loss     : 12.1124
  triplet_loss : 0.7252
  kl_loss      : 0.0000
  train_acc    : 0.3812
  epoch_time   : 0m 16s
------------------------------
Training elapsed: 1m 44s

Epoch 6/159
----------
Epoch 6 summary:
  total_loss   : 15.8337
  cls_loss     : 11.5852
  triplet_loss : 0.7081
  kl_loss      : 0.0000
  train_acc    : 0.4703
  epoch_time   : 0m 16s
------------------------------
Training elapsed: 2m 0s

Epoch 7/159
----------
Epoch 7 summary:
  total_loss   : 15.1524
  cls_loss     : 10.9506
  triplet_loss : 0.7003
  kl_loss      : 0.0000
  train_acc    : 0.5469
  epoch_time   : 0m 17s
------------------------------
Training elapsed: 2m 18s

Epoch 8/159
----------
Epoch 8 summary:
  total_loss   : 14.2878
  cls_loss     : 10.1850
  triplet_loss : 0.6838
  kl_loss      : 0.0000
  train_acc    : 0.5719
  epoch_time   : 0m 17s
------------------------------
Training elapsed: 2m 35s

Epoch 9/159
----------
Epoch 9 summary:
  total_loss   : 13.4024
  cls_loss     : 9.3790
  triplet_loss : 0.6706
  kl_loss      : 0.0000
  train_acc    : 0.6375
  epoch_time   : 0m 18s
------------------------------
Training elapsed: 2m 53s

Epoch 10/159
----------
Epoch 10 summary:
  total_loss   : 12.4737
  cls_loss     : 8.4888
  triplet_loss : 0.6641
  kl_loss      : 0.0000
  train_acc    : 0.7250
  epoch_time   : 0m 17s
------------------------------
Training elapsed: 3m 10s

Epoch 11/159
----------
Epoch 11 summary:
  total_loss   : 11.6086
  cls_loss     : 7.6954
  triplet_loss : 0.6522
  kl_loss      : 0.0000
  train_acc    : 0.7594
  epoch_time   : 0m 18s
------------------------------
Training elapsed: 3m 27s

Epoch 12/159
----------
Epoch 12 summary:
  total_loss   : 10.7273
  cls_loss     : 6.8735
  triplet_loss : 0.6423
  kl_loss      : 0.0000
  train_acc    : 0.7891
  epoch_time   : 0m 18s
------------------------------
Training elapsed: 3m 45s

Epoch 13/159
----------
Epoch 13 summary:
  total_loss   : 9.8821
  cls_loss     : 6.0694
  triplet_loss : 0.6355
  kl_loss      : 0.0000
  train_acc    : 0.8453
  epoch_time   : 0m 17s
------------------------------
Training elapsed: 4m 2s

Epoch 14/159
----------
Epoch 14 summary:
  total_loss   : 9.0663
  cls_loss     : 5.3005
  triplet_loss : 0.6276
  kl_loss      : 0.0000
  train_acc    : 0.8828
  epoch_time   : 0m 18s
------------------------------
Training elapsed: 4m 20s

Epoch 15/159
----------
Epoch 15 summary:
  total_loss   : 8.4197
  cls_loss     : 4.6855
  triplet_loss : 0.6224
  kl_loss      : 0.0000
  train_acc    : 0.9094
  epoch_time   : 0m 17s
------------------------------
Training elapsed: 4m 37s

Epoch 16/159
----------
Epoch 16 summary:
  total_loss   : 7.8112
  cls_loss     : 4.1023
  triplet_loss : 0.6182
  kl_loss      : 0.0000
  train_acc    : 0.9234
  epoch_time   : 0m 18s
------------------------------
Training elapsed: 4m 55s

Epoch 17/159
----------
Epoch 17 summary:
  total_loss   : 7.2408
  cls_loss     : 3.5561
  triplet_loss : 0.6141
  kl_loss      : 0.0000
  train_acc    : 0.9469
  epoch_time   : 0m 17s
------------------------------
Training elapsed: 5m 12s

Epoch 18/159
----------
Epoch 18 summary:
  total_loss   : 6.6713
  cls_loss     : 3.0524
  triplet_loss : 0.6032
  kl_loss      : 0.0000
  train_acc    : 0.9578
  epoch_time   : 0m 18s
------------------------------
Training elapsed: 5m 30s

Epoch 19/159
----------
Epoch 19 summary:
  total_loss   : 6.2659
  cls_loss     : 2.6497
  triplet_loss : 0.6027
  kl_loss      : 0.0000
  train_acc    : 0.9688
  epoch_time   : 0m 18s
------------------------------
Training elapsed: 5m 48s

Epoch 20/159
----------
Epoch 20 summary:
  total_loss   : 5.8583
  cls_loss     : 2.2875
  triplet_loss : 0.5951
  kl_loss      : 0.0000
  train_acc    : 0.9688
  epoch_time   : 0m 18s
------------------------------
Training elapsed: 6m 6s

Epoch 21/159
----------
Epoch 21 summary:
  total_loss   : 5.5461
  cls_loss     : 1.9948
  triplet_loss : 0.5919
  kl_loss      : 0.0000
  train_acc    : 0.9781
  epoch_time   : 0m 18s
------------------------------
Training elapsed: 6m 24s

Epoch 22/159
----------
Epoch 22 summary:
  total_loss   : 5.2793
  cls_loss     : 1.7372
  triplet_loss : 0.5903
  kl_loss      : 0.0000
  train_acc    : 0.9812
  epoch_time   : 0m 18s
------------------------------
Training elapsed: 6m 42s

Epoch 23/159
----------
Epoch 23 summary:
  total_loss   : 5.0841
  cls_loss     : 1.5483
  triplet_loss : 0.5893
  kl_loss      : 0.0000
  train_acc    : 0.9828
  epoch_time   : 0m 17s
------------------------------
Training elapsed: 6m 59s

Epoch 24/159
----------
Epoch 24 summary:
  total_loss   : 4.8600
  cls_loss     : 1.3485
  triplet_loss : 0.5853
  kl_loss      : 0.0000
  train_acc    : 0.9906
  epoch_time   : 0m 17s
------------------------------
Training elapsed: 7m 17s

Epoch 25/159
----------
Epoch 25 summary:
  total_loss   : 4.6303
  cls_loss     : 1.1499
  triplet_loss : 0.5801
  kl_loss      : 0.0000
  train_acc    : 0.9875
  epoch_time   : 0m 18s
------------------------------
Training elapsed: 7m 35s

Epoch 26/159
----------
Epoch 26 summary:
  total_loss   : 4.5359
  cls_loss     : 1.0702
  triplet_loss : 0.5776
  kl_loss      : 0.0000
  train_acc    : 0.9844
  epoch_time   : 0m 18s
------------------------------
Training elapsed: 7m 53s

Epoch 27/159
----------
Epoch 27 summary:
  total_loss   : 4.4600
  cls_loss     : 0.9834
  triplet_loss : 0.5794
  kl_loss      : 0.0000
  train_acc    : 0.9891
  epoch_time   : 0m 17s
------------------------------
Training elapsed: 8m 10s

Epoch 28/159
----------
Epoch 28 summary:
  total_loss   : 4.3353
  cls_loss     : 0.8939
  triplet_loss : 0.5736
  kl_loss      : 0.0000
  train_acc    : 0.9859
  epoch_time   : 0m 18s
------------------------------
Training elapsed: 8m 28s

Epoch 29/159
----------
Epoch 29 summary:
  total_loss   : 4.2695
  cls_loss     : 0.8260
  triplet_loss : 0.5739
  kl_loss      : 0.0000
  train_acc    : 0.9891
  epoch_time   : 0m 17s
------------------------------
Training elapsed: 8m 45s

Epoch 30/159
----------
Epoch 30 summary:
  total_loss   : 4.2104
  cls_loss     : 0.7754
  triplet_loss : 0.5725
  kl_loss      : 0.0000
  train_acc    : 0.9891
  epoch_time   : 0m 18s
------------------------------
Training elapsed: 9m 3s

Epoch 31/159
----------
Epoch 31 summary:
  total_loss   : 4.1071
  cls_loss     : 0.6947
  triplet_loss : 0.5687
  kl_loss      : 0.0000
  train_acc    : 0.9875
  epoch_time   : 0m 16s
------------------------------
Training elapsed: 9m 19s

Epoch 32/159
----------
Epoch 32 summary:
  total_loss   : 4.1093
  cls_loss     : 0.6789
  triplet_loss : 0.5717
  kl_loss      : 0.0000
  train_acc    : 0.9922
  epoch_time   : 0m 17s
------------------------------
Training elapsed: 9m 36s

Epoch 33/159
----------
Epoch 33 summary:
  total_loss   : 4.0413
  cls_loss     : 0.6409
  triplet_loss : 0.5667
  kl_loss      : 0.0000
  train_acc    : 0.9891
  epoch_time   : 0m 18s
------------------------------
Training elapsed: 9m 55s

Epoch 34/159
----------
Epoch 34 summary:
  total_loss   : 3.9823
  cls_loss     : 0.6036
  triplet_loss : 0.5631
  kl_loss      : 0.0000
  train_acc    : 0.9844
  epoch_time   : 0m 18s
------------------------------
Training elapsed: 10m 12s

Epoch 35/159
----------
Epoch 35 summary:
  total_loss   : 3.9235
  cls_loss     : 0.5574
  triplet_loss : 0.5610
  kl_loss      : 0.0000
  train_acc    : 0.9906
  epoch_time   : 0m 17s
------------------------------
Training elapsed: 10m 29s

Epoch 36/159
----------
Epoch 36 summary:
  total_loss   : 3.8760
  cls_loss     : 0.5148
  triplet_loss : 0.5602
  kl_loss      : 0.0000
  train_acc    : 0.9938
  epoch_time   : 0m 18s
------------------------------
Training elapsed: 10m 47s

Epoch 37/159
----------
Epoch 37 summary:
  total_loss   : 3.7896
  cls_loss     : 0.4575
  triplet_loss : 0.5553
  kl_loss      : 0.0000
  train_acc    : 0.9953
  epoch_time   : 0m 17s
------------------------------
Training elapsed: 11m 4s

Epoch 38/159
----------
Epoch 38 summary:
  total_loss   : 3.8058
  cls_loss     : 0.4566
  triplet_loss : 0.5582
  kl_loss      : 0.0000
  train_acc    : 0.9938
  epoch_time   : 0m 18s
------------------------------
Training elapsed: 11m 22s

Epoch 39/159
----------
Epoch 39 summary:
  total_loss   : 3.7951
  cls_loss     : 0.4535
  triplet_loss : 0.5569
  kl_loss      : 0.0000
  train_acc    : 0.9953
  epoch_time   : 0m 17s
------------------------------
Training elapsed: 11m 40s

Epoch 40/159
----------
Epoch 40 summary:
  total_loss   : 3.7426
  cls_loss     : 0.4217
  triplet_loss : 0.5535
  kl_loss      : 0.0000
  train_acc    : 0.9938
  epoch_time   : 0m 17s
------------------------------
Training elapsed: 11m 57s

Epoch 41/159
----------
Epoch 41 summary:
  total_loss   : 3.7768
  cls_loss     : 0.4394
  triplet_loss : 0.5562
  kl_loss      : 0.0000
  train_acc    : 0.9906
  epoch_time   : 0m 18s
------------------------------
Training elapsed: 12m 15s

Epoch 42/159
----------
Epoch 42 summary:
  total_loss   : 3.7434
  cls_loss     : 0.4210
  triplet_loss : 0.5537
  kl_loss      : 0.0000
  train_acc    : 0.9891
  epoch_time   : 0m 17s
------------------------------
Training elapsed: 12m 32s

Epoch 43/159
----------
Epoch 43 summary:
  total_loss   : 3.7211
  cls_loss     : 0.3945
  triplet_loss : 0.5544
  kl_loss      : 0.0000
  train_acc    : 0.9891
  epoch_time   : 0m 17s
------------------------------
Training elapsed: 12m 49s

Epoch 44/159
----------
Epoch 44 summary:
  total_loss   : 3.6594
  cls_loss     : 0.3590
  triplet_loss : 0.5501
  kl_loss      : 0.0000
  train_acc    : 0.9906
  epoch_time   : 0m 18s
------------------------------
Training elapsed: 13m 7s

Epoch 45/159
----------
Epoch 45 summary:
  total_loss   : 3.6395
  cls_loss     : 0.3381
  triplet_loss : 0.5502
  kl_loss      : 0.0000
  train_acc    : 0.9953
  epoch_time   : 0m 17s
------------------------------
Training elapsed: 13m 23s

Epoch 46/159
----------
Epoch 46 summary:
  total_loss   : 3.6388
  cls_loss     : 0.3447
  triplet_loss : 0.5490
  kl_loss      : 0.0000
  train_acc    : 0.9953
  epoch_time   : 0m 18s
------------------------------
Training elapsed: 13m 42s

Epoch 47/159
----------
Epoch 47 summary:
  total_loss   : 3.6173
  cls_loss     : 0.3302
  triplet_loss : 0.5479
  kl_loss      : 0.0000
  train_acc    : 0.9906
  epoch_time   : 0m 17s
------------------------------
Training elapsed: 13m 59s

Epoch 48/159
----------
Epoch 48 summary:
  total_loss   : 3.5876
  cls_loss     : 0.3128
  triplet_loss : 0.5458
  kl_loss      : 0.0000
  train_acc    : 0.9922
  epoch_time   : 0m 17s
------------------------------
Training elapsed: 14m 16s

Epoch 49/159
----------
Epoch 49 summary:
  total_loss   : 3.6369
  cls_loss     : 0.3532
  triplet_loss : 0.5473
  kl_loss      : 0.0000
  train_acc    : 0.9922
  epoch_time   : 0m 18s
------------------------------
Training elapsed: 14m 34s

Epoch 50/159
----------
Epoch 50 summary:
  total_loss   : 3.6078
  cls_loss     : 0.3192
  triplet_loss : 0.5481
  kl_loss      : 0.0000
  train_acc    : 0.9938
  epoch_time   : 0m 17s
------------------------------
Training elapsed: 14m 51s

Epoch 51/159
----------
Epoch 51 summary:
  total_loss   : 3.6393
  cls_loss     : 0.3607
  triplet_loss : 0.5464
  kl_loss      : 0.0000
  train_acc    : 0.9969
  epoch_time   : 0m 18s
------------------------------
Training elapsed: 15m 9s

Epoch 52/159
----------
Epoch 52 summary:
  total_loss   : 3.5909
  cls_loss     : 0.3099
  triplet_loss : 0.5468
  kl_loss      : 0.0000
  train_acc    : 0.9938
  epoch_time   : 0m 17s
------------------------------
Training elapsed: 15m 26s

Epoch 53/159
----------
Epoch 53 summary:
  total_loss   : 3.6151
  cls_loss     : 0.3278
  triplet_loss : 0.5479
  kl_loss      : 0.0000
  train_acc    : 0.9953
  epoch_time   : 0m 18s
------------------------------
Training elapsed: 15m 44s

Epoch 54/159
----------
Epoch 54 summary:
  total_loss   : 3.5379
  cls_loss     : 0.2850
  triplet_loss : 0.5422
  kl_loss      : 0.0000
  train_acc    : 0.9891
  epoch_time   : 0m 17s
------------------------------
Training elapsed: 16m 2s

Epoch 55/159
----------
Epoch 55 summary:
  total_loss   : 3.5223
  cls_loss     : 0.2866
  triplet_loss : 0.5393
  kl_loss      : 0.0000
  train_acc    : 0.9938
  epoch_time   : 0m 18s
------------------------------
Training elapsed: 16m 20s

Epoch 56/159
----------
Epoch 56 summary:
  total_loss   : 3.4578
  cls_loss     : 0.2414
  triplet_loss : 0.5361
  kl_loss      : 0.0000
  train_acc    : 0.9953
  epoch_time   : 0m 17s
------------------------------
Training elapsed: 16m 37s

Epoch 57/159
----------
Epoch 57 summary:
  total_loss   : 3.5200
  cls_loss     : 0.2732
  triplet_loss : 0.5411
  kl_loss      : 0.0000
  train_acc    : 0.9969
  epoch_time   : 0m 18s
------------------------------
Training elapsed: 16m 55s

Epoch 58/159
----------
Epoch 58 summary:
  total_loss   : 3.4989
  cls_loss     : 0.2694
  triplet_loss : 0.5383
  kl_loss      : 0.0000
  train_acc    : 0.9953
  epoch_time   : 0m 16s
------------------------------
Training elapsed: 17m 11s

Epoch 59/159
----------
Epoch 59 summary:
  total_loss   : 3.5113
  cls_loss     : 0.2668
  triplet_loss : 0.5407
  kl_loss      : 0.0000
  train_acc    : 0.9922
  epoch_time   : 0m 18s
------------------------------
Training elapsed: 17m 29s

Epoch 60/159
----------
Epoch 60 summary:
  total_loss   : 3.4516
  cls_loss     : 0.2364
  triplet_loss : 0.5359
  kl_loss      : 0.0000
  train_acc    : 0.9922
  epoch_time   : 0m 17s
------------------------------
Training elapsed: 17m 46s

Epoch 61/159
----------
Epoch 61 summary:
  total_loss   : 3.4888
  cls_loss     : 0.2501
  triplet_loss : 0.5398
  kl_loss      : 0.0000
  train_acc    : 0.9953
  epoch_time   : 0m 17s
------------------------------
Training elapsed: 18m 3s

Epoch 62/159
----------
Epoch 62 summary:
  total_loss   : 3.4473
  cls_loss     : 0.2461
  triplet_loss : 0.5335
  kl_loss      : 0.0000
  train_acc    : 0.9953
  epoch_time   : 0m 17s
------------------------------
Training elapsed: 18m 20s

Epoch 63/159
----------
Epoch 63 summary:
  total_loss   : 3.4463
  cls_loss     : 0.2419
  triplet_loss : 0.5341
  kl_loss      : 0.0000
  train_acc    : 0.9969
  epoch_time   : 0m 17s
------------------------------
Training elapsed: 18m 37s

Epoch 64/159
----------
Epoch 64 summary:
  total_loss   : 3.4614
  cls_loss     : 0.2421
  triplet_loss : 0.5366
  kl_loss      : 0.0000
  train_acc    : 0.9969
  epoch_time   : 0m 17s
------------------------------
Training elapsed: 18m 55s

Epoch 65/159
----------
Epoch 65 summary:
  total_loss   : 3.4317
  cls_loss     : 0.2318
  triplet_loss : 0.5333
  kl_loss      : 0.0000
  train_acc    : 0.9984
  epoch_time   : 0m 17s
------------------------------
Training elapsed: 19m 11s

Epoch 66/159
----------
Epoch 66 summary:
  total_loss   : 3.4276
  cls_loss     : 0.2272
  triplet_loss : 0.5334
  kl_loss      : 0.0000
  train_acc    : 0.9938
  epoch_time   : 0m 17s
------------------------------
Training elapsed: 19m 29s

Epoch 67/159
----------
Epoch 67 summary:
  total_loss   : 3.4127
  cls_loss     : 0.2260
  triplet_loss : 0.5311
  kl_loss      : 0.0000
  train_acc    : 0.9922
  epoch_time   : 0m 18s
------------------------------
Training elapsed: 19m 46s

Epoch 68/159
----------
Epoch 68 summary:
  total_loss   : 3.4339
  cls_loss     : 0.2415
  triplet_loss : 0.5321
  kl_loss      : 0.0000
  train_acc    : 0.9938
  epoch_time   : 0m 17s
------------------------------
Training elapsed: 20m 3s

Epoch 69/159
----------
Epoch 69 summary:
  total_loss   : 3.3909
  cls_loss     : 0.2058
  triplet_loss : 0.5309
  kl_loss      : 0.0000
  train_acc    : 0.9984
  epoch_time   : 0m 17s
------------------------------
Training elapsed: 20m 21s

Epoch 70/159
----------
Epoch 70 summary:
  total_loss   : 3.4430
  cls_loss     : 0.2456
  triplet_loss : 0.5329
  kl_loss      : 0.0000
  train_acc    : 0.9938
  epoch_time   : 0m 18s
------------------------------
Training elapsed: 20m 39s

Epoch 71/159
----------
Epoch 71 summary:
  total_loss   : 3.4028
  cls_loss     : 0.2189
  triplet_loss : 0.5306
  kl_loss      : 0.0000
  train_acc    : 0.9969
  epoch_time   : 0m 18s
------------------------------
Training elapsed: 20m 57s

Epoch 72/159
----------
Epoch 72 summary:
  total_loss   : 3.3922
  cls_loss     : 0.2234
  triplet_loss : 0.5281
  kl_loss      : 0.0000
  train_acc    : 0.9906
  epoch_time   : 0m 18s
------------------------------
Training elapsed: 21m 15s

Epoch 73/159
----------
Epoch 73 summary:
  total_loss   : 3.4037
  cls_loss     : 0.2165
  triplet_loss : 0.5312
  kl_loss      : 0.0000
  train_acc    : 0.9969
  epoch_time   : 0m 18s
------------------------------
Training elapsed: 21m 34s

Epoch 74/159
----------
Epoch 74 summary:
  total_loss   : 3.3462
  cls_loss     : 0.1874
  triplet_loss : 0.5265
  kl_loss      : 0.0000
  train_acc    : 0.9953
  epoch_time   : 0m 17s
------------------------------
Training elapsed: 21m 51s

Epoch 75/159
----------
Epoch 75 summary:
  total_loss   : 3.3501
  cls_loss     : 0.1914
  triplet_loss : 0.5264
  kl_loss      : 0.0000
  train_acc    : 0.9969
  epoch_time   : 0m 17s
------------------------------
Training elapsed: 22m 8s

Epoch 76/159
----------
Epoch 76 summary:
  total_loss   : 3.3495
  cls_loss     : 0.1954
  triplet_loss : 0.5257
  kl_loss      : 0.0000
  train_acc    : 0.9938
  epoch_time   : 0m 17s
------------------------------
Training elapsed: 22m 25s

Epoch 77/159
----------
Epoch 77 summary:
  total_loss   : 3.3552
  cls_loss     : 0.1893
  triplet_loss : 0.5277
  kl_loss      : 0.0000
  train_acc    : 1.0000
  epoch_time   : 0m 18s
------------------------------
Training elapsed: 22m 43s

Epoch 78/159
----------
Epoch 78 summary:
  total_loss   : 3.3410
  cls_loss     : 0.1783
  triplet_loss : 0.5271
  kl_loss      : 0.0000
  train_acc    : 0.9953
  epoch_time   : 0m 18s
------------------------------
Training elapsed: 23m 2s

Epoch 79/159
----------
Epoch 79 summary:
  total_loss   : 3.3629
  cls_loss     : 0.2092
  triplet_loss : 0.5256
  kl_loss      : 0.0000
  train_acc    : 0.9969
  epoch_time   : 0m 18s
------------------------------
Training elapsed: 23m 20s

Epoch 80/159
----------
Epoch 80 summary:
  total_loss   : 3.2935
  cls_loss     : 0.1650
  triplet_loss : 0.5214
  kl_loss      : 0.0000
  train_acc    : 0.9969
  epoch_time   : 0m 18s
------------------------------
Training elapsed: 23m 38s

Epoch 81/159
----------
Epoch 81 summary:
  total_loss   : 3.3138
  cls_loss     : 0.1715
  triplet_loss : 0.5237
  kl_loss      : 0.0000
  train_acc    : 0.9922
  epoch_time   : 0m 18s
------------------------------
Training elapsed: 23m 56s

Epoch 82/159
----------
Epoch 82 summary:
  total_loss   : 3.3229
  cls_loss     : 0.1826
  triplet_loss : 0.5234
  kl_loss      : 0.0000
  train_acc    : 0.9984
  epoch_time   : 0m 18s
------------------------------
Training elapsed: 24m 14s

Epoch 83/159
----------
Epoch 83 summary:
  total_loss   : 3.3256
  cls_loss     : 0.1755
  triplet_loss : 0.5250
  kl_loss      : 0.0000
  train_acc    : 0.9953
  epoch_time   : 0m 18s
------------------------------
Training elapsed: 24m 33s

Epoch 84/159
----------
Epoch 84 summary:
  total_loss   : 3.3183
  cls_loss     : 0.1776
  triplet_loss : 0.5235
  kl_loss      : 0.0000
  train_acc    : 0.9953
  epoch_time   : 0m 18s
------------------------------
Training elapsed: 24m 51s

Epoch 85/159
----------
Epoch 85 summary:
  total_loss   : 3.3036
  cls_loss     : 0.1664
  triplet_loss : 0.5229
  kl_loss      : 0.0000
  train_acc    : 0.9984
  epoch_time   : 0m 18s
------------------------------
Training elapsed: 25m 9s

Epoch 86/159
----------
Epoch 86 summary:
  total_loss   : 3.2983
  cls_loss     : 0.1719
  triplet_loss : 0.5211
  kl_loss      : 0.0000
  train_acc    : 0.9969
  epoch_time   : 0m 18s
------------------------------
Training elapsed: 25m 27s

Epoch 87/159
----------
Epoch 87 summary:
  total_loss   : 3.3368
  cls_loss     : 0.1849
  triplet_loss : 0.5253
  kl_loss      : 0.0000
  train_acc    : 1.0000
  epoch_time   : 0m 17s
------------------------------
Training elapsed: 25m 45s

Epoch 88/159
----------
Epoch 88 summary:
  total_loss   : 3.2534
  cls_loss     : 0.1499
  triplet_loss : 0.5173
  kl_loss      : 0.0000
  train_acc    : 0.9969
  epoch_time   : 0m 18s
------------------------------
Training elapsed: 26m 2s

Epoch 89/159
----------
Epoch 89 summary:
  total_loss   : 3.2451
  cls_loss     : 0.1373
  triplet_loss : 0.5180
  kl_loss      : 0.0000
  train_acc    : 0.9984
  epoch_time   : 0m 18s
------------------------------
Training elapsed: 26m 21s

Epoch 90/159
----------
Epoch 90 summary:
  total_loss   : 3.2398
  cls_loss     : 0.1474
  triplet_loss : 0.5154
  kl_loss      : 0.0000
  train_acc    : 0.9953
  epoch_time   : 0m 18s
------------------------------
Training elapsed: 26m 39s

Epoch 91/159
----------
Epoch 91 summary:
  total_loss   : 3.3063
  cls_loss     : 0.1688
  triplet_loss : 0.5229
  kl_loss      : 0.0000
  train_acc    : 0.9969
  epoch_time   : 0m 17s
------------------------------
Training elapsed: 26m 56s

Epoch 92/159
----------
Epoch 92 summary:
  total_loss   : 3.2745
  cls_loss     : 0.1738
  triplet_loss : 0.5168
  kl_loss      : 0.0000
  train_acc    : 0.9953
  epoch_time   : 0m 18s
------------------------------
Training elapsed: 27m 14s

Epoch 93/159
----------
Epoch 93 summary:
  total_loss   : 3.2449
  cls_loss     : 0.1517
  triplet_loss : 0.5155
  kl_loss      : 0.0000
  train_acc    : 0.9953
  epoch_time   : 0m 17s
------------------------------
Training elapsed: 27m 31s

Epoch 94/159
----------
Epoch 94 summary:
  total_loss   : 3.2642
  cls_loss     : 0.1695
  triplet_loss : 0.5158
  kl_loss      : 0.0000
  train_acc    : 0.9969
  epoch_time   : 0m 18s
------------------------------
Training elapsed: 27m 48s

Epoch 95/159
----------
Epoch 95 summary:
  total_loss   : 3.2625
  cls_loss     : 0.1496
  triplet_loss : 0.5188
  kl_loss      : 0.0000
  train_acc    : 0.9953
  epoch_time   : 0m 17s
------------------------------
Training elapsed: 28m 5s

Epoch 96/159
----------
Epoch 96 summary:
  total_loss   : 3.2792
  cls_loss     : 0.1685
  triplet_loss : 0.5185
  kl_loss      : 0.0000
  train_acc    : 0.9953
  epoch_time   : 0m 17s
------------------------------
Training elapsed: 28m 22s

Epoch 97/159
----------
Epoch 97 summary:
  total_loss   : 3.2628
  cls_loss     : 0.1607
  triplet_loss : 0.5170
  kl_loss      : 0.0000
  train_acc    : 0.9953
  epoch_time   : 0m 17s
------------------------------
Training elapsed: 28m 40s

Epoch 98/159
----------
Epoch 98 summary:
  total_loss   : 3.2431
  cls_loss     : 0.1587
  triplet_loss : 0.5141
  kl_loss      : 0.0000
  train_acc    : 0.9953
  epoch_time   : 0m 18s
------------------------------
Training elapsed: 28m 58s

Epoch 99/159
----------
Epoch 99 summary:
  total_loss   : 3.2513
  cls_loss     : 0.1635
  triplet_loss : 0.5146
  kl_loss      : 0.0000
  train_acc    : 0.9984
  epoch_time   : 0m 17s
------------------------------
Training elapsed: 29m 16s

Epoch 100/159
----------
Epoch 100 summary:
  total_loss   : 3.2692
  cls_loss     : 0.1463
  triplet_loss : 0.5205
  kl_loss      : 0.0000
  train_acc    : 0.9938
  epoch_time   : 0m 17s
------------------------------
Training elapsed: 29m 33s

Epoch 101/159
----------
Epoch 101 summary:
  total_loss   : 3.2161
  cls_loss     : 0.1288
  triplet_loss : 0.5145
  kl_loss      : 0.0000
  train_acc    : 0.9969
  epoch_time   : 0m 18s
------------------------------
Training elapsed: 29m 51s

Epoch 102/159
----------
Epoch 102 summary:
  total_loss   : 3.2331
  cls_loss     : 0.1438
  triplet_loss : 0.5149
  kl_loss      : 0.0000
  train_acc    : 0.9969
  epoch_time   : 0m 18s
------------------------------
Training elapsed: 30m 9s

Epoch 103/159
----------
Epoch 103 summary:
  total_loss   : 3.2645
  cls_loss     : 0.1625
  triplet_loss : 0.5170
  kl_loss      : 0.0000
  train_acc    : 0.9953
  epoch_time   : 0m 18s
------------------------------
Training elapsed: 30m 27s

Epoch 104/159
----------
Epoch 104 summary:
  total_loss   : 3.2187
  cls_loss     : 0.1435
  triplet_loss : 0.5125
  kl_loss      : 0.0000
  train_acc    : 0.9969
  epoch_time   : 0m 18s
------------------------------
Training elapsed: 30m 45s

Epoch 105/159
----------
Epoch 105 summary:
  total_loss   : 3.2461
  cls_loss     : 0.1572
  triplet_loss : 0.5148
  kl_loss      : 0.0000
  train_acc    : 0.9969
  epoch_time   : 0m 18s
------------------------------
Training elapsed: 31m 3s

Epoch 106/159
----------
Epoch 106 summary:
  total_loss   : 3.2020
  cls_loss     : 0.1306
  triplet_loss : 0.5119
  kl_loss      : 0.0000
  train_acc    : 0.9969
  epoch_time   : 0m 17s
------------------------------
Training elapsed: 31m 20s

Epoch 107/159
----------
Epoch 107 summary:
  total_loss   : 3.2352
  cls_loss     : 0.1478
  triplet_loss : 0.5146
  kl_loss      : 0.0000
  train_acc    : 0.9953
  epoch_time   : 0m 18s
------------------------------
Training elapsed: 31m 38s

Epoch 108/159
----------
Epoch 108 summary:
  total_loss   : 3.1844
  cls_loss     : 0.1238
  triplet_loss : 0.5101
  kl_loss      : 0.0000
  train_acc    : 0.9953
  epoch_time   : 0m 17s
------------------------------
Training elapsed: 31m 56s

Epoch 109/159
----------
Epoch 109 summary:
  total_loss   : 3.2070
  cls_loss     : 0.1447
  triplet_loss : 0.5104
  kl_loss      : 0.0000
  train_acc    : 0.9922
  epoch_time   : 0m 18s
------------------------------
Training elapsed: 32m 14s

Epoch 110/159
----------
Epoch 110 summary:
  total_loss   : 3.2268
  cls_loss     : 0.1467
  triplet_loss : 0.5133
  kl_loss      : 0.0000
  train_acc    : 0.9969
  epoch_time   : 0m 17s
------------------------------
Training elapsed: 32m 31s

Epoch 111/159
----------
Epoch 111 summary:
  total_loss   : 3.1924
  cls_loss     : 0.1231
  triplet_loss : 0.5116
  kl_loss      : 0.0000
  train_acc    : 0.9938
  epoch_time   : 0m 18s
------------------------------
Training elapsed: 32m 49s

Epoch 112/159
----------
Epoch 112 summary:
  total_loss   : 3.2225
  cls_loss     : 0.1474
  triplet_loss : 0.5125
  kl_loss      : 0.0000
  train_acc    : 0.9984
  epoch_time   : 0m 17s
------------------------------
Training elapsed: 33m 6s

Epoch 113/159
----------
Epoch 113 summary:
  total_loss   : 3.1886
  cls_loss     : 0.1333
  triplet_loss : 0.5092
  kl_loss      : 0.0000
  train_acc    : 0.9984
  epoch_time   : 0m 18s
------------------------------
Training elapsed: 33m 24s

Epoch 114/159
----------
Epoch 114 summary:
  total_loss   : 3.2167
  cls_loss     : 0.1276
  triplet_loss : 0.5149
  kl_loss      : 0.0000
  train_acc    : 0.9984
  epoch_time   : 0m 18s
------------------------------
Training elapsed: 33m 42s

Epoch 115/159
----------
Epoch 115 summary:
  total_loss   : 3.1906
  cls_loss     : 0.1299
  triplet_loss : 0.5101
  kl_loss      : 0.0000
  train_acc    : 0.9984
  epoch_time   : 0m 17s
------------------------------
Training elapsed: 33m 59s

Epoch 116/159
----------
Epoch 116 summary:
  total_loss   : 3.1943
  cls_loss     : 0.1326
  triplet_loss : 0.5103
  kl_loss      : 0.0000
  train_acc    : 0.9984
  epoch_time   : 0m 17s
------------------------------
Training elapsed: 34m 15s

Epoch 117/159
----------
Epoch 117 summary:
  total_loss   : 3.1727
  cls_loss     : 0.1088
  triplet_loss : 0.5107
  kl_loss      : 0.0000
  train_acc    : 0.9984
  epoch_time   : 0m 18s
------------------------------
Training elapsed: 34m 33s

Epoch 118/159
----------
Epoch 118 summary:
  total_loss   : 3.1994
  cls_loss     : 0.1252
  triplet_loss : 0.5124
  kl_loss      : 0.0000
  train_acc    : 0.9969
  epoch_time   : 0m 18s
------------------------------
Training elapsed: 34m 51s

Epoch 119/159
----------
Epoch 119 summary:
  total_loss   : 3.1612
  cls_loss     : 0.1063
  triplet_loss : 0.5092
  kl_loss      : 0.0000
  train_acc    : 0.9969
  epoch_time   : 0m 17s
------------------------------
Training elapsed: 35m 9s

Epoch 120/159
----------
Epoch 120 summary:
  total_loss   : 3.1812
  cls_loss     : 0.1328
  triplet_loss : 0.5081
  kl_loss      : 0.0000
  train_acc    : 0.9984
  epoch_time   : 0m 18s
------------------------------
Training elapsed: 35m 27s

Epoch 121/159
----------
Epoch 121 summary:
  total_loss   : 3.1762
  cls_loss     : 0.1296
  triplet_loss : 0.5078
  kl_loss      : 0.0000
  train_acc    : 0.9969
  epoch_time   : 0m 18s
------------------------------
Training elapsed: 35m 44s

Epoch 122/159
----------
Epoch 122 summary:
  total_loss   : 3.1547
  cls_loss     : 0.1227
  triplet_loss : 0.5053
  kl_loss      : 0.0000
  train_acc    : 0.9984
  epoch_time   : 0m 17s
------------------------------
Training elapsed: 36m 2s

Epoch 123/159
----------
Epoch 123 summary:
  total_loss   : 3.1998
  cls_loss     : 0.1269
  triplet_loss : 0.5121
  kl_loss      : 0.0000
  train_acc    : 0.9984
  epoch_time   : 0m 18s
------------------------------
Training elapsed: 36m 20s

Epoch 124/159
----------
Epoch 124 summary:
  total_loss   : 3.1965
  cls_loss     : 0.1385
  triplet_loss : 0.5097
  kl_loss      : 0.0000
  train_acc    : 0.9953
  epoch_time   : 0m 17s
------------------------------
Training elapsed: 36m 36s

Epoch 125/159
----------
Epoch 125 summary:
  total_loss   : 3.1531
  cls_loss     : 0.1072
  triplet_loss : 0.5076
  kl_loss      : 0.0000
  train_acc    : 0.9969
  epoch_time   : 0m 18s
------------------------------
Training elapsed: 36m 54s

Epoch 126/159
----------
Epoch 126 summary:
  total_loss   : 3.1744
  cls_loss     : 0.1263
  triplet_loss : 0.5080
  kl_loss      : 0.0000
  train_acc    : 0.9953
  epoch_time   : 0m 18s
------------------------------
Training elapsed: 37m 12s

Epoch 127/159
----------
Epoch 127 summary:
  total_loss   : 3.1416
  cls_loss     : 0.1083
  triplet_loss : 0.5055
  kl_loss      : 0.0000
  train_acc    : 0.9969
  epoch_time   : 0m 17s
------------------------------
Training elapsed: 37m 30s

Epoch 128/159
----------
Epoch 128 summary:
  total_loss   : 3.2344
  cls_loss     : 0.1469
  triplet_loss : 0.5146
  kl_loss      : 0.0000
  train_acc    : 0.9953
  epoch_time   : 0m 18s
------------------------------
Training elapsed: 37m 48s

Epoch 129/159
----------
Epoch 129 summary:
  total_loss   : 3.1634
  cls_loss     : 0.1223
  triplet_loss : 0.5069
  kl_loss      : 0.0000
  train_acc    : 0.9953
  epoch_time   : 0m 18s
------------------------------
Training elapsed: 38m 6s

Epoch 130/159
----------
Epoch 130 summary:
  total_loss   : 3.1913
  cls_loss     : 0.1438
  triplet_loss : 0.5079
  kl_loss      : 0.0000
  train_acc    : 0.9969
  epoch_time   : 0m 18s
------------------------------
Training elapsed: 38m 24s

Epoch 131/159
----------
Epoch 131 summary:
  total_loss   : 3.1753
  cls_loss     : 0.1255
  triplet_loss : 0.5083
  kl_loss      : 0.0000
  train_acc    : 0.9969
  epoch_time   : 0m 17s
------------------------------
Training elapsed: 38m 41s

Epoch 132/159
----------
Epoch 132 summary:
  total_loss   : 3.1702
  cls_loss     : 0.1168
  triplet_loss : 0.5089
  kl_loss      : 0.0000
  train_acc    : 0.9984
  epoch_time   : 0m 17s
------------------------------
Training elapsed: 38m 59s

Epoch 133/159
----------
Epoch 133 summary:
  total_loss   : 3.1687
  cls_loss     : 0.1214
  triplet_loss : 0.5079
  kl_loss      : 0.0000
  train_acc    : 0.9969
  epoch_time   : 0m 18s
------------------------------
Training elapsed: 39m 17s

Epoch 134/159
----------
Epoch 134 summary:
  total_loss   : 3.1483
  cls_loss     : 0.1098
  triplet_loss : 0.5064
  kl_loss      : 0.0000
  train_acc    : 0.9984
  epoch_time   : 0m 18s
------------------------------
Training elapsed: 39m 35s

Epoch 135/159
----------
Epoch 135 summary:
  total_loss   : 3.1752
  cls_loss     : 0.1194
  triplet_loss : 0.5093
  kl_loss      : 0.0000
  train_acc    : 0.9953
  epoch_time   : 0m 18s
------------------------------
Training elapsed: 39m 53s

Epoch 136/159
----------
Epoch 136 summary:
  total_loss   : 3.1444
  cls_loss     : 0.1018
  triplet_loss : 0.5071
  kl_loss      : 0.0000
  train_acc    : 0.9969
  epoch_time   : 0m 18s
------------------------------
Training elapsed: 40m 11s

Epoch 137/159
----------
Epoch 137 summary:
  total_loss   : 3.1848
  cls_loss     : 0.1284
  triplet_loss : 0.5094
  kl_loss      : 0.0000
  train_acc    : 0.9953
  epoch_time   : 0m 18s
------------------------------
Training elapsed: 40m 28s

Epoch 138/159
----------
Epoch 138 summary:
  total_loss   : 3.1798
  cls_loss     : 0.1205
  triplet_loss : 0.5099
  kl_loss      : 0.0000
  train_acc    : 0.9953
  epoch_time   : 0m 17s
------------------------------
Training elapsed: 40m 46s

Epoch 139/159
----------
Epoch 139 summary:
  total_loss   : 3.1627
  cls_loss     : 0.1205
  triplet_loss : 0.5070
  kl_loss      : 0.0000
  train_acc    : 0.9984
  epoch_time   : 0m 17s
------------------------------
Training elapsed: 41m 3s

Epoch 140/159
----------
Epoch 140 summary:
  total_loss   : 3.1830
  cls_loss     : 0.1286
  triplet_loss : 0.5091
  kl_loss      : 0.0000
  train_acc    : 0.9953
  epoch_time   : 0m 18s
------------------------------
Training elapsed: 41m 22s

Epoch 141/159
----------
Epoch 141 summary:
  total_loss   : 3.1763
  cls_loss     : 0.1264
  triplet_loss : 0.5083
  kl_loss      : 0.0000
  train_acc    : 0.9969
  epoch_time   : 0m 18s
------------------------------
Training elapsed: 41m 39s

Epoch 142/159
----------
Epoch 142 summary:
  total_loss   : 3.1760
  cls_loss     : 0.1094
  triplet_loss : 0.5111
  kl_loss      : 0.0000
  train_acc    : 0.9984
  epoch_time   : 0m 18s
------------------------------
Training elapsed: 41m 57s

Epoch 143/159
----------
Epoch 143 summary:
  total_loss   : 3.1394
  cls_loss     : 0.1054
  triplet_loss : 0.5057
  kl_loss      : 0.0000
  train_acc    : 0.9984
  epoch_time   : 0m 17s
------------------------------
Training elapsed: 42m 15s

Epoch 144/159
----------
Epoch 144 summary:
  total_loss   : 3.1728
  cls_loss     : 0.1168
  triplet_loss : 0.5093
  kl_loss      : 0.0000
  train_acc    : 0.9984
  epoch_time   : 0m 17s
------------------------------
Training elapsed: 42m 32s

Epoch 145/159
----------
Epoch 145 summary:
  total_loss   : 3.1460
  cls_loss     : 0.1112
  triplet_loss : 0.5058
  kl_loss      : 0.0000
  train_acc    : 0.9969
  epoch_time   : 0m 18s
------------------------------
Training elapsed: 42m 50s

Epoch 146/159
----------
Epoch 146 summary:
  total_loss   : 3.1409
  cls_loss     : 0.1125
  triplet_loss : 0.5047
  kl_loss      : 0.0000
  train_acc    : 0.9984
  epoch_time   : 0m 17s
------------------------------
Training elapsed: 43m 7s

Epoch 147/159
----------
Epoch 147 summary:
  total_loss   : 3.1599
  cls_loss     : 0.1179
  triplet_loss : 0.5070
  kl_loss      : 0.0000
  train_acc    : 0.9984
  epoch_time   : 0m 17s
------------------------------
Training elapsed: 43m 24s

Epoch 148/159
----------
Epoch 148 summary:
  total_loss   : 3.1406
  cls_loss     : 0.1181
  triplet_loss : 0.5037
  kl_loss      : 0.0000
  train_acc    : 0.9984
  epoch_time   : 0m 17s
------------------------------
Training elapsed: 43m 40s

Epoch 149/159
----------
Epoch 149 summary:
  total_loss   : 3.1507
  cls_loss     : 0.1083
  triplet_loss : 0.5071
  kl_loss      : 0.0000
  train_acc    : 0.9953
  epoch_time   : 0m 17s
------------------------------
Training elapsed: 43m 58s

Epoch 150/159
----------
Epoch 150 summary:
  total_loss   : 3.1427
  cls_loss     : 0.1044
  triplet_loss : 0.5064
  kl_loss      : 0.0000
  train_acc    : 0.9953
  epoch_time   : 0m 18s
------------------------------
Training elapsed: 44m 16s

Epoch 151/159
----------
Epoch 151 summary:
  total_loss   : 3.1570
  cls_loss     : 0.1209
  triplet_loss : 0.5060
  kl_loss      : 0.0000
  train_acc    : 0.9984
  epoch_time   : 0m 18s
------------------------------
Training elapsed: 44m 34s

Epoch 152/159
----------
Epoch 152 summary:
  total_loss   : 3.1902
  cls_loss     : 0.1139
  triplet_loss : 0.5127
  kl_loss      : 0.0000
  train_acc    : 0.9953
  epoch_time   : 0m 18s
------------------------------
Training elapsed: 44m 52s

Epoch 153/159
----------
Epoch 153 summary:
  total_loss   : 3.1419
  cls_loss     : 0.1165
  triplet_loss : 0.5042
  kl_loss      : 0.0000
  train_acc    : 0.9953
  epoch_time   : 0m 17s
------------------------------
Training elapsed: 45m 9s

Epoch 154/159
----------
Epoch 154 summary:
  total_loss   : 3.1455
  cls_loss     : 0.1333
  triplet_loss : 0.5020
  kl_loss      : 0.0000
  train_acc    : 0.9969
  epoch_time   : 0m 17s
------------------------------
Training elapsed: 45m 27s

Epoch 155/159
----------
Epoch 155 summary:
  total_loss   : 3.1284
  cls_loss     : 0.1096
  triplet_loss : 0.5031
  kl_loss      : 0.0000
  train_acc    : 0.9953
  epoch_time   : 0m 18s
------------------------------
Training elapsed: 45m 45s

Epoch 156/159
----------
Epoch 156 summary:
  total_loss   : 3.1683
  cls_loss     : 0.1216
  triplet_loss : 0.5078
  kl_loss      : 0.0000
  train_acc    : 0.9969
  epoch_time   : 0m 18s
------------------------------
Training elapsed: 46m 3s

Epoch 157/159
----------
Epoch 157 summary:
  total_loss   : 3.1677
  cls_loss     : 0.1200
  triplet_loss : 0.5080
  kl_loss      : 0.0000
  train_acc    : 0.9984
  epoch_time   : 0m 17s
------------------------------
Training elapsed: 46m 20s

Epoch 158/159
----------
Epoch 158 summary:
  total_loss   : 3.1597
  cls_loss     : 0.1190
  triplet_loss : 0.5068
  kl_loss      : 0.0000
  train_acc    : 0.9953
  epoch_time   : 0m 18s
------------------------------
Training elapsed: 46m 38s

Epoch 159/159
----------
Epoch 159 summary:
  total_loss   : 3.1664
  cls_loss     : 0.1286
  triplet_loss : 0.5063
  kl_loss      : 0.0000
  train_acc    : 0.9984
  epoch_time   : 0m 17s
------------------------------
Training elapsed: 46m 55s

