===== Environment Info =====
Date: 2025年 12月 01日 星期一 18:14:15 CST
Host: ps
GPU: NVIDIA L40, 46068 MiB, 565.57.01
CUDA: (nvcc not found)
PyTorch: 2.1.2+cu121
Config: DropPath=0.25, Erase=0.25
-----------------------------
======= [1/2] TRAINING START =======
===== Environment Info =====
Date: 2025年 12月 01日 星期一 18:14:37 CST
Host: ps
GPU: NVIDIA L40, 46068 MiB, 565.57.01
CUDA: (nvcc not found)
PyTorch: 2.1.2+cu121
Config: DropPath=0.25, Erase=0.25
-----------------------------
======= [1/2] TRAINING START =======
✅ Training completed in 39 minutes.

======= [2/2] TESTING START =======
