[Resize(size=(384, 384), interpolation=bicubic, max_size=None, antialias=warn), Pad(padding=0, fill=0, padding_mode=edge), RandomCrop(size=(384, 384), padding=None), RandomHorizontalFlip(p=0.5), ToTensor(), Normalize(mean=[0.485, 0.456, 0.406], std=[0.229, 0.224, 0.225]), <datasets.random_erasing.RandomErasing object at 0x7fbbafafaeb0>]
Building PCT Model | Views: 2, Block: 3
=> [Model Strategy] Using PCT (Polar Transform) strictly for Dual-View.
=========== Building Model: PCT (Polar-Contrastive Transformer) ===========
=> using Transformer_type: ViT-Small-RoPE-OFFICIAL (timm) as backbone
=> pretrain: /home/ps/Code/wxm_project/Polar_Contrastive_Transfomer/main_project/pretrain_model/vit_small_patch16_rope_224_naver_in1k.pth
=> [OfficialRoPEViTSmall] loading pretrain from: /home/ps/Code/wxm_project/Polar_Contrastive_Transfomer/main_project/pretrain_model/vit_small_patch16_rope_224_naver_in1k.pth
=> [OfficialRoPEViTSmall] load_state_dict done. missing=0, unexpected=0
=> Optimizer Strategy: SGD with Differential Learning Rates.
   - Backbone LR: 0.024000 (0.3x)
   - Heads LR:    0.080000 (1.0x)
---------- Start Training -------------
Training Strategy Confirmed:
  >>> DropPath Rate: 0.25 (High for Robustness)
Traceback (most recent call last):
  File "train.py", line 273, in <module>
    train_model(model, opt, optimizer_ft, exp_lr_scheduler, dataloaders, dataset_sizes)
  File "train.py", line 86, in train_model
    print(f"  >>> Weight Decay : {opt.weight_decay} (High for Regularization)")
AttributeError: 'Namespace' object has no attribute 'weight_decay'
