[Resize(size=(384, 384), interpolation=bicubic, max_size=None, antialias=warn), Pad(padding=0, fill=0, padding_mode=edge), RandomCrop(size=(384, 384), padding=None), RandomHorizontalFlip(p=0.5), ToTensor(), Normalize(mean=[0.485, 0.456, 0.406], std=[0.229, 0.224, 0.225]), <datasets.random_erasing.RandomErasing object at 0x7f8aa084cdc0>]
Building PCT Model | Views: 2, Block: 3
=> [Model Strategy] Using PCT (Polar Transform) strictly for Dual-View.
=========== Building Model: PCT (Polar-Contrastive Transformer) ===========
=> using Transformer_type: ViT-Small-RoPE-OFFICIAL (timm) as backbone
=> pretrain: /home/ps/Code/wxm_project/Polar_Contrastive_Transfomer/main_project/pretrain_model/vit_small_patch16_rope_224_naver_in1k.pth
=> [OfficialRoPEViTSmall] loading pretrain from: /home/ps/Code/wxm_project/Polar_Contrastive_Transfomer/main_project/pretrain_model/vit_small_patch16_rope_224_naver_in1k.pth
=> [OfficialRoPEViTSmall] load_state_dict done. missing=0, unexpected=0
=> Optimizer Strategy: SGD with Differential Learning Rates.
   - Backbone LR: 0.024000 (0.3x)
   - Heads LR:    0.080000 (1.0x)
---------- Start Training -------------
Training Strategy Confirmed:
  >>> DropPath Rate: 0.25 (High for Robustness)
  >>> Weight Decay : 0.05 (High for Regularization)
  >>> Autocast     : False
Epoch 0/119
----------
Epoch 0 summary:
  total_loss   : 14.8118
  cls_loss     : 13.1103
  triplet_loss : 0.3781
  kl_loss      : 0.0000
  train_acc    : 0.0000
  epoch_time   : 0m 22s
------------------------------
Training elapsed: 0m 22s

Epoch 1/119
----------
Epoch 1 summary:
  total_loss   : 14.0995
  cls_loss     : 12.5726
  triplet_loss : 0.3393
  kl_loss      : 0.0000
  train_acc    : 0.0551
  epoch_time   : 0m 21s
------------------------------
Training elapsed: 0m 42s

Epoch 2/119
----------
Epoch 2 summary:
  total_loss   : 12.8443
  cls_loss     : 11.4275
  triplet_loss : 0.3148
  kl_loss      : 0.0000
  train_acc    : 0.1548
  epoch_time   : 0m 19s
------------------------------
Training elapsed: 1m 1s

Epoch 3/119
----------
Epoch 3 summary:
  total_loss   : 11.2579
  cls_loss     : 9.9431
  triplet_loss : 0.2922
  kl_loss      : 0.0000
  train_acc    : 0.3199
  epoch_time   : 0m 20s
------------------------------
Training elapsed: 1m 21s

Epoch 4/119
----------
Epoch 4 summary:
  total_loss   : 9.6658
  cls_loss     : 8.4281
  triplet_loss : 0.2750
  kl_loss      : 0.0000
  train_acc    : 0.4732
  epoch_time   : 0m 21s
------------------------------
Training elapsed: 1m 42s

Epoch 5/119
----------
Epoch 5 summary:
  total_loss   : 8.2498
  cls_loss     : 7.0721
  triplet_loss : 0.2617
  kl_loss      : 0.0000
  train_acc    : 0.6354
  epoch_time   : 0m 19s
------------------------------
Training elapsed: 2m 1s

Epoch 6/119
----------
Epoch 6 summary:
  total_loss   : 6.9020
  cls_loss     : 5.7603
  triplet_loss : 0.2537
  kl_loss      : 0.0000
  train_acc    : 0.7381
  epoch_time   : 0m 20s
------------------------------
Training elapsed: 2m 21s

Epoch 7/119
----------
Epoch 7 summary:
  total_loss   : 5.7604
  cls_loss     : 4.6759
  triplet_loss : 0.2410
  kl_loss      : 0.0000
  train_acc    : 0.8438
  epoch_time   : 0m 21s
------------------------------
Training elapsed: 2m 43s

Epoch 8/119
----------
Epoch 8 summary:
  total_loss   : 4.7229
  cls_loss     : 3.6732
  triplet_loss : 0.2333
  kl_loss      : 0.0000
  train_acc    : 0.8824
  epoch_time   : 0m 20s
------------------------------
Training elapsed: 3m 2s

Epoch 9/119
----------
Epoch 9 summary:
  total_loss   : 3.8555
  cls_loss     : 2.8524
  triplet_loss : 0.2229
  kl_loss      : 0.0000
  train_acc    : 0.9449
  epoch_time   : 0m 20s
------------------------------
Training elapsed: 3m 23s

Epoch 10/119
----------
Epoch 10 summary:
  total_loss   : 3.3001
  cls_loss     : 2.3118
  triplet_loss : 0.2196
  kl_loss      : 0.0000
  train_acc    : 0.9554
  epoch_time   : 0m 20s
------------------------------
Training elapsed: 3m 43s

Epoch 11/119
----------
Epoch 11 summary:
  total_loss   : 2.7316
  cls_loss     : 1.7708
  triplet_loss : 0.2135
  kl_loss      : 0.0000
  train_acc    : 0.9688
  epoch_time   : 0m 20s
------------------------------
Training elapsed: 4m 3s

Epoch 12/119
----------
Epoch 12 summary:
  total_loss   : 2.3118
  cls_loss     : 1.3923
  triplet_loss : 0.2043
  kl_loss      : 0.0000
  train_acc    : 0.9717
  epoch_time   : 0m 19s
------------------------------
Training elapsed: 4m 22s

Epoch 13/119
----------
Epoch 13 summary:
  total_loss   : 2.1117
  cls_loss     : 1.2033
  triplet_loss : 0.2019
  kl_loss      : 0.0000
  train_acc    : 0.9777
  epoch_time   : 0m 19s
------------------------------
Training elapsed: 4m 41s

Epoch 14/119
----------
Epoch 14 summary:
  total_loss   : 1.8605
  cls_loss     : 0.9767
  triplet_loss : 0.1964
  kl_loss      : 0.0000
  train_acc    : 0.9747
  epoch_time   : 0m 20s
------------------------------
Training elapsed: 5m 0s

Epoch 15/119
----------
Epoch 15 summary:
  total_loss   : 1.7286
  cls_loss     : 0.8637
  triplet_loss : 0.1922
  kl_loss      : 0.0000
  train_acc    : 0.9747
  epoch_time   : 0m 20s
------------------------------
Training elapsed: 5m 20s

Epoch 16/119
----------
Epoch 16 summary:
  total_loss   : 1.6274
  cls_loss     : 0.7685
  triplet_loss : 0.1909
  kl_loss      : 0.0000
  train_acc    : 0.9807
  epoch_time   : 0m 19s
------------------------------
Training elapsed: 5m 39s

Epoch 17/119
----------
Epoch 17 summary:
  total_loss   : 1.5200
  cls_loss     : 0.6807
  triplet_loss : 0.1865
  kl_loss      : 0.0000
  train_acc    : 0.9881
  epoch_time   : 0m 20s
------------------------------
Training elapsed: 5m 60s

Epoch 18/119
----------
Epoch 18 summary:
  total_loss   : 1.4578
  cls_loss     : 0.6293
  triplet_loss : 0.1841
  kl_loss      : 0.0000
  train_acc    : 0.9881
  epoch_time   : 0m 20s
------------------------------
Training elapsed: 6m 19s

Epoch 19/119
----------
Epoch 19 summary:
  total_loss   : 1.3589
  cls_loss     : 0.5443
  triplet_loss : 0.1810
  kl_loss      : 0.0000
  train_acc    : 0.9896
  epoch_time   : 0m 20s
------------------------------
Training elapsed: 6m 39s

Epoch 20/119
----------
Epoch 20 summary:
  total_loss   : 1.3874
  cls_loss     : 0.5670
  triplet_loss : 0.1823
  kl_loss      : 0.0000
  train_acc    : 0.9866
  epoch_time   : 0m 19s
------------------------------
Training elapsed: 6m 59s

Epoch 21/119
----------
Epoch 21 summary:
  total_loss   : 1.3224
  cls_loss     : 0.5175
  triplet_loss : 0.1789
  kl_loss      : 0.0000
  train_acc    : 0.9896
  epoch_time   : 0m 19s
------------------------------
Training elapsed: 7m 18s

Epoch 22/119
----------
Epoch 22 summary:
  total_loss   : 1.2942
  cls_loss     : 0.4921
  triplet_loss : 0.1782
  kl_loss      : 0.0000
  train_acc    : 0.9896
  epoch_time   : 0m 19s
------------------------------
Training elapsed: 7m 37s

Epoch 23/119
----------
Epoch 23 summary:
  total_loss   : 1.2530
  cls_loss     : 0.4614
  triplet_loss : 0.1759
  kl_loss      : 0.0000
  train_acc    : 0.9821
  epoch_time   : 0m 19s
------------------------------
Training elapsed: 7m 56s

Epoch 24/119
----------
Epoch 24 summary:
  total_loss   : 1.1985
  cls_loss     : 0.4255
  triplet_loss : 0.1718
  kl_loss      : 0.0000
  train_acc    : 0.9896
  epoch_time   : 0m 20s
------------------------------
Training elapsed: 8m 16s

Epoch 25/119
----------
Epoch 25 summary:
  total_loss   : 1.1795
  cls_loss     : 0.4046
  triplet_loss : 0.1722
  kl_loss      : 0.0000
  train_acc    : 0.9896
  epoch_time   : 0m 20s
------------------------------
Training elapsed: 8m 35s

Epoch 26/119
----------
Epoch 26 summary:
  total_loss   : 1.1699
  cls_loss     : 0.4056
  triplet_loss : 0.1698
  kl_loss      : 0.0000
  train_acc    : 0.9940
  epoch_time   : 0m 19s
------------------------------
Training elapsed: 8m 54s

Epoch 27/119
----------
Epoch 27 summary:
  total_loss   : 1.0854
  cls_loss     : 0.3417
  triplet_loss : 0.1653
  kl_loss      : 0.0000
  train_acc    : 0.9955
  epoch_time   : 0m 20s
------------------------------
Training elapsed: 9m 14s

Epoch 28/119
----------
Epoch 28 summary:
  total_loss   : 1.0641
  cls_loss     : 0.3307
  triplet_loss : 0.1630
  kl_loss      : 0.0000
  train_acc    : 0.9926
  epoch_time   : 0m 20s
------------------------------
Training elapsed: 9m 34s

Epoch 29/119
----------
Epoch 29 summary:
  total_loss   : 1.0686
  cls_loss     : 0.3243
  triplet_loss : 0.1654
  kl_loss      : 0.0000
  train_acc    : 0.9940
  epoch_time   : 0m 19s
------------------------------
Training elapsed: 9m 54s

Epoch 30/119
----------
Epoch 30 summary:
  total_loss   : 1.1149
  cls_loss     : 0.3729
  triplet_loss : 0.1649
  kl_loss      : 0.0000
  train_acc    : 0.9940
  epoch_time   : 0m 20s
------------------------------
Training elapsed: 10m 13s

Epoch 31/119
----------
Epoch 31 summary:
  total_loss   : 1.0654
  cls_loss     : 0.3239
  triplet_loss : 0.1648
  kl_loss      : 0.0000
  train_acc    : 0.9881
  epoch_time   : 0m 19s
------------------------------
Training elapsed: 10m 33s

Epoch 32/119
----------
Epoch 32 summary:
  total_loss   : 1.0715
  cls_loss     : 0.3522
  triplet_loss : 0.1598
  kl_loss      : 0.0000
  train_acc    : 0.9955
  epoch_time   : 0m 20s
------------------------------
Training elapsed: 10m 53s

Epoch 33/119
----------
Epoch 33 summary:
  total_loss   : 1.0173
  cls_loss     : 0.3027
  triplet_loss : 0.1588
  kl_loss      : 0.0000
  train_acc    : 0.9940
  epoch_time   : 0m 20s
------------------------------
Training elapsed: 11m 13s

Epoch 34/119
----------
Epoch 34 summary:
  total_loss   : 1.0149
  cls_loss     : 0.2994
  triplet_loss : 0.1590
  kl_loss      : 0.0000
  train_acc    : 0.9940
  epoch_time   : 0m 20s
------------------------------
Training elapsed: 11m 33s

Epoch 35/119
----------
Epoch 35 summary:
  total_loss   : 0.9901
  cls_loss     : 0.2884
  triplet_loss : 0.1559
  kl_loss      : 0.0000
  train_acc    : 0.9940
  epoch_time   : 0m 20s
------------------------------
Training elapsed: 11m 53s

Epoch 36/119
----------
Epoch 36 summary:
  total_loss   : 0.9693
  cls_loss     : 0.2752
  triplet_loss : 0.1542
  kl_loss      : 0.0000
  train_acc    : 0.9911
  epoch_time   : 0m 19s
------------------------------
Training elapsed: 12m 12s

Epoch 37/119
----------
Epoch 37 summary:
  total_loss   : 0.9900
  cls_loss     : 0.2880
  triplet_loss : 0.1560
  kl_loss      : 0.0000
  train_acc    : 0.9970
  epoch_time   : 0m 20s
------------------------------
Training elapsed: 12m 32s

Epoch 38/119
----------
Epoch 38 summary:
  total_loss   : 0.9484
  cls_loss     : 0.2594
  triplet_loss : 0.1531
  kl_loss      : 0.0000
  train_acc    : 0.9940
  epoch_time   : 0m 19s
------------------------------
Training elapsed: 12m 51s

Epoch 39/119
----------
Epoch 39 summary:
  total_loss   : 1.0069
  cls_loss     : 0.3054
  triplet_loss : 0.1559
  kl_loss      : 0.0000
  train_acc    : 0.9911
  epoch_time   : 0m 19s
------------------------------
Training elapsed: 13m 11s

Epoch 40/119
----------
Epoch 40 summary:
  total_loss   : 0.9223
  cls_loss     : 0.2529
  triplet_loss : 0.1487
  kl_loss      : 0.0000
  train_acc    : 0.9911
  epoch_time   : 0m 20s
------------------------------
Training elapsed: 13m 31s

Epoch 41/119
----------
Epoch 41 summary:
  total_loss   : 0.9238
  cls_loss     : 0.2585
  triplet_loss : 0.1479
  kl_loss      : 0.0000
  train_acc    : 0.9940
  epoch_time   : 0m 19s
------------------------------
Training elapsed: 13m 50s

Epoch 42/119
----------
Epoch 42 summary:
  total_loss   : 0.9507
  cls_loss     : 0.2585
  triplet_loss : 0.1538
  kl_loss      : 0.0000
  train_acc    : 0.9926
  epoch_time   : 0m 21s
------------------------------
Training elapsed: 14m 11s

Epoch 43/119
----------
Epoch 43 summary:
  total_loss   : 0.9301
  cls_loss     : 0.2583
  triplet_loss : 0.1493
  kl_loss      : 0.0000
  train_acc    : 0.9926
  epoch_time   : 0m 19s
------------------------------
Training elapsed: 14m 30s

Epoch 44/119
----------
Epoch 44 summary:
  total_loss   : 0.9065
  cls_loss     : 0.2440
  triplet_loss : 0.1472
  kl_loss      : 0.0000
  train_acc    : 0.9926
  epoch_time   : 0m 19s
------------------------------
Training elapsed: 14m 50s

Epoch 45/119
----------
Epoch 45 summary:
  total_loss   : 0.9095
  cls_loss     : 0.2508
  triplet_loss : 0.1464
  kl_loss      : 0.0000
  train_acc    : 0.9911
  epoch_time   : 0m 20s
------------------------------
Training elapsed: 15m 9s

Epoch 46/119
----------
Epoch 46 summary:
  total_loss   : 0.9044
  cls_loss     : 0.2411
  triplet_loss : 0.1474
  kl_loss      : 0.0000
  train_acc    : 0.9940
  epoch_time   : 0m 20s
------------------------------
Training elapsed: 15m 30s

Epoch 47/119
----------
Epoch 47 summary:
  total_loss   : 0.8888
  cls_loss     : 0.2228
  triplet_loss : 0.1480
  kl_loss      : 0.0000
  train_acc    : 0.9940
  epoch_time   : 0m 20s
------------------------------
Training elapsed: 15m 49s

Epoch 48/119
----------
Epoch 48 summary:
  total_loss   : 0.8997
  cls_loss     : 0.2372
  triplet_loss : 0.1472
  kl_loss      : 0.0000
  train_acc    : 0.9955
  epoch_time   : 0m 21s
------------------------------
Training elapsed: 16m 10s

Epoch 49/119
----------
Epoch 49 summary:
  total_loss   : 0.8794
  cls_loss     : 0.2340
  triplet_loss : 0.1434
  kl_loss      : 0.0000
  train_acc    : 0.9926
  epoch_time   : 0m 20s
------------------------------
Training elapsed: 16m 30s

Epoch 50/119
----------
Epoch 50 summary:
  total_loss   : 0.8481
  cls_loss     : 0.2228
  triplet_loss : 0.1390
  kl_loss      : 0.0000
  train_acc    : 0.9970
  epoch_time   : 0m 19s
------------------------------
Training elapsed: 16m 50s

Epoch 51/119
----------
Epoch 51 summary:
  total_loss   : 0.8569
  cls_loss     : 0.2144
  triplet_loss : 0.1428
  kl_loss      : 0.0000
  train_acc    : 0.9970
  epoch_time   : 0m 19s
------------------------------
Training elapsed: 17m 9s

Epoch 52/119
----------
Epoch 52 summary:
  total_loss   : 0.8423
  cls_loss     : 0.2095
  triplet_loss : 0.1406
  kl_loss      : 0.0000
  train_acc    : 0.9940
  epoch_time   : 0m 19s
------------------------------
Training elapsed: 17m 28s

Epoch 53/119
----------
Epoch 53 summary:
  total_loss   : 0.8121
  cls_loss     : 0.1929
  triplet_loss : 0.1376
  kl_loss      : 0.0000
  train_acc    : 0.9940
  epoch_time   : 0m 19s
------------------------------
Training elapsed: 17m 47s

Epoch 54/119
----------
Epoch 54 summary:
  total_loss   : 0.8437
  cls_loss     : 0.2147
  triplet_loss : 0.1398
  kl_loss      : 0.0000
  train_acc    : 0.9940
  epoch_time   : 0m 19s
------------------------------
Training elapsed: 18m 6s

Epoch 55/119
----------
Epoch 55 summary:
  total_loss   : 0.8761
  cls_loss     : 0.2392
  triplet_loss : 0.1415
  kl_loss      : 0.0000
  train_acc    : 0.9926
  epoch_time   : 0m 19s
------------------------------
Training elapsed: 18m 24s

Epoch 56/119
----------
Epoch 56 summary:
  total_loss   : 0.8052
  cls_loss     : 0.1945
  triplet_loss : 0.1357
  kl_loss      : 0.0000
  train_acc    : 0.9970
  epoch_time   : 0m 20s
------------------------------
Training elapsed: 18m 44s

Epoch 57/119
----------
Epoch 57 summary:
  total_loss   : 0.8180
  cls_loss     : 0.2098
  triplet_loss : 0.1352
  kl_loss      : 0.0000
  train_acc    : 0.9955
  epoch_time   : 0m 19s
------------------------------
Training elapsed: 19m 3s

Epoch 58/119
----------
Epoch 58 summary:
  total_loss   : 0.8070
  cls_loss     : 0.1993
  triplet_loss : 0.1350
  kl_loss      : 0.0000
  train_acc    : 0.9926
  epoch_time   : 0m 20s
------------------------------
Training elapsed: 19m 23s

Epoch 59/119
----------
Epoch 59 summary:
  total_loss   : 0.8053
  cls_loss     : 0.1902
  triplet_loss : 0.1367
  kl_loss      : 0.0000
  train_acc    : 0.9970
  epoch_time   : 0m 20s
------------------------------
Training elapsed: 19m 43s

Epoch 60/119
----------
Epoch 60 summary:
  total_loss   : 0.8210
  cls_loss     : 0.2125
  triplet_loss : 0.1352
  kl_loss      : 0.0000
  train_acc    : 0.9970
  epoch_time   : 0m 18s
------------------------------
Training elapsed: 20m 1s

Epoch 61/119
----------
Epoch 61 summary:
  total_loss   : 0.8004
  cls_loss     : 0.2002
  triplet_loss : 0.1334
  kl_loss      : 0.0000
  train_acc    : 0.9970
  epoch_time   : 0m 20s
------------------------------
Training elapsed: 20m 21s

Epoch 62/119
----------
Epoch 62 summary:
  total_loss   : 0.7933
  cls_loss     : 0.1808
  triplet_loss : 0.1361
  kl_loss      : 0.0000
  train_acc    : 0.9970
  epoch_time   : 0m 19s
------------------------------
Training elapsed: 20m 40s

Epoch 63/119
----------
Epoch 63 summary:
  total_loss   : 0.7875
  cls_loss     : 0.1881
  triplet_loss : 0.1332
  kl_loss      : 0.0000
  train_acc    : 0.9955
  epoch_time   : 0m 19s
------------------------------
Training elapsed: 20m 59s

Epoch 64/119
----------
Epoch 64 summary:
  total_loss   : 0.7868
  cls_loss     : 0.1937
  triplet_loss : 0.1318
  kl_loss      : 0.0000
  train_acc    : 0.9970
  epoch_time   : 0m 19s
------------------------------
Training elapsed: 21m 18s

Epoch 65/119
----------
Epoch 65 summary:
  total_loss   : 0.8451
  cls_loss     : 0.2303
  triplet_loss : 0.1366
  kl_loss      : 0.0000
  train_acc    : 0.9970
  epoch_time   : 0m 20s
------------------------------
Training elapsed: 21m 38s

Epoch 66/119
----------
Epoch 66 summary:
  total_loss   : 0.7850
  cls_loss     : 0.1972
  triplet_loss : 0.1306
  kl_loss      : 0.0000
  train_acc    : 0.9970
  epoch_time   : 0m 19s
------------------------------
Training elapsed: 21m 57s

Epoch 67/119
----------
Epoch 67 summary:
  total_loss   : 0.7510
  cls_loss     : 0.1721
  triplet_loss : 0.1286
  kl_loss      : 0.0000
  train_acc    : 0.9970
  epoch_time   : 0m 19s
------------------------------
Training elapsed: 22m 16s

Epoch 68/119
----------
Epoch 68 summary:
  total_loss   : 0.8077
  cls_loss     : 0.2094
  triplet_loss : 0.1329
  kl_loss      : 0.0000
  train_acc    : 0.9940
  epoch_time   : 0m 19s
------------------------------
Training elapsed: 22m 35s

Epoch 69/119
----------
Epoch 69 summary:
  total_loss   : 0.7600
  cls_loss     : 0.1857
  triplet_loss : 0.1276
  kl_loss      : 0.0000
  train_acc    : 0.9970
  epoch_time   : 0m 19s
------------------------------
Training elapsed: 22m 54s

Epoch 70/119
----------
Epoch 70 summary:
  total_loss   : 0.7401
  cls_loss     : 0.1631
  triplet_loss : 0.1282
  kl_loss      : 0.0000
  train_acc    : 0.9955
  epoch_time   : 0m 20s
------------------------------
Training elapsed: 23m 14s

Epoch 71/119
----------
Epoch 71 summary:
  total_loss   : 0.7109
  cls_loss     : 0.1454
  triplet_loss : 0.1257
  kl_loss      : 0.0000
  train_acc    : 0.9940
  epoch_time   : 0m 19s
------------------------------
Training elapsed: 23m 32s

Epoch 72/119
----------
Epoch 72 summary:
  total_loss   : 0.7220
  cls_loss     : 0.1571
  triplet_loss : 0.1255
  kl_loss      : 0.0000
  train_acc    : 0.9955
  epoch_time   : 0m 18s
------------------------------
Training elapsed: 23m 50s

Epoch 73/119
----------
Epoch 73 summary:
  total_loss   : 0.7154
  cls_loss     : 0.1563
  triplet_loss : 0.1242
  kl_loss      : 0.0000
  train_acc    : 1.0000
  epoch_time   : 0m 18s
------------------------------
Training elapsed: 24m 8s

Epoch 74/119
----------
Epoch 74 summary:
  total_loss   : 0.7493
  cls_loss     : 0.1871
  triplet_loss : 0.1249
  kl_loss      : 0.0000
  train_acc    : 0.9985
  epoch_time   : 0m 19s
------------------------------
Training elapsed: 24m 27s

Epoch 75/119
----------
Epoch 75 summary:
  total_loss   : 0.6881
  cls_loss     : 0.1483
  triplet_loss : 0.1199
  kl_loss      : 0.0000
  train_acc    : 0.9985
  epoch_time   : 0m 18s
------------------------------
Training elapsed: 24m 45s

Epoch 76/119
----------
Epoch 76 summary:
  total_loss   : 0.7013
  cls_loss     : 0.1451
  triplet_loss : 0.1236
  kl_loss      : 0.0000
  train_acc    : 0.9970
  epoch_time   : 0m 18s
------------------------------
Training elapsed: 25m 3s

Epoch 77/119
----------
Epoch 77 summary:
  total_loss   : 0.6921
  cls_loss     : 0.1351
  triplet_loss : 0.1238
  kl_loss      : 0.0000
  train_acc    : 0.9985
  epoch_time   : 0m 18s
------------------------------
Training elapsed: 25m 21s

Epoch 78/119
----------
Epoch 78 summary:
  total_loss   : 0.7054
  cls_loss     : 0.1580
  triplet_loss : 0.1217
  kl_loss      : 0.0000
  train_acc    : 0.9970
  epoch_time   : 0m 20s
------------------------------
Training elapsed: 25m 41s

Epoch 79/119
----------
Epoch 79 summary:
  total_loss   : 0.7326
  cls_loss     : 0.1626
  triplet_loss : 0.1267
  kl_loss      : 0.0000
  train_acc    : 1.0000
  epoch_time   : 0m 19s
------------------------------
Training elapsed: 26m 0s

Epoch 80/119
----------
Epoch 80 summary:
  total_loss   : 0.7063
  cls_loss     : 0.1600
  triplet_loss : 0.1214
  kl_loss      : 0.0000
  train_acc    : 0.9985
  epoch_time   : 0m 20s
------------------------------
Training elapsed: 26m 20s

Epoch 81/119
----------
Epoch 81 summary:
  total_loss   : 0.7248
  cls_loss     : 0.1719
  triplet_loss : 0.1229
  kl_loss      : 0.0000
  train_acc    : 0.9940
  epoch_time   : 0m 20s
------------------------------
Training elapsed: 26m 40s

Epoch 82/119
----------
Epoch 82 summary:
  total_loss   : 0.7426
  cls_loss     : 0.1946
  triplet_loss : 0.1218
  kl_loss      : 0.0000
  train_acc    : 0.9985
  epoch_time   : 0m 19s
------------------------------
Training elapsed: 26m 59s

Epoch 83/119
----------
Epoch 83 summary:
  total_loss   : 0.7038
  cls_loss     : 0.1541
  triplet_loss : 0.1222
  kl_loss      : 0.0000
  train_acc    : 0.9970
  epoch_time   : 0m 20s
------------------------------
Training elapsed: 27m 19s

Epoch 84/119
----------
Epoch 84 summary:
  total_loss   : 0.6686
  cls_loss     : 0.1344
  triplet_loss : 0.1187
  kl_loss      : 0.0000
  train_acc    : 0.9955
  epoch_time   : 0m 20s
------------------------------
Training elapsed: 27m 39s

Epoch 85/119
----------
Epoch 85 summary:
  total_loss   : 0.6725
  cls_loss     : 0.1415
  triplet_loss : 0.1180
  kl_loss      : 0.0000
  train_acc    : 0.9970
  epoch_time   : 0m 20s
------------------------------
Training elapsed: 27m 59s

Epoch 86/119
----------
Epoch 86 summary:
  total_loss   : 0.6806
  cls_loss     : 0.1438
  triplet_loss : 0.1193
  kl_loss      : 0.0000
  train_acc    : 0.9985
  epoch_time   : 0m 20s
------------------------------
Training elapsed: 28m 19s

Epoch 87/119
----------
Epoch 87 summary:
  total_loss   : 0.6693
  cls_loss     : 0.1361
  triplet_loss : 0.1185
  kl_loss      : 0.0000
  train_acc    : 0.9970
  epoch_time   : 0m 19s
------------------------------
Training elapsed: 28m 38s

Epoch 88/119
----------
Epoch 88 summary:
  total_loss   : 0.7091
  cls_loss     : 0.1558
  triplet_loss : 0.1229
  kl_loss      : 0.0000
  train_acc    : 0.9985
  epoch_time   : 0m 19s
------------------------------
Training elapsed: 28m 57s

Epoch 89/119
----------
Epoch 89 summary:
  total_loss   : 0.7008
  cls_loss     : 0.1585
  triplet_loss : 0.1205
  kl_loss      : 0.0000
  train_acc    : 0.9955
  epoch_time   : 0m 20s
------------------------------
Training elapsed: 29m 17s

Epoch 90/119
----------
Epoch 90 summary:
  total_loss   : 0.6886
  cls_loss     : 0.1495
  triplet_loss : 0.1198
  kl_loss      : 0.0000
  train_acc    : 0.9955
  epoch_time   : 0m 20s
------------------------------
Training elapsed: 29m 38s

Epoch 91/119
----------
Epoch 91 summary:
  total_loss   : 0.7003
  cls_loss     : 0.1562
  triplet_loss : 0.1209
  kl_loss      : 0.0000
  train_acc    : 0.9970
  epoch_time   : 0m 19s
------------------------------
Training elapsed: 29m 56s

Epoch 92/119
----------
Epoch 92 summary:
  total_loss   : 0.7017
  cls_loss     : 0.1475
  triplet_loss : 0.1232
  kl_loss      : 0.0000
  train_acc    : 0.9970
  epoch_time   : 0m 19s
------------------------------
Training elapsed: 30m 15s

Epoch 93/119
----------
Epoch 93 summary:
  total_loss   : 0.7056
  cls_loss     : 0.1546
  triplet_loss : 0.1224
  kl_loss      : 0.0000
  train_acc    : 0.9985
  epoch_time   : 0m 18s
------------------------------
Training elapsed: 30m 33s

Epoch 94/119
----------
Epoch 94 summary:
  total_loss   : 0.7074
  cls_loss     : 0.1566
  triplet_loss : 0.1224
  kl_loss      : 0.0000
  train_acc    : 0.9985
  epoch_time   : 0m 18s
------------------------------
Training elapsed: 30m 51s

Epoch 95/119
----------
Epoch 95 summary:
  total_loss   : 0.7123
  cls_loss     : 0.1592
  triplet_loss : 0.1229
  kl_loss      : 0.0000
  train_acc    : 0.9985
  epoch_time   : 0m 19s
------------------------------
Training elapsed: 31m 10s

Epoch 96/119
----------
Epoch 96 summary:
  total_loss   : 0.7120
  cls_loss     : 0.1650
  triplet_loss : 0.1216
  kl_loss      : 0.0000
  train_acc    : 0.9970
  epoch_time   : 0m 20s
------------------------------
Training elapsed: 31m 30s

Epoch 97/119
----------
Epoch 97 summary:
  total_loss   : 0.6852
  cls_loss     : 0.1457
  triplet_loss : 0.1199
  kl_loss      : 0.0000
  train_acc    : 0.9970
  epoch_time   : 0m 18s
------------------------------
Training elapsed: 31m 49s

Epoch 98/119
----------
Epoch 98 summary:
  total_loss   : 0.6775
  cls_loss     : 0.1388
  triplet_loss : 0.1197
  kl_loss      : 0.0000
  train_acc    : 0.9970
  epoch_time   : 0m 20s
------------------------------
Training elapsed: 32m 8s

Epoch 99/119
----------
Epoch 99 summary:
  total_loss   : 0.6709
  cls_loss     : 0.1366
  triplet_loss : 0.1187
  kl_loss      : 0.0000
  train_acc    : 0.9955
  epoch_time   : 0m 20s
------------------------------
Training elapsed: 32m 28s

Epoch 100/119
----------
Epoch 100 summary:
  total_loss   : 0.6973
  cls_loss     : 0.1539
  triplet_loss : 0.1208
  kl_loss      : 0.0000
  train_acc    : 0.9985
  epoch_time   : 0m 19s
------------------------------
Training elapsed: 32m 47s

Epoch 101/119
----------
Epoch 101 summary:
  total_loss   : 0.6831
  cls_loss     : 0.1432
  triplet_loss : 0.1200
  kl_loss      : 0.0000
  train_acc    : 0.9970
  epoch_time   : 0m 19s
------------------------------
Training elapsed: 33m 6s

Epoch 102/119
----------
Epoch 102 summary:
  total_loss   : 0.6938
  cls_loss     : 0.1443
  triplet_loss : 0.1221
  kl_loss      : 0.0000
  train_acc    : 0.9970
  epoch_time   : 0m 20s
------------------------------
Training elapsed: 33m 26s

Epoch 103/119
----------
Epoch 103 summary:
  total_loss   : 0.7048
  cls_loss     : 0.1580
  triplet_loss : 0.1215
  kl_loss      : 0.0000
  train_acc    : 0.9955
  epoch_time   : 0m 19s
------------------------------
Training elapsed: 33m 44s

Epoch 104/119
----------
Epoch 104 summary:
  total_loss   : 0.7217
  cls_loss     : 0.1627
  triplet_loss : 0.1242
  kl_loss      : 0.0000
  train_acc    : 0.9970
  epoch_time   : 0m 19s
------------------------------
Training elapsed: 34m 3s

Epoch 105/119
----------
Epoch 105 summary:
  total_loss   : 0.6764
  cls_loss     : 0.1473
  triplet_loss : 0.1176
  kl_loss      : 0.0000
  train_acc    : 0.9985
  epoch_time   : 0m 19s
------------------------------
Training elapsed: 34m 23s

Epoch 106/119
----------
Epoch 106 summary:
  total_loss   : 0.6802
  cls_loss     : 0.1462
  triplet_loss : 0.1187
  kl_loss      : 0.0000
  train_acc    : 0.9940
  epoch_time   : 0m 19s
------------------------------
Training elapsed: 34m 41s

Epoch 107/119
----------
Epoch 107 summary:
  total_loss   : 0.6982
  cls_loss     : 0.1520
  triplet_loss : 0.1214
  kl_loss      : 0.0000
  train_acc    : 0.9955
  epoch_time   : 0m 19s
------------------------------
Training elapsed: 35m 1s

Epoch 108/119
----------
Epoch 108 summary:
  total_loss   : 0.6998
  cls_loss     : 0.1609
  triplet_loss : 0.1197
  kl_loss      : 0.0000
  train_acc    : 0.9955
  epoch_time   : 0m 19s
------------------------------
Training elapsed: 35m 20s

Epoch 109/119
----------
Epoch 109 summary:
  total_loss   : 0.7150
  cls_loss     : 0.1722
  triplet_loss : 0.1206
  kl_loss      : 0.0000
  train_acc    : 0.9970
  epoch_time   : 0m 21s
------------------------------
Training elapsed: 35m 41s

Epoch 110/119
----------
Epoch 110 summary:
  total_loss   : 0.6882
  cls_loss     : 0.1453
  triplet_loss : 0.1206
  kl_loss      : 0.0000
  train_acc    : 0.9940
  epoch_time   : 0m 20s
------------------------------
Training elapsed: 36m 0s

Epoch 111/119
----------
Epoch 111 summary:
  total_loss   : 0.6745
  cls_loss     : 0.1415
  triplet_loss : 0.1184
  kl_loss      : 0.0000
  train_acc    : 0.9955
  epoch_time   : 0m 19s
------------------------------
Training elapsed: 36m 19s

Epoch 112/119
----------
Epoch 112 summary:
  total_loss   : 0.6874
  cls_loss     : 0.1463
  triplet_loss : 0.1203
  kl_loss      : 0.0000
  train_acc    : 0.9970
  epoch_time   : 0m 19s
------------------------------
Training elapsed: 36m 39s

Epoch 113/119
----------
Epoch 113 summary:
  total_loss   : 0.7006
  cls_loss     : 0.1568
  triplet_loss : 0.1208
  kl_loss      : 0.0000
  train_acc    : 0.9970
  epoch_time   : 0m 19s
------------------------------
Training elapsed: 36m 58s

Epoch 114/119
----------
Epoch 114 summary:
  total_loss   : 0.6922
  cls_loss     : 0.1539
  triplet_loss : 0.1196
  kl_loss      : 0.0000
  train_acc    : 0.9970
  epoch_time   : 0m 19s
------------------------------
Training elapsed: 37m 17s

Epoch 115/119
----------
Epoch 115 summary:
  total_loss   : 0.6949
  cls_loss     : 0.1514
  triplet_loss : 0.1208
  kl_loss      : 0.0000
  train_acc    : 0.9955
  epoch_time   : 0m 21s
------------------------------
Training elapsed: 37m 38s

Epoch 116/119
----------
Epoch 116 summary:
  total_loss   : 0.6541
  cls_loss     : 0.1295
  triplet_loss : 0.1166
  kl_loss      : 0.0000
  train_acc    : 0.9970
  epoch_time   : 0m 19s
------------------------------
Training elapsed: 37m 57s

Epoch 117/119
----------
Epoch 117 summary:
  total_loss   : 0.6709
  cls_loss     : 0.1389
  triplet_loss : 0.1182
  kl_loss      : 0.0000
  train_acc    : 0.9970
  epoch_time   : 0m 19s
------------------------------
Training elapsed: 38m 16s

Epoch 118/119
----------
Epoch 118 summary:
  total_loss   : 0.6435
  cls_loss     : 0.1223
  triplet_loss : 0.1158
  kl_loss      : 0.0000
  train_acc    : 0.9955
  epoch_time   : 0m 20s
------------------------------
Training elapsed: 38m 36s

Epoch 119/119
----------
Epoch 119 summary:
  total_loss   : 0.6767
  cls_loss     : 0.1519
  triplet_loss : 0.1166
  kl_loss      : 0.0000
  train_acc    : 1.0000
  epoch_time   : 0m 19s
------------------------------
Training elapsed: 38m 56s

