[Resize(size=(224, 224), interpolation=bicubic, max_size=None, antialias=warn), Pad(padding=0, fill=0, padding_mode=edge), RandomCrop(size=(224, 224), padding=None), RandomHorizontalFlip(p=0.5), ToTensor(), Normalize(mean=[0.485, 0.456, 0.406], std=[0.229, 0.224, 0.225])]
Building PCT Model | Views: 2, Block: 3
=> [Model Strategy] Using PCT (Polar Transform) strictly for Dual-View.
=========== Building Model: PCT (Polar-Contrastive Transformer) ===========
=> using Transformer_type: ViT-Small-RoPE-OFFICIAL (timm) as backbone
=> pretrain: /home/ps/Code/wxm_project/Polar_Contrastive_Transfomer/main_project/pretrain_model/vit_small_patch16_rope_224_naver_in1k.pth
=> [OfficialRoPEViTSmall] loading pretrain from: /home/ps/Code/wxm_project/Polar_Contrastive_Transfomer/main_project/pretrain_model/vit_small_patch16_rope_224_naver_in1k.pth
=> [OfficialRoPEViTSmall] load_state_dict done. missing=0, unexpected=0
=> Optimizer Strategy: AdamW with Differential Learning Rates.
   - Backbone LR: 0.000300 (0.3x)
   - Heads LR:    0.001000 (1.0x)
=> Scheduler Strategy: Warmup (10 eps) + Cosine Annealing
   - Total Epochs: 120
   - Min LR: 1e-6
---------- Start Training -------------
Epoch 0/119
----------
Epoch 0 summary:
  total_loss   : 13.4958
  cls_loss     : 13.1062
  triplet_loss : 0.3896
  kl_loss      : 0.0000
  train_acc    : 0.0016
  epoch_time   : 0m 7s
------------------------------
Training elapsed: 0m 7s

Epoch 1/119
----------
Epoch 1 summary:
  total_loss   : 13.4123
  cls_loss     : 13.0516
  triplet_loss : 0.3608
  kl_loss      : 0.0000
  train_acc    : 0.0125
  epoch_time   : 0m 7s
------------------------------
Training elapsed: 0m 14s

Epoch 2/119
----------
Epoch 2 summary:
  total_loss   : 13.2232
  cls_loss     : 12.8867
  triplet_loss : 0.3365
  kl_loss      : 0.0000
  train_acc    : 0.0906
  epoch_time   : 0m 7s
------------------------------
Training elapsed: 0m 20s

Epoch 3/119
----------
