[Resize(size=(224, 224), interpolation=bicubic, max_size=None, antialias=warn), Pad(padding=0, fill=0, padding_mode=edge), RandomCrop(size=(224, 224), padding=None), RandomHorizontalFlip(p=0.5), ToTensor(), Normalize(mean=[0.485, 0.456, 0.406], std=[0.229, 0.224, 0.225]), <datasets.random_erasing.RandomErasing object at 0x7fb949f2ce50>]
Building PCT Model | Views: 2, Block: 3
=> [Model Strategy] Using PCT (Polar Transform) strictly for Dual-View.
=========== Building Model: PCT (Polar-Contrastive Transformer) ===========
=> using Transformer_type: ViT-Small-RoPE-OFFICIAL (timm) as backbone
=> pretrain: /home/ps/Code/wxm_project/Polar_Contrastive_Transfomer/main_project/pretrain_model/vit_small_patch16_rope_224_naver_in1k.pth
=> [OfficialRoPEViTSmall] loading pretrain from: /home/ps/Code/wxm_project/Polar_Contrastive_Transfomer/main_project/pretrain_model/vit_small_patch16_rope_224_naver_in1k.pth
=> [OfficialRoPEViTSmall] load_state_dict done. missing=0, unexpected=0
=> Optimizer Strategy: AdamW with Differential Learning Rates.
   - Backbone LR: 0.000540 (0.3x)
   - Heads LR:    0.001800 (1.0x)
=> Scheduler Strategy: Warmup (10 eps) + Cosine Annealing
   - Total Epochs: 120
   - Min LR: 1e-6
---------- Start Training -------------
Epoch 0/119
----------
Epoch 0 summary:
  total_loss   : 15.3105
  cls_loss     : 13.1094
  triplet_loss : 0.4233
  kl_loss      : 0.0000
  train_acc    : 0.0017
  epoch_time   : 0m 9s
------------------------------
Training elapsed: 0m 9s

Epoch 1/119
----------
Epoch 1 summary:
  total_loss   : 15.2441
  cls_loss     : 13.1094
  triplet_loss : 0.4106
  kl_loss      : 0.0000
  train_acc    : 0.0000
  epoch_time   : 0m 8s
------------------------------
Training elapsed: 0m 18s

Epoch 2/119
----------
Epoch 2 summary:
  total_loss   : 14.9912
  cls_loss     : 13.0182
  triplet_loss : 0.3795
  kl_loss      : 0.0000
  train_acc    : 0.0278
  epoch_time   : 0m 9s
------------------------------
Training elapsed: 0m 26s

Epoch 3/119
----------
Epoch 3 summary:
  total_loss   : 14.7715
  cls_loss     : 12.8672
  triplet_loss : 0.3662
  kl_loss      : 0.0000
  train_acc    : 0.0642
  epoch_time   : 0m 8s
------------------------------
Training elapsed: 0m 35s

Epoch 4/119
----------
Epoch 4 summary:
  total_loss   : 14.3851
  cls_loss     : 12.5911
  triplet_loss : 0.3450
  kl_loss      : 0.0000
  train_acc    : 0.2101
  epoch_time   : 0m 9s
------------------------------
Training elapsed: 0m 44s

Epoch 5/119
----------
Epoch 5 summary:
  total_loss   : 13.8590
  cls_loss     : 12.1406
  triplet_loss : 0.3305
  kl_loss      : 0.0000
  train_acc    : 0.3299
  epoch_time   : 0m 9s
------------------------------
Training elapsed: 0m 53s

Epoch 6/119
----------
Epoch 6 summary:
  total_loss   : 13.1839
  cls_loss     : 11.5391
  triplet_loss : 0.3163
  kl_loss      : 0.0000
  train_acc    : 0.4444
  epoch_time   : 0m 9s
------------------------------
Training elapsed: 1m 2s

Epoch 7/119
----------
Epoch 7 summary:
  total_loss   : 12.4053
  cls_loss     : 10.8307
  triplet_loss : 0.3028
  kl_loss      : 0.0000
  train_acc    : 0.5017
  epoch_time   : 0m 9s
------------------------------
Training elapsed: 1m 11s

Epoch 8/119
----------
Epoch 8 summary:
  total_loss   : 11.4919
  cls_loss     : 9.9792
  triplet_loss : 0.2909
  kl_loss      : 0.0000
  train_acc    : 0.5920
  epoch_time   : 0m 9s
------------------------------
Training elapsed: 1m 21s

Epoch 9/119
----------
Epoch 9 summary:
  total_loss   : 10.5033
  cls_loss     : 9.0495
  triplet_loss : 0.2795
  kl_loss      : 0.0000
  train_acc    : 0.6684
  epoch_time   : 0m 9s
------------------------------
Training elapsed: 1m 30s

Epoch 10/119
----------
Epoch 10 summary:
  total_loss   : 9.3783
  cls_loss     : 7.9948
  triplet_loss : 0.2660
  kl_loss      : 0.0000
  train_acc    : 0.7361
  epoch_time   : 0m 9s
------------------------------
Training elapsed: 1m 40s

Epoch 11/119
----------
Epoch 11 summary:
  total_loss   : 8.3887
  cls_loss     : 7.0430
  triplet_loss : 0.2588
  kl_loss      : 0.0000
  train_acc    : 0.7569
  epoch_time   : 0m 9s
------------------------------
Training elapsed: 1m 49s

Epoch 12/119
----------
Epoch 12 summary:
  total_loss   : 7.4320
  cls_loss     : 6.1406
  triplet_loss : 0.2483
  kl_loss      : 0.0000
  train_acc    : 0.8125
  epoch_time   : 0m 8s
------------------------------
Training elapsed: 1m 57s

Epoch 13/119
----------
Epoch 13 summary:
  total_loss   : 6.5505
  cls_loss     : 5.2995
  triplet_loss : 0.2405
  kl_loss      : 0.0000
  train_acc    : 0.8524
  epoch_time   : 0m 9s
------------------------------
Training elapsed: 2m 6s

Epoch 14/119
----------
Epoch 14 summary:
  total_loss   : 5.7012
  cls_loss     : 4.4909
  triplet_loss : 0.2327
  kl_loss      : 0.0000
  train_acc    : 0.9028
  epoch_time   : 0m 9s
------------------------------
Training elapsed: 2m 15s

Epoch 15/119
----------
Epoch 15 summary:
  total_loss   : 5.0446
  cls_loss     : 3.8438
  triplet_loss : 0.2309
  kl_loss      : 0.0000
  train_acc    : 0.9323
  epoch_time   : 0m 9s
------------------------------
Training elapsed: 2m 24s

Epoch 16/119
----------
Epoch 16 summary:
  total_loss   : 4.3991
  cls_loss     : 3.2324
  triplet_loss : 0.2244
  kl_loss      : 0.0000
  train_acc    : 0.9184
  epoch_time   : 0m 9s
------------------------------
Training elapsed: 2m 33s

Epoch 17/119
----------
Epoch 17 summary:
  total_loss   : 3.7393
  cls_loss     : 2.6296
  triplet_loss : 0.2134
  kl_loss      : 0.0000
  train_acc    : 0.9479
  epoch_time   : 0m 9s
------------------------------
Training elapsed: 2m 43s

Epoch 18/119
----------
Epoch 18 summary:
  total_loss   : 3.3177
  cls_loss     : 2.2012
  triplet_loss : 0.2147
  kl_loss      : 0.0000
  train_acc    : 0.9705
  epoch_time   : 0m 9s
------------------------------
Training elapsed: 2m 52s

Epoch 19/119
----------
Epoch 19 summary:
  total_loss   : 2.8141
  cls_loss     : 1.7539
  triplet_loss : 0.2039
  kl_loss      : 0.0000
  train_acc    : 0.9722
  epoch_time   : 0m 9s
------------------------------
Training elapsed: 3m 2s

Epoch 20/119
----------
Epoch 20 summary:
  total_loss   : 2.4971
  cls_loss     : 1.4411
  triplet_loss : 0.2031
  kl_loss      : 0.0000
  train_acc    : 0.9826
  epoch_time   : 0m 9s
------------------------------
Training elapsed: 3m 11s

Epoch 21/119
----------
Epoch 21 summary:
  total_loss   : 2.2161
  cls_loss     : 1.1868
  triplet_loss : 0.1979
  kl_loss      : 0.0000
  train_acc    : 0.9826
  epoch_time   : 0m 9s
------------------------------
Training elapsed: 3m 20s

Epoch 22/119
----------
Epoch 22 summary:
  total_loss   : 1.9342
  cls_loss     : 0.9515
  triplet_loss : 0.1890
  kl_loss      : 0.0000
  train_acc    : 0.9861
  epoch_time   : 0m 9s
------------------------------
Training elapsed: 3m 30s

Epoch 23/119
----------
Epoch 23 summary:
  total_loss   : 1.7879
  cls_loss     : 0.8112
  triplet_loss : 0.1879
  kl_loss      : 0.0000
  train_acc    : 0.9861
  epoch_time   : 0m 8s
------------------------------
Training elapsed: 3m 38s

Epoch 24/119
----------
Epoch 24 summary:
  total_loss   : 1.6325
  cls_loss     : 0.6785
  triplet_loss : 0.1835
  kl_loss      : 0.0000
  train_acc    : 0.9878
  epoch_time   : 0m 9s
------------------------------
Training elapsed: 3m 47s

Epoch 25/119
----------
Epoch 25 summary:
  total_loss   : 1.6154
  cls_loss     : 0.6592
  triplet_loss : 0.1839
  kl_loss      : 0.0000
  train_acc    : 0.9844
  epoch_time   : 0m 9s
------------------------------
Training elapsed: 3m 56s

Epoch 26/119
----------
Epoch 26 summary:
  total_loss   : 1.5324
  cls_loss     : 0.5698
  triplet_loss : 0.1851
  kl_loss      : 0.0000
  train_acc    : 0.9948
  epoch_time   : 0m 9s
------------------------------
Training elapsed: 4m 5s

Epoch 27/119
----------
Epoch 27 summary:
  total_loss   : 1.4141
  cls_loss     : 0.5002
  triplet_loss : 0.1757
  kl_loss      : 0.0000
  train_acc    : 0.9931
  epoch_time   : 0m 9s
------------------------------
Training elapsed: 4m 15s

Epoch 28/119
----------
Epoch 28 summary:
  total_loss   : 1.3479
  cls_loss     : 0.4491
  triplet_loss : 0.1729
  kl_loss      : 0.0000
  train_acc    : 0.9931
  epoch_time   : 0m 10s
------------------------------
Training elapsed: 4m 24s

Epoch 29/119
----------
Epoch 29 summary:
  total_loss   : 1.2451
  cls_loss     : 0.3776
  triplet_loss : 0.1668
  kl_loss      : 0.0000
  train_acc    : 0.9965
  epoch_time   : 0m 8s
------------------------------
Training elapsed: 4m 33s

Epoch 30/119
----------
Epoch 30 summary:
  total_loss   : 1.1804
  cls_loss     : 0.3259
  triplet_loss : 0.1643
  kl_loss      : 0.0000
  train_acc    : 0.9965
  epoch_time   : 0m 9s
------------------------------
Training elapsed: 4m 42s

Epoch 31/119
----------
Epoch 31 summary:
  total_loss   : 1.2378
  cls_loss     : 0.3628
  triplet_loss : 0.1683
  kl_loss      : 0.0000
  train_acc    : 0.9913
  epoch_time   : 0m 9s
------------------------------
Training elapsed: 4m 51s

Epoch 32/119
----------
Epoch 32 summary:
  total_loss   : 1.1752
  cls_loss     : 0.3162
  triplet_loss : 0.1652
  kl_loss      : 0.0000
  train_acc    : 0.9913
  epoch_time   : 0m 9s
------------------------------
Training elapsed: 4m 60s

Epoch 33/119
----------
Epoch 33 summary:
  total_loss   : 1.1409
  cls_loss     : 0.3004
  triplet_loss : 0.1616
  kl_loss      : 0.0000
  train_acc    : 0.9931
  epoch_time   : 0m 8s
------------------------------
Training elapsed: 5m 8s

Epoch 34/119
----------
Epoch 34 summary:
  total_loss   : 1.1031
  cls_loss     : 0.2818
  triplet_loss : 0.1580
  kl_loss      : 0.0000
  train_acc    : 0.9948
  epoch_time   : 0m 9s
------------------------------
Training elapsed: 5m 18s

Epoch 35/119
----------
Epoch 35 summary:
  total_loss   : 1.0946
  cls_loss     : 0.2857
  triplet_loss : 0.1556
  kl_loss      : 0.0000
  train_acc    : 0.9913
  epoch_time   : 0m 9s
------------------------------
Training elapsed: 5m 27s

Epoch 36/119
----------
Epoch 36 summary:
  total_loss   : 1.0417
  cls_loss     : 0.2270
  triplet_loss : 0.1567
  kl_loss      : 0.0000
  train_acc    : 0.9948
  epoch_time   : 0m 9s
------------------------------
Training elapsed: 5m 36s

Epoch 37/119
----------
Epoch 37 summary:
  total_loss   : 1.0906
  cls_loss     : 0.2745
  triplet_loss : 0.1570
  kl_loss      : 0.0000
  train_acc    : 0.9931
  epoch_time   : 0m 10s
------------------------------
Training elapsed: 5m 46s

Epoch 38/119
----------
Epoch 38 summary:
  total_loss   : 1.0109
  cls_loss     : 0.2288
  triplet_loss : 0.1504
  kl_loss      : 0.0000
  train_acc    : 0.9965
  epoch_time   : 0m 9s
------------------------------
Training elapsed: 5m 55s

Epoch 39/119
----------
Epoch 39 summary:
  total_loss   : 0.9934
  cls_loss     : 0.2179
  triplet_loss : 0.1491
  kl_loss      : 0.0000
  train_acc    : 0.9931
  epoch_time   : 0m 9s
------------------------------
Training elapsed: 6m 4s

Epoch 40/119
----------
Epoch 40 summary:
  total_loss   : 1.0168
  cls_loss     : 0.2219
  triplet_loss : 0.1529
  kl_loss      : 0.0000
  train_acc    : 0.9948
  epoch_time   : 0m 10s
------------------------------
Training elapsed: 6m 14s

Epoch 41/119
----------
Epoch 41 summary:
  total_loss   : 0.9307
  cls_loss     : 0.1935
  triplet_loss : 0.1418
  kl_loss      : 0.0000
  train_acc    : 0.9931
  epoch_time   : 0m 9s
------------------------------
Training elapsed: 6m 23s

Epoch 42/119
----------
Epoch 42 summary:
  total_loss   : 0.9860
  cls_loss     : 0.2185
  triplet_loss : 0.1476
  kl_loss      : 0.0000
  train_acc    : 0.9931
  epoch_time   : 0m 9s
------------------------------
Training elapsed: 6m 32s

Epoch 43/119
----------
Epoch 43 summary:
  total_loss   : 0.9381
  cls_loss     : 0.1896
  triplet_loss : 0.1439
  kl_loss      : 0.0000
  train_acc    : 0.9948
  epoch_time   : 0m 9s
------------------------------
Training elapsed: 6m 41s

Epoch 44/119
----------
Epoch 44 summary:
  total_loss   : 0.9145
  cls_loss     : 0.1837
  triplet_loss : 0.1405
  kl_loss      : 0.0000
  train_acc    : 0.9931
  epoch_time   : 0m 9s
------------------------------
Training elapsed: 6m 50s

Epoch 45/119
----------
Epoch 45 summary:
  total_loss   : 0.8911
  cls_loss     : 0.1610
  triplet_loss : 0.1404
  kl_loss      : 0.0000
  train_acc    : 0.9965
  epoch_time   : 0m 8s
------------------------------
Training elapsed: 6m 59s

Epoch 46/119
----------
Epoch 46 summary:
  total_loss   : 0.8837
  cls_loss     : 0.1735
  triplet_loss : 0.1366
  kl_loss      : 0.0000
  train_acc    : 0.9948
  epoch_time   : 0m 8s
------------------------------
Training elapsed: 7m 7s

Epoch 47/119
----------
Epoch 47 summary:
  total_loss   : 0.8520
  cls_loss     : 0.1407
  triplet_loss : 0.1368
  kl_loss      : 0.0000
  train_acc    : 0.9965
  epoch_time   : 0m 8s
------------------------------
Training elapsed: 7m 15s

Epoch 48/119
----------
Epoch 48 summary:
  total_loss   : 0.8490
  cls_loss     : 0.1641
  triplet_loss : 0.1317
  kl_loss      : 0.0000
  train_acc    : 0.9983
  epoch_time   : 0m 9s
------------------------------
Training elapsed: 7m 25s

Epoch 49/119
----------
Epoch 49 summary:
  total_loss   : 0.8465
  cls_loss     : 0.1527
  triplet_loss : 0.1334
  kl_loss      : 0.0000
  train_acc    : 0.9931
  epoch_time   : 0m 9s
------------------------------
Training elapsed: 7m 34s

Epoch 50/119
----------
Epoch 50 summary:
  total_loss   : 0.8336
  cls_loss     : 0.1492
  triplet_loss : 0.1316
  kl_loss      : 0.0000
  train_acc    : 0.9931
  epoch_time   : 0m 9s
------------------------------
Training elapsed: 7m 43s

Epoch 51/119
----------
Epoch 51 summary:
  total_loss   : 0.8569
  cls_loss     : 0.1842
  triplet_loss : 0.1294
  kl_loss      : 0.0000
  train_acc    : 0.9931
  epoch_time   : 0m 10s
------------------------------
Training elapsed: 7m 53s

Epoch 52/119
----------
Epoch 52 summary:
  total_loss   : 0.8986
  cls_loss     : 0.1927
  triplet_loss : 0.1357
  kl_loss      : 0.0000
  train_acc    : 0.9948
  epoch_time   : 0m 10s
------------------------------
Training elapsed: 8m 3s

Epoch 53/119
----------
Epoch 53 summary:
  total_loss   : 0.8240
  cls_loss     : 0.1505
  triplet_loss : 0.1296
  kl_loss      : 0.0000
  train_acc    : 0.9913
  epoch_time   : 0m 9s
------------------------------
Training elapsed: 8m 12s

Epoch 54/119
----------
Epoch 54 summary:
  total_loss   : 0.8091
  cls_loss     : 0.1387
  triplet_loss : 0.1289
  kl_loss      : 0.0000
  train_acc    : 0.9948
  epoch_time   : 0m 10s
------------------------------
Training elapsed: 8m 22s

Epoch 55/119
----------
Epoch 55 summary:
  total_loss   : 0.8394
  cls_loss     : 0.1731
  triplet_loss : 0.1281
  kl_loss      : 0.0000
  train_acc    : 0.9931
  epoch_time   : 0m 9s
------------------------------
Training elapsed: 8m 31s

Epoch 56/119
----------
Epoch 56 summary:
  total_loss   : 0.7678
  cls_loss     : 0.1187
  triplet_loss : 0.1248
  kl_loss      : 0.0000
  train_acc    : 0.9983
  epoch_time   : 0m 8s
------------------------------
Training elapsed: 8m 40s

Epoch 57/119
----------
Epoch 57 summary:
  total_loss   : 0.8025
  cls_loss     : 0.1389
  triplet_loss : 0.1276
  kl_loss      : 0.0000
  train_acc    : 0.9948
  epoch_time   : 0m 8s
------------------------------
Training elapsed: 8m 48s

Epoch 58/119
----------
Epoch 58 summary:
  total_loss   : 0.7658
  cls_loss     : 0.1280
  triplet_loss : 0.1227
  kl_loss      : 0.0000
  train_acc    : 0.9948
  epoch_time   : 0m 8s
------------------------------
Training elapsed: 8m 56s

Epoch 59/119
----------
Epoch 59 summary:
  total_loss   : 0.7501
  cls_loss     : 0.1133
  triplet_loss : 0.1225
  kl_loss      : 0.0000
  train_acc    : 0.9965
  epoch_time   : 0m 9s
------------------------------
Training elapsed: 9m 5s

Epoch 60/119
----------
Epoch 60 summary:
  total_loss   : 0.7252
  cls_loss     : 0.1132
  triplet_loss : 0.1177
  kl_loss      : 0.0000
  train_acc    : 0.9948
  epoch_time   : 0m 9s
------------------------------
Training elapsed: 9m 14s

Epoch 61/119
----------
Epoch 61 summary:
  total_loss   : 0.7183
  cls_loss     : 0.1177
  triplet_loss : 0.1155
  kl_loss      : 0.0000
  train_acc    : 0.9983
  epoch_time   : 0m 9s
------------------------------
Training elapsed: 9m 24s

Epoch 62/119
----------
Epoch 62 summary:
  total_loss   : 0.7346
  cls_loss     : 0.1234
  triplet_loss : 0.1175
  kl_loss      : 0.0000
  train_acc    : 0.9965
  epoch_time   : 0m 9s
------------------------------
Training elapsed: 9m 33s

Epoch 63/119
----------
Epoch 63 summary:
  total_loss   : 0.7206
  cls_loss     : 0.1112
  triplet_loss : 0.1172
  kl_loss      : 0.0000
  train_acc    : 0.9965
  epoch_time   : 0m 9s
------------------------------
Training elapsed: 9m 42s

Epoch 64/119
----------
Epoch 64 summary:
  total_loss   : 0.6915
  cls_loss     : 0.1026
  triplet_loss : 0.1133
  kl_loss      : 0.0000
  train_acc    : 0.9948
  epoch_time   : 0m 10s
------------------------------
Training elapsed: 9m 52s

Epoch 65/119
----------
Epoch 65 summary:
  total_loss   : 0.7090
  cls_loss     : 0.1036
  triplet_loss : 0.1164
  kl_loss      : 0.0000
  train_acc    : 0.9965
  epoch_time   : 0m 8s
------------------------------
Training elapsed: 10m 0s

Epoch 66/119
----------
Epoch 66 summary:
  total_loss   : 0.7155
  cls_loss     : 0.1109
  triplet_loss : 0.1163
  kl_loss      : 0.0000
  train_acc    : 0.9983
  epoch_time   : 0m 9s
------------------------------
Training elapsed: 10m 9s

Epoch 67/119
----------
Epoch 67 summary:
  total_loss   : 0.6854
  cls_loss     : 0.1151
  triplet_loss : 0.1097
  kl_loss      : 0.0000
  train_acc    : 0.9965
  epoch_time   : 0m 9s
------------------------------
Training elapsed: 10m 19s

Epoch 68/119
----------
Epoch 68 summary:
  total_loss   : 0.7182
  cls_loss     : 0.1238
  triplet_loss : 0.1143
  kl_loss      : 0.0000
  train_acc    : 0.9965
  epoch_time   : 0m 9s
------------------------------
Training elapsed: 10m 28s

Epoch 69/119
----------
Epoch 69 summary:
  total_loss   : 0.6949
  cls_loss     : 0.1145
  triplet_loss : 0.1116
  kl_loss      : 0.0000
  train_acc    : 0.9965
  epoch_time   : 0m 9s
------------------------------
Training elapsed: 10m 37s

Epoch 70/119
----------
Epoch 70 summary:
  total_loss   : 0.6800
  cls_loss     : 0.0988
  triplet_loss : 0.1118
  kl_loss      : 0.0000
  train_acc    : 0.9965
  epoch_time   : 0m 9s
------------------------------
Training elapsed: 10m 47s

Epoch 71/119
----------
Epoch 71 summary:
  total_loss   : 0.6774
  cls_loss     : 0.1045
  triplet_loss : 0.1102
  kl_loss      : 0.0000
  train_acc    : 0.9948
  epoch_time   : 0m 9s
------------------------------
Training elapsed: 10m 56s

Epoch 72/119
----------
Epoch 72 summary:
  total_loss   : 0.6599
  cls_loss     : 0.0933
  triplet_loss : 0.1090
  kl_loss      : 0.0000
  train_acc    : 0.9965
  epoch_time   : 0m 9s
------------------------------
Training elapsed: 11m 5s

Epoch 73/119
----------
Epoch 73 summary:
  total_loss   : 0.6572
  cls_loss     : 0.0954
  triplet_loss : 0.1080
  kl_loss      : 0.0000
  train_acc    : 0.9983
  epoch_time   : 0m 10s
------------------------------
Training elapsed: 11m 15s

Epoch 74/119
----------
Epoch 74 summary:
  total_loss   : 0.6505
  cls_loss     : 0.1025
  triplet_loss : 0.1054
  kl_loss      : 0.0000
  train_acc    : 0.9983
  epoch_time   : 0m 9s
------------------------------
Training elapsed: 11m 24s

Epoch 75/119
----------
Epoch 75 summary:
  total_loss   : 0.6503
  cls_loss     : 0.1033
  triplet_loss : 0.1052
  kl_loss      : 0.0000
  train_acc    : 0.9931
  epoch_time   : 0m 9s
------------------------------
Training elapsed: 11m 33s

Epoch 76/119
----------
Epoch 76 summary:
  total_loss   : 0.6470
  cls_loss     : 0.1029
  triplet_loss : 0.1047
  kl_loss      : 0.0000
  train_acc    : 0.9948
  epoch_time   : 0m 9s
------------------------------
Training elapsed: 11m 43s

Epoch 77/119
----------
Epoch 77 summary:
  total_loss   : 0.6459
  cls_loss     : 0.1052
  triplet_loss : 0.1040
  kl_loss      : 0.0000
  train_acc    : 0.9948
  epoch_time   : 0m 9s
------------------------------
Training elapsed: 11m 51s

Epoch 78/119
----------
Epoch 78 summary:
  total_loss   : 0.6352
  cls_loss     : 0.0922
  triplet_loss : 0.1044
  kl_loss      : 0.0000
  train_acc    : 0.9965
  epoch_time   : 0m 9s
------------------------------
Training elapsed: 12m 1s

Epoch 79/119
----------
Epoch 79 summary:
  total_loss   : 0.6127
  cls_loss     : 0.0883
  triplet_loss : 0.1009
  kl_loss      : 0.0000
  train_acc    : 0.9948
  epoch_time   : 0m 9s
------------------------------
Training elapsed: 12m 10s

Epoch 80/119
----------
Epoch 80 summary:
  total_loss   : 0.6078
  cls_loss     : 0.0913
  triplet_loss : 0.0993
  kl_loss      : 0.0000
  train_acc    : 0.9948
  epoch_time   : 0m 9s
------------------------------
Training elapsed: 12m 19s

Epoch 81/119
----------
Epoch 81 summary:
  total_loss   : 0.6073
  cls_loss     : 0.0875
  triplet_loss : 0.1000
  kl_loss      : 0.0000
  train_acc    : 0.9931
  epoch_time   : 0m 9s
------------------------------
Training elapsed: 12m 28s

Epoch 82/119
----------
Epoch 82 summary:
  total_loss   : 0.6248
  cls_loss     : 0.0973
  triplet_loss : 0.1014
  kl_loss      : 0.0000
  train_acc    : 0.9948
  epoch_time   : 0m 9s
------------------------------
Training elapsed: 12m 37s

Epoch 83/119
----------
Epoch 83 summary:
  total_loss   : 0.6111
  cls_loss     : 0.0928
  triplet_loss : 0.0997
  kl_loss      : 0.0000
  train_acc    : 0.9965
  epoch_time   : 0m 9s
------------------------------
Training elapsed: 12m 46s

Epoch 84/119
----------
Epoch 84 summary:
  total_loss   : 0.5941
  cls_loss     : 0.0853
  triplet_loss : 0.0979
  kl_loss      : 0.0000
  train_acc    : 0.9965
  epoch_time   : 0m 10s
------------------------------
Training elapsed: 12m 56s

Epoch 85/119
----------
Epoch 85 summary:
  total_loss   : 0.5900
  cls_loss     : 0.0778
  triplet_loss : 0.0985
  kl_loss      : 0.0000
  train_acc    : 0.9965
  epoch_time   : 0m 10s
------------------------------
Training elapsed: 13m 5s

Epoch 86/119
----------
Epoch 86 summary:
  total_loss   : 0.6093
  cls_loss     : 0.0862
  triplet_loss : 0.1006
  kl_loss      : 0.0000
  train_acc    : 0.9948
  epoch_time   : 0m 9s
------------------------------
Training elapsed: 13m 15s

Epoch 87/119
----------
Epoch 87 summary:
  total_loss   : 0.6004
  cls_loss     : 0.0841
  triplet_loss : 0.0993
  kl_loss      : 0.0000
  train_acc    : 1.0000
  epoch_time   : 0m 8s
------------------------------
Training elapsed: 13m 23s

Epoch 88/119
----------
Epoch 88 summary:
  total_loss   : 0.5647
  cls_loss     : 0.0743
  triplet_loss : 0.0943
  kl_loss      : 0.0000
  train_acc    : 0.9948
  epoch_time   : 0m 9s
------------------------------
Training elapsed: 13m 33s

Epoch 89/119
----------
Epoch 89 summary:
  total_loss   : 0.5947
  cls_loss     : 0.0848
  triplet_loss : 0.0981
  kl_loss      : 0.0000
  train_acc    : 0.9983
  epoch_time   : 0m 10s
------------------------------
Training elapsed: 13m 42s

Epoch 90/119
----------
Epoch 90 summary:
  total_loss   : 0.5582
  cls_loss     : 0.0697
  triplet_loss : 0.0940
  kl_loss      : 0.0000
  train_acc    : 0.9931
  epoch_time   : 0m 9s
------------------------------
Training elapsed: 13m 51s

Epoch 91/119
----------
Epoch 91 summary:
  total_loss   : 0.5717
  cls_loss     : 0.0795
  triplet_loss : 0.0947
  kl_loss      : 0.0000
  train_acc    : 0.9965
  epoch_time   : 0m 9s
------------------------------
Training elapsed: 13m 60s

Epoch 92/119
----------
Epoch 92 summary:
  total_loss   : 0.5647
  cls_loss     : 0.0791
  triplet_loss : 0.0934
  kl_loss      : 0.0000
  train_acc    : 0.9965
  epoch_time   : 0m 8s
------------------------------
Training elapsed: 14m 8s

Epoch 93/119
----------
Epoch 93 summary:
  total_loss   : 0.5597
  cls_loss     : 0.0605
  triplet_loss : 0.0960
  kl_loss      : 0.0000
  train_acc    : 0.9965
  epoch_time   : 0m 10s
------------------------------
Training elapsed: 14m 17s

Epoch 94/119
----------
Epoch 94 summary:
  total_loss   : 0.5570
  cls_loss     : 0.0746
  triplet_loss : 0.0928
  kl_loss      : 0.0000
  train_acc    : 0.9948
  epoch_time   : 0m 9s
------------------------------
Training elapsed: 14m 27s

Epoch 95/119
----------
Epoch 95 summary:
  total_loss   : 0.5812
  cls_loss     : 0.0824
  triplet_loss : 0.0959
  kl_loss      : 0.0000
  train_acc    : 0.9965
  epoch_time   : 0m 9s
------------------------------
Training elapsed: 14m 36s

Epoch 96/119
----------
Epoch 96 summary:
  total_loss   : 0.5433
  cls_loss     : 0.0640
  triplet_loss : 0.0922
  kl_loss      : 0.0000
  train_acc    : 0.9965
  epoch_time   : 0m 9s
------------------------------
Training elapsed: 14m 45s

Epoch 97/119
----------
Epoch 97 summary:
  total_loss   : 0.5939
  cls_loss     : 0.0899
  triplet_loss : 0.0969
  kl_loss      : 0.0000
  train_acc    : 0.9965
  epoch_time   : 0m 9s
------------------------------
Training elapsed: 14m 54s

Epoch 98/119
----------
Epoch 98 summary:
  total_loss   : 0.5743
  cls_loss     : 0.0781
  triplet_loss : 0.0955
  kl_loss      : 0.0000
  train_acc    : 0.9983
  epoch_time   : 0m 8s
------------------------------
Training elapsed: 15m 2s

Epoch 99/119
----------
Epoch 99 summary:
  total_loss   : 0.5718
  cls_loss     : 0.0889
  triplet_loss : 0.0929
  kl_loss      : 0.0000
  train_acc    : 0.9965
  epoch_time   : 0m 8s
------------------------------
Training elapsed: 15m 11s

Epoch 100/119
----------
Epoch 100 summary:
  total_loss   : 0.5750
  cls_loss     : 0.0865
  triplet_loss : 0.0940
  kl_loss      : 0.0000
  train_acc    : 0.9983
  epoch_time   : 0m 9s
------------------------------
Training elapsed: 15m 20s

Epoch 101/119
----------
Epoch 101 summary:
  total_loss   : 0.5900
  cls_loss     : 0.0940
  triplet_loss : 0.0954
  kl_loss      : 0.0000
  train_acc    : 0.9965
  epoch_time   : 0m 9s
------------------------------
Training elapsed: 15m 29s

Epoch 102/119
----------
Epoch 102 summary:
  total_loss   : 0.5384
  cls_loss     : 0.0669
  triplet_loss : 0.0907
  kl_loss      : 0.0000
  train_acc    : 0.9965
  epoch_time   : 0m 9s
------------------------------
Training elapsed: 15m 38s

Epoch 103/119
----------
Epoch 103 summary:
  total_loss   : 0.5423
  cls_loss     : 0.0704
  triplet_loss : 0.0908
  kl_loss      : 0.0000
  train_acc    : 0.9983
  epoch_time   : 0m 9s
------------------------------
Training elapsed: 15m 47s

Epoch 104/119
----------
Epoch 104 summary:
  total_loss   : 0.5171
  cls_loss     : 0.0605
  triplet_loss : 0.0878
  kl_loss      : 0.0000
  train_acc    : 0.9983
  epoch_time   : 0m 9s
------------------------------
Training elapsed: 15m 56s

Epoch 105/119
----------
Epoch 105 summary:
  total_loss   : 0.5803
  cls_loss     : 0.0952
  triplet_loss : 0.0933
  kl_loss      : 0.0000
  train_acc    : 0.9965
  epoch_time   : 0m 9s
------------------------------
Training elapsed: 16m 5s

Epoch 106/119
----------
Epoch 106 summary:
  total_loss   : 0.5704
  cls_loss     : 0.0873
  triplet_loss : 0.0929
  kl_loss      : 0.0000
  train_acc    : 0.9965
  epoch_time   : 0m 10s
------------------------------
Training elapsed: 16m 15s

Epoch 107/119
----------
Epoch 107 summary:
  total_loss   : 0.5602
  cls_loss     : 0.0871
  triplet_loss : 0.0910
  kl_loss      : 0.0000
  train_acc    : 0.9983
  epoch_time   : 0m 9s
------------------------------
Training elapsed: 16m 23s

Epoch 108/119
----------
Epoch 108 summary:
  total_loss   : 0.5362
  cls_loss     : 0.0698
  triplet_loss : 0.0897
  kl_loss      : 0.0000
  train_acc    : 0.9948
  epoch_time   : 0m 9s
------------------------------
Training elapsed: 16m 33s

Epoch 109/119
----------
Epoch 109 summary:
  total_loss   : 0.5725
  cls_loss     : 0.0861
  triplet_loss : 0.0935
  kl_loss      : 0.0000
  train_acc    : 0.9931
  epoch_time   : 0m 9s
------------------------------
Training elapsed: 16m 42s

Epoch 110/119
----------
Epoch 110 summary:
  total_loss   : 0.5385
  cls_loss     : 0.0754
  triplet_loss : 0.0891
  kl_loss      : 0.0000
  train_acc    : 0.9965
  epoch_time   : 0m 9s
------------------------------
Training elapsed: 16m 51s

Epoch 111/119
----------
Epoch 111 summary:
  total_loss   : 0.5631
  cls_loss     : 0.0878
  triplet_loss : 0.0914
  kl_loss      : 0.0000
  train_acc    : 0.9965
  epoch_time   : 0m 9s
------------------------------
Training elapsed: 17m 0s

Epoch 112/119
----------
Epoch 112 summary:
  total_loss   : 0.5902
  cls_loss     : 0.1048
  triplet_loss : 0.0933
  kl_loss      : 0.0000
  train_acc    : 0.9965
  epoch_time   : 0m 9s
------------------------------
Training elapsed: 17m 9s

Epoch 113/119
----------
Epoch 113 summary:
  total_loss   : 0.5527
  cls_loss     : 0.0660
  triplet_loss : 0.0936
  kl_loss      : 0.0000
  train_acc    : 0.9965
  epoch_time   : 0m 9s
------------------------------
Training elapsed: 17m 18s

Epoch 114/119
----------
Epoch 114 summary:
  total_loss   : 0.5306
  cls_loss     : 0.0660
  triplet_loss : 0.0894
  kl_loss      : 0.0000
  train_acc    : 0.9965
  epoch_time   : 0m 9s
------------------------------
Training elapsed: 17m 27s

Epoch 115/119
----------
Epoch 115 summary:
  total_loss   : 0.5580
  cls_loss     : 0.0784
  triplet_loss : 0.0922
  kl_loss      : 0.0000
  train_acc    : 0.9965
  epoch_time   : 0m 9s
------------------------------
Training elapsed: 17m 36s

Epoch 116/119
----------
Epoch 116 summary:
  total_loss   : 0.5894
  cls_loss     : 0.0864
  triplet_loss : 0.0967
  kl_loss      : 0.0000
  train_acc    : 0.9948
  epoch_time   : 0m 9s
------------------------------
Training elapsed: 17m 45s

Epoch 117/119
----------
Epoch 117 summary:
  total_loss   : 0.5509
  cls_loss     : 0.0674
  triplet_loss : 0.0930
  kl_loss      : 0.0000
  train_acc    : 0.9965
  epoch_time   : 0m 9s
------------------------------
Training elapsed: 17m 54s

Epoch 118/119
----------
Epoch 118 summary:
  total_loss   : 0.5429
  cls_loss     : 0.0641
  triplet_loss : 0.0921
  kl_loss      : 0.0000
  train_acc    : 0.9965
  epoch_time   : 0m 9s
------------------------------
Training elapsed: 18m 4s

Epoch 119/119
----------
Epoch 119 summary:
  total_loss   : 0.5421
  cls_loss     : 0.0682
  triplet_loss : 0.0911
  kl_loss      : 0.0000
  train_acc    : 0.9983
  epoch_time   : 0m 9s
------------------------------
Training elapsed: 18m 12s

