[Resize(size=(224, 224), interpolation=bicubic, max_size=None, antialias=warn), Pad(padding=0, fill=0, padding_mode=edge), RandomCrop(size=(224, 224), padding=None), RandomHorizontalFlip(p=0.5), ToTensor(), Normalize(mean=[0.485, 0.456, 0.406], std=[0.229, 0.224, 0.225])]
Building PCT Model | Views: 2, Block: 3
=> [Model Strategy] Using PCT (Polar Transform) strictly for Dual-View.
=========== Building Model: PCT (Polar-Contrastive Transformer) ===========
=> using Transformer_type: ViT-Small-RoPE-OFFICIAL (timm) as backbone
=> pretrain: /home/ps/Code/wxm_project/Polar_Contrastive_Transfomer/main_project/pretrain_model/vit_small_patch16_rope_224_naver_in1k.pth
=> [OfficialRoPEViTSmall] loading pretrain from: /home/ps/Code/wxm_project/Polar_Contrastive_Transfomer/main_project/pretrain_model/vit_small_patch16_rope_224_naver_in1k.pth
=> [OfficialRoPEViTSmall] load_state_dict done. missing=0, unexpected=0
=> Optimizer Strategy: AdamW with Differential Learning Rates.
   - Backbone LR: 0.000210 (0.3x)
   - Heads LR:    0.000700 (1.0x)
=> Scheduler Strategy: Warmup (10 eps) + Cosine Annealing
   - Total Epochs: 120
   - Min LR: 1e-6
---------- Start Training -------------
Epoch 0/119
----------
Epoch 0 summary:
  total_loss   : 13.9515
  cls_loss     : 13.1068
  triplet_loss : 0.4224
  kl_loss      : 0.0000
  train_acc    : 0.0052
  epoch_time   : 0m 10s
------------------------------
Training elapsed: 0m 10s

Epoch 1/119
----------
Epoch 1 summary:
  total_loss   : 13.9196
  cls_loss     : 13.0964
  triplet_loss : 0.4116
  kl_loss      : 0.0000
  train_acc    : 0.0017
  epoch_time   : 0m 9s
------------------------------
Training elapsed: 0m 20s

Epoch 2/119
----------
Epoch 2 summary:
  total_loss   : 13.8483
  cls_loss     : 13.0573
  triplet_loss : 0.3955
  kl_loss      : 0.0000
  train_acc    : 0.0174
  epoch_time   : 0m 9s
------------------------------
Training elapsed: 0m 28s

Epoch 3/119
----------
Epoch 3 summary:
  total_loss   : 13.7441
  cls_loss     : 12.9844
  triplet_loss : 0.3799
  kl_loss      : 0.0000
  train_acc    : 0.0764
  epoch_time   : 0m 8s
------------------------------
Training elapsed: 0m 37s

Epoch 4/119
----------
Epoch 4 summary:
  total_loss   : 13.6115
  cls_loss     : 12.8750
  triplet_loss : 0.3682
  kl_loss      : 0.0000
  train_acc    : 0.1476
  epoch_time   : 0m 9s
------------------------------
Training elapsed: 0m 45s

Epoch 5/119
----------
Epoch 5 summary:
  total_loss   : 13.4251
  cls_loss     : 12.7135
  triplet_loss : 0.3558
  kl_loss      : 0.0000
  train_acc    : 0.2361
  epoch_time   : 0m 9s
------------------------------
Training elapsed: 0m 55s

Epoch 6/119
----------
Epoch 6 summary:
  total_loss   : 13.1961
  cls_loss     : 12.5052
  triplet_loss : 0.3455
  kl_loss      : 0.0000
  train_acc    : 0.3438
  epoch_time   : 0m 9s
------------------------------
Training elapsed: 1m 3s

Epoch 7/119
----------
Epoch 7 summary:
  total_loss   : 12.8914
  cls_loss     : 12.2240
  triplet_loss : 0.3337
  kl_loss      : 0.0000
  train_acc    : 0.4045
  epoch_time   : 0m 10s
------------------------------
Training elapsed: 1m 13s

Epoch 8/119
----------
Epoch 8 summary:
  total_loss   : 12.5267
  cls_loss     : 11.8776
  triplet_loss : 0.3245
  kl_loss      : 0.0000
  train_acc    : 0.4601
  epoch_time   : 0m 8s
------------------------------
Training elapsed: 1m 21s

Epoch 9/119
----------
Epoch 9 summary:
  total_loss   : 12.1021
  cls_loss     : 11.4661
  triplet_loss : 0.3180
  kl_loss      : 0.0000
  train_acc    : 0.5226
  epoch_time   : 0m 9s
------------------------------
Training elapsed: 1m 31s

Epoch 10/119
----------
Epoch 10 summary:
  total_loss   : 11.6543
  cls_loss     : 11.0286
  triplet_loss : 0.3128
  kl_loss      : 0.0000
  train_acc    : 0.5382
  epoch_time   : 0m 8s
------------------------------
Training elapsed: 1m 39s

Epoch 11/119
----------
Epoch 11 summary:
  total_loss   : 11.1699
  cls_loss     : 10.5625
  triplet_loss : 0.3037
  kl_loss      : 0.0000
  train_acc    : 0.6233
  epoch_time   : 0m 8s
------------------------------
Training elapsed: 1m 47s

Epoch 12/119
----------
Epoch 12 summary:
  total_loss   : 10.6872
  cls_loss     : 10.1016
  triplet_loss : 0.2928
  kl_loss      : 0.0000
  train_acc    : 0.6476
  epoch_time   : 0m 9s
------------------------------
Training elapsed: 1m 57s

Epoch 13/119
----------
Epoch 13 summary:
  total_loss   : 10.2404
  cls_loss     : 9.6641
  triplet_loss : 0.2882
  kl_loss      : 0.0000
  train_acc    : 0.6944
  epoch_time   : 0m 8s
------------------------------
Training elapsed: 2m 5s

Epoch 14/119
----------
Epoch 14 summary:
  total_loss   : 9.8159
  cls_loss     : 9.2526
  triplet_loss : 0.2817
  kl_loss      : 0.0000
  train_acc    : 0.7309
  epoch_time   : 0m 9s
------------------------------
Training elapsed: 2m 14s

Epoch 15/119
----------
Epoch 15 summary:
  total_loss   : 9.3641
  cls_loss     : 8.8073
  triplet_loss : 0.2784
  kl_loss      : 0.0000
  train_acc    : 0.7743
  epoch_time   : 0m 9s
------------------------------
Training elapsed: 2m 23s

Epoch 16/119
----------
Epoch 16 summary:
  total_loss   : 8.9062
  cls_loss     : 8.3646
  triplet_loss : 0.2708
  kl_loss      : 0.0000
  train_acc    : 0.7708
  epoch_time   : 0m 10s
------------------------------
Training elapsed: 2m 33s

Epoch 17/119
----------
Epoch 17 summary:
  total_loss   : 8.4567
  cls_loss     : 7.9297
  triplet_loss : 0.2635
  kl_loss      : 0.0000
  train_acc    : 0.7969
  epoch_time   : 0m 9s
------------------------------
Training elapsed: 2m 42s

Epoch 18/119
----------
Epoch 18 summary:
  total_loss   : 8.0356
  cls_loss     : 7.5130
  triplet_loss : 0.2613
  kl_loss      : 0.0000
  train_acc    : 0.8299
  epoch_time   : 0m 10s
------------------------------
Training elapsed: 2m 52s

Epoch 19/119
----------
Epoch 19 summary:
  total_loss   : 7.6180
  cls_loss     : 7.1094
  triplet_loss : 0.2543
  kl_loss      : 0.0000
  train_acc    : 0.8733
  epoch_time   : 0m 9s
------------------------------
Training elapsed: 3m 1s

Epoch 20/119
----------
Epoch 20 summary:
  total_loss   : 7.1903
  cls_loss     : 6.6875
  triplet_loss : 0.2514
  kl_loss      : 0.0000
  train_acc    : 0.8611
  epoch_time   : 0m 9s
------------------------------
Training elapsed: 3m 10s

Epoch 21/119
----------
Epoch 21 summary:
  total_loss   : 6.8024
  cls_loss     : 6.3125
  triplet_loss : 0.2450
  kl_loss      : 0.0000
  train_acc    : 0.8785
  epoch_time   : 0m 10s
------------------------------
Training elapsed: 3m 20s

Epoch 22/119
----------
Epoch 22 summary:
  total_loss   : 6.4237
  cls_loss     : 5.9401
  triplet_loss : 0.2418
  kl_loss      : 0.0000
  train_acc    : 0.9149
  epoch_time   : 0m 10s
------------------------------
Training elapsed: 3m 29s

Epoch 23/119
----------
Epoch 23 summary:
  total_loss   : 6.0639
  cls_loss     : 5.5885
  triplet_loss : 0.2377
  kl_loss      : 0.0000
  train_acc    : 0.9253
  epoch_time   : 0m 10s
------------------------------
Training elapsed: 3m 39s

Epoch 24/119
----------
Epoch 24 summary:
  total_loss   : 5.7123
  cls_loss     : 5.2448
  triplet_loss : 0.2338
  kl_loss      : 0.0000
  train_acc    : 0.9306
  epoch_time   : 0m 10s
------------------------------
Training elapsed: 3m 49s

Epoch 25/119
----------
Epoch 25 summary:
  total_loss   : 5.3406
  cls_loss     : 4.8815
  triplet_loss : 0.2295
  kl_loss      : 0.0000
  train_acc    : 0.9375
  epoch_time   : 0m 10s
------------------------------
Training elapsed: 3m 59s

Epoch 26/119
----------
Epoch 26 summary:
  total_loss   : 5.0046
  cls_loss     : 4.5534
  triplet_loss : 0.2256
  kl_loss      : 0.0000
  train_acc    : 0.9323
  epoch_time   : 0m 8s
------------------------------
Training elapsed: 4m 7s

Epoch 27/119
----------
Epoch 27 summary:
  total_loss   : 4.6986
  cls_loss     : 4.2526
  triplet_loss : 0.2230
  kl_loss      : 0.0000
  train_acc    : 0.9566
  epoch_time   : 0m 8s
------------------------------
Training elapsed: 4m 15s

Epoch 28/119
----------
Epoch 28 summary:
  total_loss   : 4.3716
  cls_loss     : 3.9349
  triplet_loss : 0.2183
  kl_loss      : 0.0000
  train_acc    : 0.9635
  epoch_time   : 0m 10s
------------------------------
Training elapsed: 4m 25s

Epoch 29/119
----------
Epoch 29 summary:
  total_loss   : 4.0823
  cls_loss     : 3.6478
  triplet_loss : 0.2172
  kl_loss      : 0.0000
  train_acc    : 0.9688
  epoch_time   : 0m 10s
------------------------------
Training elapsed: 4m 35s

Epoch 30/119
----------
Epoch 30 summary:
  total_loss   : 3.8347
  cls_loss     : 3.4036
  triplet_loss : 0.2155
  kl_loss      : 0.0000
  train_acc    : 0.9566
  epoch_time   : 0m 9s
------------------------------
Training elapsed: 4m 44s

Epoch 31/119
----------
Epoch 31 summary:
  total_loss   : 3.5263
  cls_loss     : 3.1094
  triplet_loss : 0.2085
  kl_loss      : 0.0000
  train_acc    : 0.9774
  epoch_time   : 0m 10s
------------------------------
Training elapsed: 4m 54s

Epoch 32/119
----------
Epoch 32 summary:
  total_loss   : 3.3135
  cls_loss     : 2.8971
  triplet_loss : 0.2082
  kl_loss      : 0.0000
  train_acc    : 0.9740
  epoch_time   : 0m 9s
------------------------------
Training elapsed: 5m 3s

Epoch 33/119
----------
Epoch 33 summary:
  total_loss   : 3.0947
  cls_loss     : 2.6908
  triplet_loss : 0.2020
  kl_loss      : 0.0000
  train_acc    : 0.9774
  epoch_time   : 0m 9s
------------------------------
Training elapsed: 5m 12s

Epoch 34/119
----------
Epoch 34 summary:
  total_loss   : 2.8741
  cls_loss     : 2.4714
  triplet_loss : 0.2014
  kl_loss      : 0.0000
  train_acc    : 0.9792
  epoch_time   : 0m 10s
------------------------------
Training elapsed: 5m 23s

Epoch 35/119
----------
Epoch 35 summary:
  total_loss   : 2.6877
  cls_loss     : 2.2930
  triplet_loss : 0.1974
  kl_loss      : 0.0000
  train_acc    : 0.9861
  epoch_time   : 0m 9s
------------------------------
Training elapsed: 5m 32s

Epoch 36/119
----------
Epoch 36 summary:
  total_loss   : 2.5244
  cls_loss     : 2.1315
  triplet_loss : 0.1965
  kl_loss      : 0.0000
  train_acc    : 0.9809
  epoch_time   : 0m 9s
------------------------------
Training elapsed: 5m 42s

Epoch 37/119
----------
Epoch 37 summary:
  total_loss   : 2.3893
  cls_loss     : 1.9948
  triplet_loss : 0.1973
  kl_loss      : 0.0000
  train_acc    : 0.9878
  epoch_time   : 0m 9s
------------------------------
Training elapsed: 5m 51s

Epoch 38/119
----------
Epoch 38 summary:
  total_loss   : 2.1890
  cls_loss     : 1.8073
  triplet_loss : 0.1908
  kl_loss      : 0.0000
  train_acc    : 0.9913
  epoch_time   : 0m 8s
------------------------------
Training elapsed: 5m 59s

Epoch 39/119
----------
Epoch 39 summary:
  total_loss   : 2.0426
  cls_loss     : 1.6608
  triplet_loss : 0.1909
  kl_loss      : 0.0000
  train_acc    : 0.9896
  epoch_time   : 0m 9s
------------------------------
Training elapsed: 6m 8s

Epoch 40/119
----------
Epoch 40 summary:
  total_loss   : 1.9364
  cls_loss     : 1.5573
  triplet_loss : 0.1895
  kl_loss      : 0.0000
  train_acc    : 0.9931
  epoch_time   : 0m 8s
------------------------------
Training elapsed: 6m 16s

Epoch 41/119
----------
Epoch 41 summary:
  total_loss   : 1.7875
  cls_loss     : 1.4180
  triplet_loss : 0.1848
  kl_loss      : 0.0000
  train_acc    : 0.9861
  epoch_time   : 0m 8s
------------------------------
Training elapsed: 6m 24s

Epoch 42/119
----------
Epoch 42 summary:
  total_loss   : 1.6943
  cls_loss     : 1.3301
  triplet_loss : 0.1821
  kl_loss      : 0.0000
  train_acc    : 0.9896
  epoch_time   : 0m 8s
------------------------------
Training elapsed: 6m 32s

Epoch 43/119
----------
Epoch 43 summary:
  total_loss   : 1.6061
  cls_loss     : 1.2425
  triplet_loss : 0.1818
  kl_loss      : 0.0000
  train_acc    : 0.9896
  epoch_time   : 0m 9s
------------------------------
Training elapsed: 6m 41s

Epoch 44/119
----------
Epoch 44 summary:
  total_loss   : 1.5246
  cls_loss     : 1.1637
  triplet_loss : 0.1804
  kl_loss      : 0.0000
  train_acc    : 0.9913
  epoch_time   : 0m 8s
------------------------------
Training elapsed: 6m 49s

Epoch 45/119
----------
Epoch 45 summary:
  total_loss   : 1.4497
  cls_loss     : 1.0973
  triplet_loss : 0.1762
  kl_loss      : 0.0000
  train_acc    : 0.9931
  epoch_time   : 0m 9s
------------------------------
Training elapsed: 6m 58s

Epoch 46/119
----------
Epoch 46 summary:
  total_loss   : 1.3609
  cls_loss     : 1.0023
  triplet_loss : 0.1793
  kl_loss      : 0.0000
  train_acc    : 0.9878
  epoch_time   : 0m 10s
------------------------------
Training elapsed: 7m 8s

Epoch 47/119
----------
Epoch 47 summary:
  total_loss   : 1.3069
  cls_loss     : 0.9577
  triplet_loss : 0.1746
  kl_loss      : 0.0000
  train_acc    : 0.9896
  epoch_time   : 0m 10s
------------------------------
Training elapsed: 7m 17s

Epoch 48/119
----------
Epoch 48 summary:
  total_loss   : 1.2201
  cls_loss     : 0.8773
  triplet_loss : 0.1714
  kl_loss      : 0.0000
  train_acc    : 0.9878
  epoch_time   : 0m 8s
------------------------------
Training elapsed: 7m 26s

Epoch 49/119
----------
Epoch 49 summary:
  total_loss   : 1.2057
  cls_loss     : 0.8600
  triplet_loss : 0.1729
  kl_loss      : 0.0000
  train_acc    : 0.9931
  epoch_time   : 0m 9s
------------------------------
Training elapsed: 7m 35s

Epoch 50/119
----------
Epoch 50 summary:
  total_loss   : 1.1554
  cls_loss     : 0.8120
  triplet_loss : 0.1717
  kl_loss      : 0.0000
  train_acc    : 0.9931
  epoch_time   : 0m 9s
------------------------------
Training elapsed: 7m 44s

Epoch 51/119
----------
Epoch 51 summary:
  total_loss   : 1.1155
  cls_loss     : 0.7708
  triplet_loss : 0.1723
  kl_loss      : 0.0000
  train_acc    : 0.9913
  epoch_time   : 0m 9s
------------------------------
Training elapsed: 7m 53s

Epoch 52/119
----------
Epoch 52 summary:
  total_loss   : 1.0536
  cls_loss     : 0.7188
  triplet_loss : 0.1674
  kl_loss      : 0.0000
  train_acc    : 0.9931
  epoch_time   : 0m 8s
------------------------------
Training elapsed: 8m 1s

Epoch 53/119
----------
Epoch 53 summary:
  total_loss   : 1.0509
  cls_loss     : 0.7098
  triplet_loss : 0.1705
  kl_loss      : 0.0000
  train_acc    : 0.9931
  epoch_time   : 0m 9s
------------------------------
Training elapsed: 8m 10s

Epoch 54/119
----------
Epoch 54 summary:
  total_loss   : 0.9909
  cls_loss     : 0.6593
  triplet_loss : 0.1658
  kl_loss      : 0.0000
  train_acc    : 0.9931
  epoch_time   : 0m 10s
------------------------------
Training elapsed: 8m 20s

Epoch 55/119
----------
Epoch 55 summary:
  total_loss   : 0.9788
  cls_loss     : 0.6527
  triplet_loss : 0.1631
  kl_loss      : 0.0000
  train_acc    : 0.9948
  epoch_time   : 0m 8s
------------------------------
Training elapsed: 8m 28s

Epoch 56/119
----------
Epoch 56 summary:
  total_loss   : 0.9381
  cls_loss     : 0.6113
  triplet_loss : 0.1634
  kl_loss      : 0.0000
  train_acc    : 0.9913
  epoch_time   : 0m 9s
------------------------------
Training elapsed: 8m 37s

Epoch 57/119
----------
Epoch 57 summary:
  total_loss   : 0.9047
  cls_loss     : 0.5820
  triplet_loss : 0.1613
  kl_loss      : 0.0000
  train_acc    : 0.9965
  epoch_time   : 0m 7s
------------------------------
Training elapsed: 8m 44s

Epoch 58/119
----------
Epoch 58 summary:
  total_loss   : 0.8664
  cls_loss     : 0.5479
  triplet_loss : 0.1593
  kl_loss      : 0.0000
  train_acc    : 0.9948
  epoch_time   : 0m 8s
------------------------------
Training elapsed: 8m 52s

Epoch 59/119
----------
Epoch 59 summary:
  total_loss   : 0.8702
  cls_loss     : 0.5448
  triplet_loss : 0.1627
  kl_loss      : 0.0000
  train_acc    : 0.9948
  epoch_time   : 0m 8s
------------------------------
Training elapsed: 9m 0s

Epoch 60/119
----------
Epoch 60 summary:
  total_loss   : 0.8413
  cls_loss     : 0.5215
  triplet_loss : 0.1599
  kl_loss      : 0.0000
  train_acc    : 0.9965
  epoch_time   : 0m 8s
------------------------------
Training elapsed: 9m 8s

Epoch 61/119
----------
Epoch 61 summary:
  total_loss   : 0.8357
  cls_loss     : 0.5163
  triplet_loss : 0.1597
  kl_loss      : 0.0000
  train_acc    : 0.9983
  epoch_time   : 0m 7s
------------------------------
Training elapsed: 9m 15s

Epoch 62/119
----------
Epoch 62 summary:
  total_loss   : 0.8233
  cls_loss     : 0.5031
  triplet_loss : 0.1601
  kl_loss      : 0.0000
  train_acc    : 0.9965
  epoch_time   : 0m 9s
------------------------------
Training elapsed: 9m 24s

Epoch 63/119
----------
Epoch 63 summary:
  total_loss   : 0.7797
  cls_loss     : 0.4698
  triplet_loss : 0.1549
  kl_loss      : 0.0000
  train_acc    : 0.9948
  epoch_time   : 0m 7s
------------------------------
Training elapsed: 9m 31s

Epoch 64/119
----------
Epoch 64 summary:
  total_loss   : 0.7885
  cls_loss     : 0.4703
  triplet_loss : 0.1591
  kl_loss      : 0.0000
  train_acc    : 0.9965
  epoch_time   : 0m 8s
------------------------------
Training elapsed: 9m 39s

Epoch 65/119
----------
Epoch 65 summary:
  total_loss   : 0.7556
  cls_loss     : 0.4430
  triplet_loss : 0.1563
  kl_loss      : 0.0000
  train_acc    : 0.9965
  epoch_time   : 0m 8s
------------------------------
Training elapsed: 9m 46s

Epoch 66/119
----------
Epoch 66 summary:
  total_loss   : 0.7343
  cls_loss     : 0.4231
  triplet_loss : 0.1556
  kl_loss      : 0.0000
  train_acc    : 0.9965
  epoch_time   : 0m 8s
------------------------------
Training elapsed: 9m 55s

Epoch 67/119
----------
Epoch 67 summary:
  total_loss   : 0.7238
  cls_loss     : 0.4161
  triplet_loss : 0.1538
  kl_loss      : 0.0000
  train_acc    : 0.9948
  epoch_time   : 0m 8s
------------------------------
Training elapsed: 10m 2s

Epoch 68/119
----------
Epoch 68 summary:
  total_loss   : 0.7126
  cls_loss     : 0.4071
  triplet_loss : 0.1527
  kl_loss      : 0.0000
  train_acc    : 0.9948
  epoch_time   : 0m 9s
------------------------------
Training elapsed: 10m 11s

Epoch 69/119
----------
Epoch 69 summary:
  total_loss   : 0.7205
  cls_loss     : 0.4149
  triplet_loss : 0.1528
  kl_loss      : 0.0000
  train_acc    : 0.9948
  epoch_time   : 0m 9s
------------------------------
Training elapsed: 10m 20s

Epoch 70/119
----------
Epoch 70 summary:
  total_loss   : 0.7111
  cls_loss     : 0.4067
  triplet_loss : 0.1522
  kl_loss      : 0.0000
  train_acc    : 0.9948
  epoch_time   : 0m 8s
------------------------------
Training elapsed: 10m 28s

Epoch 71/119
----------
Epoch 71 summary:
  total_loss   : 0.6989
  cls_loss     : 0.3945
  triplet_loss : 0.1522
  kl_loss      : 0.0000
  train_acc    : 0.9931
  epoch_time   : 0m 10s
------------------------------
Training elapsed: 10m 38s

Epoch 72/119
----------
Epoch 72 summary:
  total_loss   : 0.6783
  cls_loss     : 0.3708
  triplet_loss : 0.1538
  kl_loss      : 0.0000
  train_acc    : 0.9965
  epoch_time   : 0m 9s
------------------------------
Training elapsed: 10m 47s

Epoch 73/119
----------
Epoch 73 summary:
  total_loss   : 0.6674
  cls_loss     : 0.3612
  triplet_loss : 0.1531
  kl_loss      : 0.0000
  train_acc    : 0.9948
  epoch_time   : 0m 9s
------------------------------
Training elapsed: 10m 56s

Epoch 74/119
----------
Epoch 74 summary:
  total_loss   : 0.6712
  cls_loss     : 0.3678
  triplet_loss : 0.1517
  kl_loss      : 0.0000
  train_acc    : 0.9965
  epoch_time   : 0m 8s
------------------------------
Training elapsed: 11m 5s

Epoch 75/119
----------
Epoch 75 summary:
  total_loss   : 0.6554
  cls_loss     : 0.3575
  triplet_loss : 0.1489
  kl_loss      : 0.0000
  train_acc    : 0.9948
  epoch_time   : 0m 9s
------------------------------
Training elapsed: 11m 13s

Epoch 76/119
----------
Epoch 76 summary:
  total_loss   : 0.6536
  cls_loss     : 0.3489
  triplet_loss : 0.1524
  kl_loss      : 0.0000
  train_acc    : 0.9965
  epoch_time   : 0m 9s
------------------------------
Training elapsed: 11m 23s

Epoch 77/119
----------
Epoch 77 summary:
  total_loss   : 0.6465
  cls_loss     : 0.3468
  triplet_loss : 0.1498
  kl_loss      : 0.0000
  train_acc    : 0.9948
  epoch_time   : 0m 8s
------------------------------
Training elapsed: 11m 31s

Epoch 78/119
----------
Epoch 78 summary:
  total_loss   : 0.6271
  cls_loss     : 0.3291
  triplet_loss : 0.1490
  kl_loss      : 0.0000
  train_acc    : 0.9965
  epoch_time   : 0m 9s
------------------------------
Training elapsed: 11m 40s

Epoch 79/119
----------
Epoch 79 summary:
  total_loss   : 0.6215
  cls_loss     : 0.3256
  triplet_loss : 0.1479
  kl_loss      : 0.0000
  train_acc    : 1.0000
  epoch_time   : 0m 10s
------------------------------
Training elapsed: 11m 50s

Epoch 80/119
----------
Epoch 80 summary:
  total_loss   : 0.6232
  cls_loss     : 0.3255
  triplet_loss : 0.1488
  kl_loss      : 0.0000
  train_acc    : 0.9931
  epoch_time   : 0m 9s
------------------------------
Training elapsed: 11m 59s

Epoch 81/119
----------
Epoch 81 summary:
  total_loss   : 0.6287
  cls_loss     : 0.3254
  triplet_loss : 0.1517
  kl_loss      : 0.0000
  train_acc    : 0.9965
  epoch_time   : 0m 10s
------------------------------
Training elapsed: 12m 9s

Epoch 82/119
----------
Epoch 82 summary:
  total_loss   : 0.5934
  cls_loss     : 0.3042
  triplet_loss : 0.1446
  kl_loss      : 0.0000
  train_acc    : 0.9931
  epoch_time   : 0m 9s
------------------------------
Training elapsed: 12m 19s

Epoch 83/119
----------
Epoch 83 summary:
  total_loss   : 0.6164
  cls_loss     : 0.3171
  triplet_loss : 0.1497
  kl_loss      : 0.0000
  train_acc    : 0.9948
  epoch_time   : 0m 10s
------------------------------
Training elapsed: 12m 28s

Epoch 84/119
----------
Epoch 84 summary:
  total_loss   : 0.6056
  cls_loss     : 0.3104
  triplet_loss : 0.1476
  kl_loss      : 0.0000
  train_acc    : 0.9983
  epoch_time   : 0m 9s
------------------------------
Training elapsed: 12m 38s

Epoch 85/119
----------
Epoch 85 summary:
  total_loss   : 0.6047
  cls_loss     : 0.3082
  triplet_loss : 0.1482
  kl_loss      : 0.0000
  train_acc    : 0.9965
  epoch_time   : 0m 10s
------------------------------
Training elapsed: 12m 48s

Epoch 86/119
----------
Epoch 86 summary:
  total_loss   : 0.6154
  cls_loss     : 0.3170
  triplet_loss : 0.1492
  kl_loss      : 0.0000
  train_acc    : 0.9965
  epoch_time   : 0m 9s
------------------------------
Training elapsed: 12m 57s

Epoch 87/119
----------
Epoch 87 summary:
  total_loss   : 0.5750
  cls_loss     : 0.2866
  triplet_loss : 0.1442
  kl_loss      : 0.0000
  train_acc    : 0.9948
  epoch_time   : 0m 10s
------------------------------
Training elapsed: 13m 6s

Epoch 88/119
----------
Epoch 88 summary:
  total_loss   : 0.5949
  cls_loss     : 0.2995
  triplet_loss : 0.1477
  kl_loss      : 0.0000
  train_acc    : 0.9965
  epoch_time   : 0m 9s
------------------------------
Training elapsed: 13m 15s

Epoch 89/119
----------
Epoch 89 summary:
  total_loss   : 0.5722
  cls_loss     : 0.2820
  triplet_loss : 0.1451
  kl_loss      : 0.0000
  train_acc    : 0.9948
  epoch_time   : 0m 10s
------------------------------
Training elapsed: 13m 25s

Epoch 90/119
----------
Epoch 90 summary:
  total_loss   : 0.5781
  cls_loss     : 0.2838
  triplet_loss : 0.1472
  kl_loss      : 0.0000
  train_acc    : 0.9965
  epoch_time   : 0m 9s
------------------------------
Training elapsed: 13m 34s

Epoch 91/119
----------
Epoch 91 summary:
  total_loss   : 0.5795
  cls_loss     : 0.2934
  triplet_loss : 0.1431
  kl_loss      : 0.0000
  train_acc    : 0.9948
  epoch_time   : 0m 10s
------------------------------
Training elapsed: 13m 44s

Epoch 92/119
----------
Epoch 92 summary:
  total_loss   : 0.5824
  cls_loss     : 0.2903
  triplet_loss : 0.1461
  kl_loss      : 0.0000
  train_acc    : 0.9965
  epoch_time   : 0m 10s
------------------------------
Training elapsed: 13m 54s

Epoch 93/119
----------
Epoch 93 summary:
  total_loss   : 0.5742
  cls_loss     : 0.2843
  triplet_loss : 0.1449
  kl_loss      : 0.0000
  train_acc    : 0.9931
  epoch_time   : 0m 10s
------------------------------
Training elapsed: 14m 4s

Epoch 94/119
----------
Epoch 94 summary:
  total_loss   : 0.5758
  cls_loss     : 0.2881
  triplet_loss : 0.1439
  kl_loss      : 0.0000
  train_acc    : 0.9965
  epoch_time   : 0m 8s
------------------------------
Training elapsed: 14m 12s

Epoch 95/119
----------
Epoch 95 summary:
  total_loss   : 0.5710
  cls_loss     : 0.2790
  triplet_loss : 0.1460
  kl_loss      : 0.0000
  train_acc    : 0.9983
  epoch_time   : 0m 9s
------------------------------
Training elapsed: 14m 21s

Epoch 96/119
----------
Epoch 96 summary:
  total_loss   : 0.5524
  cls_loss     : 0.2685
  triplet_loss : 0.1420
  kl_loss      : 0.0000
  train_acc    : 0.9983
  epoch_time   : 0m 10s
------------------------------
Training elapsed: 14m 30s

Epoch 97/119
----------
Epoch 97 summary:
  total_loss   : 0.5653
  cls_loss     : 0.2756
  triplet_loss : 0.1449
  kl_loss      : 0.0000
  train_acc    : 0.9931
  epoch_time   : 0m 9s
------------------------------
Training elapsed: 14m 39s

Epoch 98/119
----------
Epoch 98 summary:
  total_loss   : 0.5613
  cls_loss     : 0.2737
  triplet_loss : 0.1438
  kl_loss      : 0.0000
  train_acc    : 0.9965
  epoch_time   : 0m 9s
------------------------------
Training elapsed: 14m 48s

Epoch 99/119
----------
Epoch 99 summary:
  total_loss   : 0.5618
  cls_loss     : 0.2750
  triplet_loss : 0.1434
  kl_loss      : 0.0000
  train_acc    : 0.9948
  epoch_time   : 0m 8s
------------------------------
Training elapsed: 14m 56s

Epoch 100/119
----------
Epoch 100 summary:
  total_loss   : 0.5591
  cls_loss     : 0.2705
  triplet_loss : 0.1443
  kl_loss      : 0.0000
  train_acc    : 0.9948
  epoch_time   : 0m 9s
------------------------------
Training elapsed: 15m 5s

Epoch 101/119
----------
Epoch 101 summary:
  total_loss   : 0.5427
  cls_loss     : 0.2619
  triplet_loss : 0.1404
  kl_loss      : 0.0000
  train_acc    : 0.9965
  epoch_time   : 0m 9s
------------------------------
Training elapsed: 15m 14s

Epoch 102/119
----------
Epoch 102 summary:
  total_loss   : 0.5461
  cls_loss     : 0.2631
  triplet_loss : 0.1415
  kl_loss      : 0.0000
  train_acc    : 0.9931
  epoch_time   : 0m 10s
------------------------------
Training elapsed: 15m 24s

Epoch 103/119
----------
Epoch 103 summary:
  total_loss   : 0.5560
  cls_loss     : 0.2710
  triplet_loss : 0.1425
  kl_loss      : 0.0000
  train_acc    : 0.9983
  epoch_time   : 0m 9s
------------------------------
Training elapsed: 15m 34s

Epoch 104/119
----------
Epoch 104 summary:
  total_loss   : 0.5653
  cls_loss     : 0.2793
  triplet_loss : 0.1430
  kl_loss      : 0.0000
  train_acc    : 0.9965
  epoch_time   : 0m 10s
------------------------------
Training elapsed: 15m 43s

Epoch 105/119
----------
Epoch 105 summary:
  total_loss   : 0.5617
  cls_loss     : 0.2764
  triplet_loss : 0.1426
  kl_loss      : 0.0000
  train_acc    : 1.0000
  epoch_time   : 0m 9s
------------------------------
Training elapsed: 15m 53s

Epoch 106/119
----------
Epoch 106 summary:
  total_loss   : 0.5465
  cls_loss     : 0.2654
  triplet_loss : 0.1405
  kl_loss      : 0.0000
  train_acc    : 0.9965
  epoch_time   : 0m 9s
------------------------------
Training elapsed: 16m 1s

Epoch 107/119
----------
Epoch 107 summary:
  total_loss   : 0.5512
  cls_loss     : 0.2622
  triplet_loss : 0.1445
  kl_loss      : 0.0000
  train_acc    : 0.9931
  epoch_time   : 0m 10s
------------------------------
Training elapsed: 16m 11s

Epoch 108/119
----------
Epoch 108 summary:
  total_loss   : 0.5433
  cls_loss     : 0.2618
  triplet_loss : 0.1407
  kl_loss      : 0.0000
  train_acc    : 0.9983
  epoch_time   : 0m 9s
------------------------------
Training elapsed: 16m 19s

Epoch 109/119
----------
Epoch 109 summary:
  total_loss   : 0.5338
  cls_loss     : 0.2550
  triplet_loss : 0.1394
  kl_loss      : 0.0000
  train_acc    : 0.9948
  epoch_time   : 0m 9s
------------------------------
Training elapsed: 16m 28s

Epoch 110/119
----------
Epoch 110 summary:
  total_loss   : 0.5343
  cls_loss     : 0.2526
  triplet_loss : 0.1409
  kl_loss      : 0.0000
  train_acc    : 0.9931
  epoch_time   : 0m 9s
------------------------------
Training elapsed: 16m 38s

Epoch 111/119
----------
Epoch 111 summary:
  total_loss   : 0.5630
  cls_loss     : 0.2769
  triplet_loss : 0.1431
  kl_loss      : 0.0000
  train_acc    : 0.9948
  epoch_time   : 0m 9s
------------------------------
Training elapsed: 16m 47s

Epoch 112/119
----------
Epoch 112 summary:
  total_loss   : 0.5447
  cls_loss     : 0.2623
  triplet_loss : 0.1412
  kl_loss      : 0.0000
  train_acc    : 0.9931
  epoch_time   : 0m 9s
------------------------------
Training elapsed: 16m 55s

Epoch 113/119
----------
Epoch 113 summary:
  total_loss   : 0.5522
  cls_loss     : 0.2633
  triplet_loss : 0.1444
  kl_loss      : 0.0000
  train_acc    : 0.9931
  epoch_time   : 0m 8s
------------------------------
Training elapsed: 17m 4s

Epoch 114/119
----------
Epoch 114 summary:
  total_loss   : 0.5507
  cls_loss     : 0.2661
  triplet_loss : 0.1423
  kl_loss      : 0.0000
  train_acc    : 1.0000
  epoch_time   : 0m 9s
------------------------------
Training elapsed: 17m 13s

Epoch 115/119
----------
Epoch 115 summary:
  total_loss   : 0.5324
  cls_loss     : 0.2556
  triplet_loss : 0.1384
  kl_loss      : 0.0000
  train_acc    : 0.9948
  epoch_time   : 0m 8s
------------------------------
Training elapsed: 17m 21s

Epoch 116/119
----------
Epoch 116 summary:
  total_loss   : 0.5431
  cls_loss     : 0.2589
  triplet_loss : 0.1421
  kl_loss      : 0.0000
  train_acc    : 0.9948
  epoch_time   : 0m 8s
------------------------------
Training elapsed: 17m 29s

Epoch 117/119
----------
Epoch 117 summary:
  total_loss   : 0.5395
  cls_loss     : 0.2565
  triplet_loss : 0.1415
  kl_loss      : 0.0000
  train_acc    : 0.9948
  epoch_time   : 0m 9s
------------------------------
Training elapsed: 17m 38s

Epoch 118/119
----------
Epoch 118 summary:
  total_loss   : 0.5444
  cls_loss     : 0.2598
  triplet_loss : 0.1423
  kl_loss      : 0.0000
  train_acc    : 0.9983
  epoch_time   : 0m 9s
------------------------------
Training elapsed: 17m 47s

Epoch 119/119
----------
Epoch 119 summary:
  total_loss   : 0.5455
  cls_loss     : 0.2642
  triplet_loss : 0.1406
  kl_loss      : 0.0000
  train_acc    : 0.9948
  epoch_time   : 0m 8s
------------------------------
Training elapsed: 17m 55s

