[Resize(size=(224, 224), interpolation=bicubic, max_size=None, antialias=warn), Pad(padding=0, fill=0, padding_mode=edge), RandomCrop(size=(224, 224), padding=None), RandomHorizontalFlip(p=0.5), ToTensor(), Normalize(mean=[0.485, 0.456, 0.406], std=[0.229, 0.224, 0.225]), <datasets.random_erasing.RandomErasing object at 0x7f013f862f40>]
Building PCT Model | Views: 2, Block: 3
=> [Model Strategy] Using PCT (Polar Transform) strictly for Dual-View.
=========== Building Model: PCT (Polar-Contrastive Transformer) ===========
=> using Transformer_type: ViT-Small-RoPE-OFFICIAL (timm) as backbone
=> pretrain: /home/ps/Code/wxm_project/Polar_Contrastive_Transfomer/main_project/pretrain_model/vit_small_patch16_rope_224_naver_in1k.pth
=> [OfficialRoPEViTSmall] loading pretrain from: /home/ps/Code/wxm_project/Polar_Contrastive_Transfomer/main_project/pretrain_model/vit_small_patch16_rope_224_naver_in1k.pth
=> [OfficialRoPEViTSmall] load_state_dict done. missing=0, unexpected=0
=> Optimizer Strategy: AdamW with Differential Learning Rates.
   - Backbone LR: 0.000300 (0.3x)
   - Heads LR:    0.001000 (1.0x)
=> Scheduler Strategy: Warmup (10 eps) + Cosine Annealing
   - Total Epochs: 120
   - Min LR: 1e-6
---------- Start Training -------------
Epoch 0/119
----------
Epoch 0 summary:
  total_loss   : 14.5938
  cls_loss     : 13.1094
  triplet_loss : 0.4242
  kl_loss      : 0.0000
  train_acc    : 0.0000
  epoch_time   : 0m 10s
------------------------------
Training elapsed: 0m 10s

Epoch 1/119
----------
Epoch 1 summary:
  total_loss   : 14.5306
  cls_loss     : 13.0964
  triplet_loss : 0.4097
  kl_loss      : 0.0000
  train_acc    : 0.0035
  epoch_time   : 0m 10s
------------------------------
Training elapsed: 0m 20s

Epoch 2/119
----------
Epoch 2 summary:
  total_loss   : 14.4147
  cls_loss     : 13.0443
  triplet_loss : 0.3916
  kl_loss      : 0.0000
  train_acc    : 0.0191
  epoch_time   : 0m 9s
------------------------------
Training elapsed: 0m 29s

Epoch 3/119
----------
Epoch 3 summary:
  total_loss   : 14.2546
  cls_loss     : 12.9453
  triplet_loss : 0.3741
  kl_loss      : 0.0000
  train_acc    : 0.0764
  epoch_time   : 0m 10s
------------------------------
Training elapsed: 0m 40s

Epoch 4/119
----------
Epoch 4 summary:
  total_loss   : 14.0589
  cls_loss     : 12.8021
  triplet_loss : 0.3591
  kl_loss      : 0.0000
  train_acc    : 0.1597
  epoch_time   : 0m 10s
------------------------------
Training elapsed: 0m 49s

Epoch 5/119
----------
Epoch 5 summary:
  total_loss   : 13.7992
  cls_loss     : 12.5781
  triplet_loss : 0.3489
  kl_loss      : 0.0000
  train_acc    : 0.2986
  epoch_time   : 0m 10s
------------------------------
Training elapsed: 0m 59s

Epoch 6/119
----------
Epoch 6 summary:
  total_loss   : 13.4339
  cls_loss     : 12.2630
  triplet_loss : 0.3346
  kl_loss      : 0.0000
  train_acc    : 0.3889
  epoch_time   : 0m 9s
------------------------------
Training elapsed: 1m 9s

Epoch 7/119
----------
Epoch 7 summary:
  total_loss   : 13.0003
  cls_loss     : 11.8620
  triplet_loss : 0.3252
  kl_loss      : 0.0000
  train_acc    : 0.4566
  epoch_time   : 0m 11s
------------------------------
Training elapsed: 1m 19s

Epoch 8/119
----------
Epoch 8 summary:
  total_loss   : 12.4769
  cls_loss     : 11.3698
  triplet_loss : 0.3163
  kl_loss      : 0.0000
  train_acc    : 0.5156
  epoch_time   : 0m 10s
------------------------------
Training elapsed: 1m 29s

Epoch 9/119
----------
Epoch 9 summary:
  total_loss   : 11.8470
  cls_loss     : 10.7891
  triplet_loss : 0.3023
  kl_loss      : 0.0000
  train_acc    : 0.5747
  epoch_time   : 0m 9s
------------------------------
Training elapsed: 1m 39s

Epoch 10/119
----------
Epoch 10 summary:
  total_loss   : 11.2295
  cls_loss     : 10.2005
  triplet_loss : 0.2940
  kl_loss      : 0.0000
  train_acc    : 0.6215
  epoch_time   : 0m 10s
------------------------------
Training elapsed: 1m 49s

Epoch 11/119
----------
Epoch 11 summary:
  total_loss   : 10.5993
  cls_loss     : 9.6016
  triplet_loss : 0.2851
  kl_loss      : 0.0000
  train_acc    : 0.6753
  epoch_time   : 0m 10s
------------------------------
Training elapsed: 1m 59s

Epoch 12/119
----------
Epoch 12 summary:
  total_loss   : 9.9126
  cls_loss     : 8.9427
  triplet_loss : 0.2771
  kl_loss      : 0.0000
  train_acc    : 0.7326
  epoch_time   : 0m 9s
------------------------------
Training elapsed: 2m 8s

Epoch 13/119
----------
Epoch 13 summary:
  total_loss   : 9.3049
  cls_loss     : 8.3568
  triplet_loss : 0.2708
  kl_loss      : 0.0000
  train_acc    : 0.7604
  epoch_time   : 0m 9s
------------------------------
Training elapsed: 2m 17s

Epoch 14/119
----------
Epoch 14 summary:
  total_loss   : 8.6930
  cls_loss     : 7.7682
  triplet_loss : 0.2642
  kl_loss      : 0.0000
  train_acc    : 0.7760
  epoch_time   : 0m 10s
------------------------------
Training elapsed: 2m 27s

Epoch 15/119
----------
Epoch 15 summary:
  total_loss   : 8.0397
  cls_loss     : 7.1562
  triplet_loss : 0.2524
  kl_loss      : 0.0000
  train_acc    : 0.8368
  epoch_time   : 0m 9s
------------------------------
Training elapsed: 2m 37s

Epoch 16/119
----------
Epoch 16 summary:
  total_loss   : 7.5177
  cls_loss     : 6.6419
  triplet_loss : 0.2502
  kl_loss      : 0.0000
  train_acc    : 0.8403
  epoch_time   : 0m 8s
------------------------------
Training elapsed: 2m 45s

Epoch 17/119
----------
Epoch 17 summary:
  total_loss   : 6.9215
  cls_loss     : 6.0742
  triplet_loss : 0.2421
  kl_loss      : 0.0000
  train_acc    : 0.8854
  epoch_time   : 0m 9s
------------------------------
Training elapsed: 2m 54s

Epoch 18/119
----------
Epoch 18 summary:
  total_loss   : 6.4142
  cls_loss     : 5.5781
  triplet_loss : 0.2389
  kl_loss      : 0.0000
  train_acc    : 0.8993
  epoch_time   : 0m 10s
------------------------------
Training elapsed: 3m 4s

Epoch 19/119
----------
Epoch 19 summary:
  total_loss   : 5.8888
  cls_loss     : 5.0560
  triplet_loss : 0.2380
  kl_loss      : 0.0000
  train_acc    : 0.9149
  epoch_time   : 0m 9s
------------------------------
Training elapsed: 3m 13s

Epoch 20/119
----------
Epoch 20 summary:
  total_loss   : 5.4132
  cls_loss     : 4.6211
  triplet_loss : 0.2263
  kl_loss      : 0.0000
  train_acc    : 0.9271
  epoch_time   : 0m 10s
------------------------------
Training elapsed: 3m 22s

Epoch 21/119
----------
Epoch 21 summary:
  total_loss   : 4.9691
  cls_loss     : 4.1784
  triplet_loss : 0.2259
  kl_loss      : 0.0000
  train_acc    : 0.9497
  epoch_time   : 0m 8s
------------------------------
Training elapsed: 3m 30s

Epoch 22/119
----------
Epoch 22 summary:
  total_loss   : 4.5003
  cls_loss     : 3.7292
  triplet_loss : 0.2203
  kl_loss      : 0.0000
  train_acc    : 0.9618
  epoch_time   : 0m 10s
------------------------------
Training elapsed: 3m 40s

Epoch 23/119
----------
Epoch 23 summary:
  total_loss   : 4.1323
  cls_loss     : 3.3665
  triplet_loss : 0.2188
  kl_loss      : 0.0000
  train_acc    : 0.9601
  epoch_time   : 0m 9s
------------------------------
Training elapsed: 3m 49s

Epoch 24/119
----------
Epoch 24 summary:
  total_loss   : 3.8035
  cls_loss     : 3.0436
  triplet_loss : 0.2171
  kl_loss      : 0.0000
  train_acc    : 0.9670
  epoch_time   : 0m 10s
------------------------------
Training elapsed: 3m 59s

Epoch 25/119
----------
Epoch 25 summary:
  total_loss   : 3.4492
  cls_loss     : 2.7194
  triplet_loss : 0.2085
  kl_loss      : 0.0000
  train_acc    : 0.9757
  epoch_time   : 0m 9s
------------------------------
Training elapsed: 4m 8s

Epoch 26/119
----------
Epoch 26 summary:
  total_loss   : 3.1196
  cls_loss     : 2.3952
  triplet_loss : 0.2070
  kl_loss      : 0.0000
  train_acc    : 0.9757
  epoch_time   : 0m 10s
------------------------------
Training elapsed: 4m 18s

Epoch 27/119
----------
Epoch 27 summary:
  total_loss   : 2.8503
  cls_loss     : 2.1387
  triplet_loss : 0.2033
  kl_loss      : 0.0000
  train_acc    : 0.9774
  epoch_time   : 0m 10s
------------------------------
Training elapsed: 4m 28s

Epoch 28/119
----------
Epoch 28 summary:
  total_loss   : 2.6051
  cls_loss     : 1.9150
  triplet_loss : 0.1972
  kl_loss      : 0.0000
  train_acc    : 0.9757
  epoch_time   : 0m 10s
------------------------------
Training elapsed: 4m 38s

Epoch 29/119
----------
Epoch 29 summary:
  total_loss   : 2.3460
  cls_loss     : 1.6549
  triplet_loss : 0.1975
  kl_loss      : 0.0000
  train_acc    : 0.9878
  epoch_time   : 0m 10s
------------------------------
Training elapsed: 4m 48s

Epoch 30/119
----------
Epoch 30 summary:
  total_loss   : 2.2163
  cls_loss     : 1.5309
  triplet_loss : 0.1958
  kl_loss      : 0.0000
  train_acc    : 0.9826
  epoch_time   : 0m 10s
------------------------------
Training elapsed: 4m 58s

Epoch 31/119
----------
Epoch 31 summary:
  total_loss   : 2.0085
  cls_loss     : 1.3379
  triplet_loss : 0.1916
  kl_loss      : 0.0000
  train_acc    : 0.9826
  epoch_time   : 0m 9s
------------------------------
Training elapsed: 5m 7s

Epoch 32/119
----------
Epoch 32 summary:
  total_loss   : 1.8623
  cls_loss     : 1.2044
  triplet_loss : 0.1879
  kl_loss      : 0.0000
  train_acc    : 0.9861
  epoch_time   : 0m 10s
------------------------------
Training elapsed: 5m 17s

Epoch 33/119
----------
Epoch 33 summary:
  total_loss   : 1.7546
  cls_loss     : 1.1045
  triplet_loss : 0.1858
  kl_loss      : 0.0000
  train_acc    : 0.9878
  epoch_time   : 0m 9s
------------------------------
Training elapsed: 5m 26s

Epoch 34/119
----------
Epoch 34 summary:
  total_loss   : 1.6175
  cls_loss     : 0.9845
  triplet_loss : 0.1808
  kl_loss      : 0.0000
  train_acc    : 0.9896
  epoch_time   : 0m 10s
------------------------------
Training elapsed: 5m 36s

Epoch 35/119
----------
Epoch 35 summary:
  total_loss   : 1.5581
  cls_loss     : 0.9212
  triplet_loss : 0.1820
  kl_loss      : 0.0000
  train_acc    : 0.9948
  epoch_time   : 0m 10s
------------------------------
Training elapsed: 5m 46s

Epoch 36/119
----------
Epoch 36 summary:
  total_loss   : 1.4492
  cls_loss     : 0.8245
  triplet_loss : 0.1785
  kl_loss      : 0.0000
  train_acc    : 0.9931
  epoch_time   : 0m 9s
------------------------------
Training elapsed: 5m 56s

Epoch 37/119
----------
Epoch 37 summary:
  total_loss   : 1.3748
  cls_loss     : 0.7500
  triplet_loss : 0.1785
  kl_loss      : 0.0000
  train_acc    : 0.9913
  epoch_time   : 0m 9s
------------------------------
Training elapsed: 6m 5s

Epoch 38/119
----------
Epoch 38 summary:
  total_loss   : 1.3460
  cls_loss     : 0.7272
  triplet_loss : 0.1768
  kl_loss      : 0.0000
  train_acc    : 0.9931
  epoch_time   : 0m 9s
------------------------------
Training elapsed: 6m 14s

Epoch 39/119
----------
Epoch 39 summary:
  total_loss   : 1.2559
  cls_loss     : 0.6533
  triplet_loss : 0.1721
  kl_loss      : 0.0000
  train_acc    : 0.9931
  epoch_time   : 0m 8s
------------------------------
Training elapsed: 6m 22s

Epoch 40/119
----------
Epoch 40 summary:
  total_loss   : 1.1929
  cls_loss     : 0.5978
  triplet_loss : 0.1700
  kl_loss      : 0.0000
  train_acc    : 0.9913
  epoch_time   : 0m 10s
------------------------------
Training elapsed: 6m 32s

Epoch 41/119
----------
Epoch 41 summary:
  total_loss   : 1.1416
  cls_loss     : 0.5566
  triplet_loss : 0.1672
  kl_loss      : 0.0000
  train_acc    : 0.9931
  epoch_time   : 0m 10s
------------------------------
Training elapsed: 6m 42s

Epoch 42/119
----------
Epoch 42 summary:
  total_loss   : 1.1286
  cls_loss     : 0.5301
  triplet_loss : 0.1710
  kl_loss      : 0.0000
  train_acc    : 0.9913
  epoch_time   : 0m 10s
------------------------------
Training elapsed: 6m 51s

Epoch 43/119
----------
Epoch 43 summary:
  total_loss   : 1.0894
  cls_loss     : 0.5018
  triplet_loss : 0.1678
  kl_loss      : 0.0000
  train_acc    : 0.9896
  epoch_time   : 0m 10s
------------------------------
Training elapsed: 7m 1s

Epoch 44/119
----------
Epoch 44 summary:
  total_loss   : 1.0551
  cls_loss     : 0.4770
  triplet_loss : 0.1652
  kl_loss      : 0.0000
  train_acc    : 0.9948
  epoch_time   : 0m 9s
------------------------------
Training elapsed: 7m 10s

Epoch 45/119
----------
Epoch 45 summary:
  total_loss   : 1.0496
  cls_loss     : 0.4743
  triplet_loss : 0.1643
  kl_loss      : 0.0000
  train_acc    : 0.9931
  epoch_time   : 0m 10s
------------------------------
Training elapsed: 7m 20s

Epoch 46/119
----------
Epoch 46 summary:
  total_loss   : 0.9976
  cls_loss     : 0.4330
  triplet_loss : 0.1613
  kl_loss      : 0.0000
  train_acc    : 0.9931
  epoch_time   : 0m 9s
------------------------------
Training elapsed: 7m 29s

Epoch 47/119
----------
Epoch 47 summary:
  total_loss   : 0.9779
  cls_loss     : 0.4167
  triplet_loss : 0.1603
  kl_loss      : 0.0000
  train_acc    : 0.9965
  epoch_time   : 0m 9s
------------------------------
Training elapsed: 7m 38s

Epoch 48/119
----------
Epoch 48 summary:
  total_loss   : 0.9400
  cls_loss     : 0.3909
  triplet_loss : 0.1569
  kl_loss      : 0.0000
  train_acc    : 0.9948
  epoch_time   : 0m 10s
------------------------------
Training elapsed: 7m 48s

Epoch 49/119
----------
Epoch 49 summary:
  total_loss   : 0.9241
  cls_loss     : 0.3782
  triplet_loss : 0.1560
  kl_loss      : 0.0000
  train_acc    : 0.9913
  epoch_time   : 0m 10s
------------------------------
Training elapsed: 7m 57s

Epoch 50/119
----------
Epoch 50 summary:
  total_loss   : 0.9156
  cls_loss     : 0.3595
  triplet_loss : 0.1589
  kl_loss      : 0.0000
  train_acc    : 0.9948
  epoch_time   : 0m 10s
------------------------------
Training elapsed: 8m 7s

Epoch 51/119
----------
Epoch 51 summary:
  total_loss   : 0.8649
  cls_loss     : 0.3280
  triplet_loss : 0.1534
  kl_loss      : 0.0000
  train_acc    : 0.9965
  epoch_time   : 0m 10s
------------------------------
Training elapsed: 8m 17s

Epoch 52/119
----------
Epoch 52 summary:
  total_loss   : 0.8734
  cls_loss     : 0.3317
  triplet_loss : 0.1547
  kl_loss      : 0.0000
  train_acc    : 0.9965
  epoch_time   : 0m 10s
------------------------------
Training elapsed: 8m 27s

Epoch 53/119
----------
Epoch 53 summary:
  total_loss   : 0.8585
  cls_loss     : 0.3279
  triplet_loss : 0.1516
  kl_loss      : 0.0000
  train_acc    : 0.9965
  epoch_time   : 0m 10s
------------------------------
Training elapsed: 8m 37s

Epoch 54/119
----------
Epoch 54 summary:
  total_loss   : 0.8305
  cls_loss     : 0.3066
  triplet_loss : 0.1497
  kl_loss      : 0.0000
  train_acc    : 0.9948
  epoch_time   : 0m 10s
------------------------------
Training elapsed: 8m 47s

Epoch 55/119
----------
Epoch 55 summary:
  total_loss   : 0.8242
  cls_loss     : 0.3018
  triplet_loss : 0.1493
  kl_loss      : 0.0000
  train_acc    : 0.9965
  epoch_time   : 0m 10s
------------------------------
Training elapsed: 8m 57s

Epoch 56/119
----------
Epoch 56 summary:
  total_loss   : 0.8231
  cls_loss     : 0.2946
  triplet_loss : 0.1510
  kl_loss      : 0.0000
  train_acc    : 0.9965
  epoch_time   : 0m 9s
------------------------------
Training elapsed: 9m 6s

Epoch 57/119
----------
Epoch 57 summary:
  total_loss   : 0.7854
  cls_loss     : 0.2743
  triplet_loss : 0.1460
  kl_loss      : 0.0000
  train_acc    : 0.9931
  epoch_time   : 0m 10s
------------------------------
Training elapsed: 9m 16s

Epoch 58/119
----------
Epoch 58 summary:
  total_loss   : 0.7987
  cls_loss     : 0.2853
  triplet_loss : 0.1467
  kl_loss      : 0.0000
  train_acc    : 0.9948
  epoch_time   : 0m 10s
------------------------------
Training elapsed: 9m 26s

Epoch 59/119
----------
Epoch 59 summary:
  total_loss   : 0.7697
  cls_loss     : 0.2521
  triplet_loss : 0.1479
  kl_loss      : 0.0000
  train_acc    : 0.9965
  epoch_time   : 0m 9s
------------------------------
Training elapsed: 9m 36s

Epoch 60/119
----------
Epoch 60 summary:
  total_loss   : 0.7751
  cls_loss     : 0.2713
  triplet_loss : 0.1439
  kl_loss      : 0.0000
  train_acc    : 0.9965
  epoch_time   : 0m 9s
------------------------------
Training elapsed: 9m 45s

Epoch 61/119
----------
Epoch 61 summary:
  total_loss   : 0.7491
  cls_loss     : 0.2398
  triplet_loss : 0.1455
  kl_loss      : 0.0000
  train_acc    : 0.9983
  epoch_time   : 0m 10s
------------------------------
Training elapsed: 9m 55s

Epoch 62/119
----------
Epoch 62 summary:
  total_loss   : 0.7702
  cls_loss     : 0.2579
  triplet_loss : 0.1464
  kl_loss      : 0.0000
  train_acc    : 0.9965
  epoch_time   : 0m 10s
------------------------------
Training elapsed: 10m 5s

Epoch 63/119
----------
Epoch 63 summary:
  total_loss   : 0.7788
  cls_loss     : 0.2677
  triplet_loss : 0.1460
  kl_loss      : 0.0000
  train_acc    : 0.9965
  epoch_time   : 0m 10s
------------------------------
Training elapsed: 10m 14s

Epoch 64/119
----------
Epoch 64 summary:
  total_loss   : 0.7356
  cls_loss     : 0.2310
  triplet_loss : 0.1442
  kl_loss      : 0.0000
  train_acc    : 0.9948
  epoch_time   : 0m 10s
------------------------------
Training elapsed: 10m 25s

Epoch 65/119
----------
Epoch 65 summary:
  total_loss   : 0.7315
  cls_loss     : 0.2367
  triplet_loss : 0.1414
  kl_loss      : 0.0000
  train_acc    : 0.9948
  epoch_time   : 0m 10s
------------------------------
Training elapsed: 10m 34s

Epoch 66/119
----------
Epoch 66 summary:
  total_loss   : 0.7362
  cls_loss     : 0.2455
  triplet_loss : 0.1402
  kl_loss      : 0.0000
  train_acc    : 0.9965
  epoch_time   : 0m 10s
------------------------------
Training elapsed: 10m 44s

Epoch 67/119
----------
Epoch 67 summary:
  total_loss   : 0.7201
  cls_loss     : 0.2224
  triplet_loss : 0.1422
  kl_loss      : 0.0000
  train_acc    : 0.9983
  epoch_time   : 0m 9s
------------------------------
Training elapsed: 10m 53s

Epoch 68/119
----------
Epoch 68 summary:
  total_loss   : 0.7192
  cls_loss     : 0.2316
  triplet_loss : 0.1393
  kl_loss      : 0.0000
  train_acc    : 0.9965
  epoch_time   : 0m 10s
------------------------------
Training elapsed: 11m 3s

Epoch 69/119
----------
Epoch 69 summary:
  total_loss   : 0.6955
  cls_loss     : 0.2094
  triplet_loss : 0.1389
  kl_loss      : 0.0000
  train_acc    : 0.9948
  epoch_time   : 0m 9s
------------------------------
Training elapsed: 11m 12s

Epoch 70/119
----------
Epoch 70 summary:
  total_loss   : 0.7056
  cls_loss     : 0.2165
  triplet_loss : 0.1397
  kl_loss      : 0.0000
  train_acc    : 0.9948
  epoch_time   : 0m 10s
------------------------------
Training elapsed: 11m 22s

Epoch 71/119
----------
Epoch 71 summary:
  total_loss   : 0.6950
  cls_loss     : 0.2121
  triplet_loss : 0.1380
  kl_loss      : 0.0000
  train_acc    : 0.9948
  epoch_time   : 0m 10s
------------------------------
Training elapsed: 11m 31s

Epoch 72/119
----------
Epoch 72 summary:
  total_loss   : 0.7155
  cls_loss     : 0.2248
  triplet_loss : 0.1402
  kl_loss      : 0.0000
  train_acc    : 0.9931
  epoch_time   : 0m 10s
------------------------------
Training elapsed: 11m 41s

Epoch 73/119
----------
Epoch 73 summary:
  total_loss   : 0.6727
  cls_loss     : 0.1884
  triplet_loss : 0.1384
  kl_loss      : 0.0000
  train_acc    : 0.9931
  epoch_time   : 0m 9s
------------------------------
Training elapsed: 11m 50s

Epoch 74/119
----------
Epoch 74 summary:
  total_loss   : 0.6489
  cls_loss     : 0.1831
  triplet_loss : 0.1331
  kl_loss      : 0.0000
  train_acc    : 0.9965
  epoch_time   : 0m 8s
------------------------------
Training elapsed: 11m 58s

Epoch 75/119
----------
Epoch 75 summary:
  total_loss   : 0.6947
  cls_loss     : 0.2211
  triplet_loss : 0.1353
  kl_loss      : 0.0000
  train_acc    : 0.9983
  epoch_time   : 0m 10s
------------------------------
Training elapsed: 12m 8s

Epoch 76/119
----------
Epoch 76 summary:
  total_loss   : 0.6523
  cls_loss     : 0.1823
  triplet_loss : 0.1343
  kl_loss      : 0.0000
  train_acc    : 0.9965
  epoch_time   : 0m 9s
------------------------------
Training elapsed: 12m 17s

Epoch 77/119
----------
Epoch 77 summary:
  total_loss   : 0.6590
  cls_loss     : 0.1978
  triplet_loss : 0.1318
  kl_loss      : 0.0000
  train_acc    : 0.9965
  epoch_time   : 0m 9s
------------------------------
Training elapsed: 12m 25s

Epoch 78/119
----------
Epoch 78 summary:
  total_loss   : 0.6825
  cls_loss     : 0.2133
  triplet_loss : 0.1341
  kl_loss      : 0.0000
  train_acc    : 1.0000
  epoch_time   : 0m 9s
------------------------------
Training elapsed: 12m 34s

Epoch 79/119
----------
Epoch 79 summary:
  total_loss   : 0.6709
  cls_loss     : 0.1998
  triplet_loss : 0.1346
  kl_loss      : 0.0000
  train_acc    : 0.9948
  epoch_time   : 0m 10s
------------------------------
Training elapsed: 12m 45s

Epoch 80/119
----------
Epoch 80 summary:
  total_loss   : 0.6877
  cls_loss     : 0.2125
  triplet_loss : 0.1358
  kl_loss      : 0.0000
  train_acc    : 0.9965
  epoch_time   : 0m 10s
------------------------------
Training elapsed: 12m 55s

Epoch 81/119
----------
Epoch 81 summary:
  total_loss   : 0.6181
  cls_loss     : 0.1667
  triplet_loss : 0.1290
  kl_loss      : 0.0000
  train_acc    : 0.9983
  epoch_time   : 0m 10s
------------------------------
Training elapsed: 13m 5s

Epoch 82/119
----------
Epoch 82 summary:
  total_loss   : 0.6546
  cls_loss     : 0.1874
  triplet_loss : 0.1335
  kl_loss      : 0.0000
  train_acc    : 0.9965
  epoch_time   : 0m 9s
------------------------------
Training elapsed: 13m 14s

Epoch 83/119
----------
Epoch 83 summary:
  total_loss   : 0.6385
  cls_loss     : 0.1814
  triplet_loss : 0.1306
  kl_loss      : 0.0000
  train_acc    : 0.9983
  epoch_time   : 0m 10s
------------------------------
Training elapsed: 13m 23s

Epoch 84/119
----------
Epoch 84 summary:
  total_loss   : 0.6514
  cls_loss     : 0.1885
  triplet_loss : 0.1322
  kl_loss      : 0.0000
  train_acc    : 0.9965
  epoch_time   : 0m 10s
------------------------------
Training elapsed: 13m 33s

Epoch 85/119
----------
Epoch 85 summary:
  total_loss   : 0.6160
  cls_loss     : 0.1608
  triplet_loss : 0.1300
  kl_loss      : 0.0000
  train_acc    : 0.9931
  epoch_time   : 0m 10s
------------------------------
Training elapsed: 13m 44s

Epoch 86/119
----------
Epoch 86 summary:
  total_loss   : 0.6401
  cls_loss     : 0.1712
  triplet_loss : 0.1340
  kl_loss      : 0.0000
  train_acc    : 0.9965
  epoch_time   : 0m 10s
------------------------------
Training elapsed: 13m 54s

Epoch 87/119
----------
Epoch 87 summary:
  total_loss   : 0.6229
  cls_loss     : 0.1655
  triplet_loss : 0.1307
  kl_loss      : 0.0000
  train_acc    : 0.9965
  epoch_time   : 0m 8s
------------------------------
Training elapsed: 14m 2s

Epoch 88/119
----------
Epoch 88 summary:
  total_loss   : 0.6202
  cls_loss     : 0.1696
  triplet_loss : 0.1287
  kl_loss      : 0.0000
  train_acc    : 0.9983
  epoch_time   : 0m 10s
------------------------------
Training elapsed: 14m 12s

Epoch 89/119
----------
Epoch 89 summary:
  total_loss   : 0.6101
  cls_loss     : 0.1499
  triplet_loss : 0.1315
  kl_loss      : 0.0000
  train_acc    : 0.9931
  epoch_time   : 0m 10s
------------------------------
Training elapsed: 14m 23s

Epoch 90/119
----------
Epoch 90 summary:
  total_loss   : 0.6109
  cls_loss     : 0.1597
  triplet_loss : 0.1289
  kl_loss      : 0.0000
  train_acc    : 0.9965
  epoch_time   : 0m 10s
------------------------------
Training elapsed: 14m 33s

Epoch 91/119
----------
Epoch 91 summary:
  total_loss   : 0.6097
  cls_loss     : 0.1571
  triplet_loss : 0.1293
  kl_loss      : 0.0000
  train_acc    : 0.9983
  epoch_time   : 0m 10s
------------------------------
Training elapsed: 14m 43s

Epoch 92/119
----------
Epoch 92 summary:
  total_loss   : 0.6088
  cls_loss     : 0.1562
  triplet_loss : 0.1293
  kl_loss      : 0.0000
  train_acc    : 0.9948
  epoch_time   : 0m 10s
------------------------------
Training elapsed: 14m 53s

Epoch 93/119
----------
Epoch 93 summary:
  total_loss   : 0.5998
  cls_loss     : 0.1534
  triplet_loss : 0.1275
  kl_loss      : 0.0000
  train_acc    : 0.9948
  epoch_time   : 0m 10s
------------------------------
Training elapsed: 15m 2s

Epoch 94/119
----------
Epoch 94 summary:
  total_loss   : 0.6081
  cls_loss     : 0.1652
  triplet_loss : 0.1265
  kl_loss      : 0.0000
  train_acc    : 0.9965
  epoch_time   : 0m 10s
------------------------------
Training elapsed: 15m 12s

Epoch 95/119
----------
Epoch 95 summary:
  total_loss   : 0.6239
  cls_loss     : 0.1675
  triplet_loss : 0.1304
  kl_loss      : 0.0000
  train_acc    : 0.9965
  epoch_time   : 0m 10s
------------------------------
Training elapsed: 15m 22s

Epoch 96/119
----------
Epoch 96 summary:
  total_loss   : 0.6081
  cls_loss     : 0.1569
  triplet_loss : 0.1289
  kl_loss      : 0.0000
  train_acc    : 0.9965
  epoch_time   : 0m 9s
------------------------------
Training elapsed: 15m 31s

Epoch 97/119
----------
Epoch 97 summary:
  total_loss   : 0.6084
  cls_loss     : 0.1582
  triplet_loss : 0.1286
  kl_loss      : 0.0000
  train_acc    : 0.9965
  epoch_time   : 0m 10s
------------------------------
Training elapsed: 15m 41s

Epoch 98/119
----------
Epoch 98 summary:
  total_loss   : 0.5839
  cls_loss     : 0.1506
  triplet_loss : 0.1238
  kl_loss      : 0.0000
  train_acc    : 0.9948
  epoch_time   : 0m 10s
------------------------------
Training elapsed: 15m 50s

Epoch 99/119
----------
Epoch 99 summary:
  total_loss   : 0.5923
  cls_loss     : 0.1511
  triplet_loss : 0.1261
  kl_loss      : 0.0000
  train_acc    : 0.9965
  epoch_time   : 0m 10s
------------------------------
Training elapsed: 16m 1s

Epoch 100/119
----------
Epoch 100 summary:
  total_loss   : 0.5773
  cls_loss     : 0.1375
  triplet_loss : 0.1256
  kl_loss      : 0.0000
  train_acc    : 0.9965
  epoch_time   : 0m 10s
------------------------------
Training elapsed: 16m 11s

Epoch 101/119
----------
Epoch 101 summary:
  total_loss   : 0.5893
  cls_loss     : 0.1447
  triplet_loss : 0.1270
  kl_loss      : 0.0000
  train_acc    : 0.9965
  epoch_time   : 0m 9s
------------------------------
Training elapsed: 16m 20s

Epoch 102/119
----------
Epoch 102 summary:
  total_loss   : 0.5784
  cls_loss     : 0.1474
  triplet_loss : 0.1231
  kl_loss      : 0.0000
  train_acc    : 0.9965
  epoch_time   : 0m 9s
------------------------------
Training elapsed: 16m 29s

Epoch 103/119
----------
Epoch 103 summary:
  total_loss   : 0.5849
  cls_loss     : 0.1471
  triplet_loss : 0.1251
  kl_loss      : 0.0000
  train_acc    : 0.9983
  epoch_time   : 0m 10s
------------------------------
Training elapsed: 16m 40s

Epoch 104/119
----------
Epoch 104 summary:
  total_loss   : 0.5706
  cls_loss     : 0.1438
  triplet_loss : 0.1219
  kl_loss      : 0.0000
  train_acc    : 0.9948
  epoch_time   : 0m 10s
------------------------------
Training elapsed: 16m 50s

Epoch 105/119
----------
Epoch 105 summary:
  total_loss   : 0.5699
  cls_loss     : 0.1317
  triplet_loss : 0.1252
  kl_loss      : 0.0000
  train_acc    : 0.9948
  epoch_time   : 0m 10s
------------------------------
Training elapsed: 16m 60s

Epoch 106/119
----------
Epoch 106 summary:
  total_loss   : 0.6039
  cls_loss     : 0.1633
  triplet_loss : 0.1259
  kl_loss      : 0.0000
  train_acc    : 0.9983
  epoch_time   : 0m 11s
------------------------------
Training elapsed: 17m 11s

Epoch 107/119
----------
Epoch 107 summary:
  total_loss   : 0.6120
  cls_loss     : 0.1715
  triplet_loss : 0.1258
  kl_loss      : 0.0000
  train_acc    : 0.9948
  epoch_time   : 0m 11s
------------------------------
Training elapsed: 17m 22s

Epoch 108/119
----------
Epoch 108 summary:
  total_loss   : 0.6246
  cls_loss     : 0.1742
  triplet_loss : 0.1287
  kl_loss      : 0.0000
  train_acc    : 0.9948
  epoch_time   : 0m 11s
------------------------------
Training elapsed: 17m 32s

Epoch 109/119
----------
Epoch 109 summary:
  total_loss   : 0.5993
  cls_loss     : 0.1597
  triplet_loss : 0.1256
  kl_loss      : 0.0000
  train_acc    : 0.9948
  epoch_time   : 0m 10s
------------------------------
Training elapsed: 17m 43s

Epoch 110/119
----------
Epoch 110 summary:
  total_loss   : 0.5650
  cls_loss     : 0.1383
  triplet_loss : 0.1219
  kl_loss      : 0.0000
  train_acc    : 1.0000
  epoch_time   : 0m 10s
------------------------------
Training elapsed: 17m 53s

Epoch 111/119
----------
Epoch 111 summary:
  total_loss   : 0.5879
  cls_loss     : 0.1460
  triplet_loss : 0.1263
  kl_loss      : 0.0000
  train_acc    : 0.9948
  epoch_time   : 0m 10s
------------------------------
Training elapsed: 18m 3s

Epoch 112/119
----------
Epoch 112 summary:
  total_loss   : 0.5884
  cls_loss     : 0.1508
  triplet_loss : 0.1250
  kl_loss      : 0.0000
  train_acc    : 0.9948
  epoch_time   : 0m 10s
------------------------------
Training elapsed: 18m 13s

Epoch 113/119
----------
Epoch 113 summary:
  total_loss   : 0.6008
  cls_loss     : 0.1650
  triplet_loss : 0.1245
  kl_loss      : 0.0000
  train_acc    : 0.9948
  epoch_time   : 0m 12s
------------------------------
Training elapsed: 18m 25s

Epoch 114/119
----------
Epoch 114 summary:
  total_loss   : 0.5703
  cls_loss     : 0.1414
  triplet_loss : 0.1225
  kl_loss      : 0.0000
  train_acc    : 0.9965
  epoch_time   : 0m 11s
------------------------------
Training elapsed: 18m 36s

Epoch 115/119
----------
Epoch 115 summary:
  total_loss   : 0.6211
  cls_loss     : 0.1671
  triplet_loss : 0.1297
  kl_loss      : 0.0000
  train_acc    : 0.9948
  epoch_time   : 0m 10s
------------------------------
Training elapsed: 18m 46s

Epoch 116/119
----------
Epoch 116 summary:
  total_loss   : 0.5665
  cls_loss     : 0.1398
  triplet_loss : 0.1219
  kl_loss      : 0.0000
  train_acc    : 0.9965
  epoch_time   : 0m 10s
------------------------------
Training elapsed: 18m 56s

Epoch 117/119
----------
Epoch 117 summary:
  total_loss   : 0.5780
  cls_loss     : 0.1445
  triplet_loss : 0.1239
  kl_loss      : 0.0000
  train_acc    : 0.9983
  epoch_time   : 0m 10s
------------------------------
Training elapsed: 19m 6s

Epoch 118/119
----------
Epoch 118 summary:
  total_loss   : 0.6009
  cls_loss     : 0.1630
  triplet_loss : 0.1251
  kl_loss      : 0.0000
  train_acc    : 0.9965
  epoch_time   : 0m 11s
------------------------------
Training elapsed: 19m 17s

Epoch 119/119
----------
Epoch 119 summary:
  total_loss   : 0.5943
  cls_loss     : 0.1521
  triplet_loss : 0.1263
  kl_loss      : 0.0000
  train_acc    : 0.9965
  epoch_time   : 0m 11s
------------------------------
Training elapsed: 19m 29s

