[Resize(size=(224, 224), interpolation=bicubic, max_size=None, antialias=warn), Pad(padding=0, fill=0, padding_mode=edge), RandomCrop(size=(224, 224), padding=None), RandomHorizontalFlip(p=0.5), ToTensor(), Normalize(mean=[0.485, 0.456, 0.406], std=[0.229, 0.224, 0.225]), <datasets.random_erasing.RandomErasing object at 0x7fca34227eb0>]
Building PCT Model | Views: 2, Block: 3
=> [Model Strategy] Using PCT (Polar Transform) strictly for Dual-View.
=========== Building Model: PCT (Polar-Contrastive Transformer) ===========
=> using Transformer_type: ViT-Small-RoPE-OFFICIAL (timm) as backbone
=> pretrain: /home/ps/Code/wxm_project/Polar_Contrastive_Transfomer/main_project/pretrain_model/vit_small_patch16_rope_224_naver_in1k.pth
=> [OfficialRoPEViTSmall] loading pretrain from: /home/ps/Code/wxm_project/Polar_Contrastive_Transfomer/main_project/pretrain_model/vit_small_patch16_rope_224_naver_in1k.pth
=> [OfficialRoPEViTSmall] load_state_dict done. missing=0, unexpected=0
=> Optimizer Strategy: AdamW with Differential Learning Rates.
   - Backbone LR: 0.000540 (0.3x)
   - Heads LR:    0.001800 (1.0x)
=> Scheduler Strategy: Warmup (10 eps) + Cosine Annealing
   - Total Epochs: 120
   - Min LR: 1e-6
---------- Start Training -------------
Epoch 0/119
----------
Epoch 0 summary:
  total_loss   : 15.4408
  cls_loss     : 13.1068
  triplet_loss : 0.4244
  kl_loss      : 0.0000
  train_acc    : 0.0000
  epoch_time   : 0m 11s
------------------------------
Training elapsed: 0m 11s

Epoch 1/119
----------
Epoch 1 summary:
  total_loss   : 15.3757
  cls_loss     : 13.1042
  triplet_loss : 0.4130
  kl_loss      : 0.0000
  train_acc    : 0.0017
  epoch_time   : 0m 10s
------------------------------
Training elapsed: 0m 20s

Epoch 2/119
----------
Epoch 2 summary:
  total_loss   : 15.1289
  cls_loss     : 13.0182
  triplet_loss : 0.3838
  kl_loss      : 0.0000
  train_acc    : 0.0260
  epoch_time   : 0m 9s
------------------------------
Training elapsed: 0m 30s

Epoch 3/119
----------
Epoch 3 summary:
  total_loss   : 14.8363
  cls_loss     : 12.8542
  triplet_loss : 0.3604
  kl_loss      : 0.0000
  train_acc    : 0.0990
  epoch_time   : 0m 9s
------------------------------
Training elapsed: 0m 39s

Epoch 4/119
----------
Epoch 4 summary:
  total_loss   : 14.4535
  cls_loss     : 12.5781
  triplet_loss : 0.3409
  kl_loss      : 0.0000
  train_acc    : 0.1806
  epoch_time   : 0m 9s
------------------------------
Training elapsed: 0m 48s

Epoch 5/119
----------
Epoch 5 summary:
  total_loss   : 13.9333
  cls_loss     : 12.1380
  triplet_loss : 0.3264
  kl_loss      : 0.0000
  train_acc    : 0.2882
  epoch_time   : 0m 10s
------------------------------
Training elapsed: 0m 58s

Epoch 6/119
----------
Epoch 6 summary:
  total_loss   : 13.2806
  cls_loss     : 11.5443
  triplet_loss : 0.3157
  kl_loss      : 0.0000
  train_acc    : 0.4236
  epoch_time   : 0m 9s
------------------------------
Training elapsed: 1m 7s

Epoch 7/119
----------
Epoch 7 summary:
  total_loss   : 12.4775
  cls_loss     : 10.8203
  triplet_loss : 0.3014
  kl_loss      : 0.0000
  train_acc    : 0.5000
  epoch_time   : 0m 10s
------------------------------
Training elapsed: 1m 17s

Epoch 8/119
----------
Epoch 8 summary:
  total_loss   : 11.5729
  cls_loss     : 9.9635
  triplet_loss : 0.2926
  kl_loss      : 0.0000
  train_acc    : 0.5851
  epoch_time   : 0m 9s
------------------------------
Training elapsed: 1m 26s

Epoch 9/119
----------
Epoch 9 summary:
  total_loss   : 10.5446
  cls_loss     : 9.0130
  triplet_loss : 0.2785
  kl_loss      : 0.0000
  train_acc    : 0.6632
  epoch_time   : 0m 10s
------------------------------
Training elapsed: 1m 36s

Epoch 10/119
----------
Epoch 10 summary:
  total_loss   : 9.4883
  cls_loss     : 8.0143
  triplet_loss : 0.2680
  kl_loss      : 0.0000
  train_acc    : 0.7188
  epoch_time   : 0m 10s
------------------------------
Training elapsed: 1m 46s

Epoch 11/119
----------
Epoch 11 summary:
  total_loss   : 8.4564
  cls_loss     : 7.0430
  triplet_loss : 0.2569
  kl_loss      : 0.0000
  train_acc    : 0.7847
  epoch_time   : 0m 9s
------------------------------
Training elapsed: 1m 55s

Epoch 12/119
----------
Epoch 12 summary:
  total_loss   : 7.5785
  cls_loss     : 6.1797
  triplet_loss : 0.2543
  kl_loss      : 0.0000
  train_acc    : 0.8247
  epoch_time   : 0m 9s
------------------------------
Training elapsed: 2m 4s

Epoch 13/119
----------
Epoch 13 summary:
  total_loss   : 6.6921
  cls_loss     : 5.3477
  triplet_loss : 0.2445
  kl_loss      : 0.0000
  train_acc    : 0.8611
  epoch_time   : 0m 10s
------------------------------
Training elapsed: 2m 15s

Epoch 14/119
----------
Epoch 14 summary:
  total_loss   : 5.8867
  cls_loss     : 4.5703
  triplet_loss : 0.2394
  kl_loss      : 0.0000
  train_acc    : 0.9097
  epoch_time   : 0m 10s
------------------------------
Training elapsed: 2m 25s

Epoch 15/119
----------
Epoch 15 summary:
  total_loss   : 5.0368
  cls_loss     : 3.7871
  triplet_loss : 0.2272
  kl_loss      : 0.0000
  train_acc    : 0.9219
  epoch_time   : 0m 10s
------------------------------
Training elapsed: 2m 35s

Epoch 16/119
----------
Epoch 16 summary:
  total_loss   : 4.3981
  cls_loss     : 3.1771
  triplet_loss : 0.2220
  kl_loss      : 0.0000
  train_acc    : 0.9497
  epoch_time   : 0m 10s
------------------------------
Training elapsed: 2m 45s

Epoch 17/119
----------
Epoch 17 summary:
  total_loss   : 3.7285
  cls_loss     : 2.5586
  triplet_loss : 0.2127
  kl_loss      : 0.0000
  train_acc    : 0.9688
  epoch_time   : 0m 10s
------------------------------
Training elapsed: 2m 55s

Epoch 18/119
----------
Epoch 18 summary:
  total_loss   : 3.3076
  cls_loss     : 2.1579
  triplet_loss : 0.2091
  kl_loss      : 0.0000
  train_acc    : 0.9653
  epoch_time   : 0m 10s
------------------------------
Training elapsed: 3m 5s

Epoch 19/119
----------
Epoch 19 summary:
  total_loss   : 2.9215
  cls_loss     : 1.7751
  triplet_loss : 0.2085
  kl_loss      : 0.0000
  train_acc    : 0.9740
  epoch_time   : 0m 9s
------------------------------
Training elapsed: 3m 15s

Epoch 20/119
----------
Epoch 20 summary:
  total_loss   : 2.5726
  cls_loss     : 1.4551
  triplet_loss : 0.2032
  kl_loss      : 0.0000
  train_acc    : 0.9757
  epoch_time   : 0m 9s
------------------------------
Training elapsed: 3m 24s

Epoch 21/119
----------
Epoch 21 summary:
  total_loss   : 2.2676
  cls_loss     : 1.1865
  triplet_loss : 0.1966
  kl_loss      : 0.0000
  train_acc    : 0.9896
  epoch_time   : 0m 9s
------------------------------
Training elapsed: 3m 34s

Epoch 22/119
----------
Epoch 22 summary:
  total_loss   : 2.0378
  cls_loss     : 0.9792
  triplet_loss : 0.1925
  kl_loss      : 0.0000
  train_acc    : 0.9861
  epoch_time   : 0m 10s
------------------------------
Training elapsed: 3m 44s

Epoch 23/119
----------
Epoch 23 summary:
  total_loss   : 1.8721
  cls_loss     : 0.8262
  triplet_loss : 0.1901
  kl_loss      : 0.0000
  train_acc    : 0.9913
  epoch_time   : 0m 10s
------------------------------
Training elapsed: 3m 53s

Epoch 24/119
----------
Epoch 24 summary:
  total_loss   : 1.7528
  cls_loss     : 0.7284
  triplet_loss : 0.1862
  kl_loss      : 0.0000
  train_acc    : 0.9878
  epoch_time   : 0m 9s
------------------------------
Training elapsed: 4m 3s

Epoch 25/119
----------
Epoch 25 summary:
  total_loss   : 1.6543
  cls_loss     : 0.6318
  triplet_loss : 0.1859
  kl_loss      : 0.0000
  train_acc    : 0.9913
  epoch_time   : 0m 10s
------------------------------
Training elapsed: 4m 13s

Epoch 26/119
----------
Epoch 26 summary:
  total_loss   : 1.5680
  cls_loss     : 0.5693
  triplet_loss : 0.1816
  kl_loss      : 0.0000
  train_acc    : 0.9948
  epoch_time   : 0m 9s
------------------------------
Training elapsed: 4m 22s

Epoch 27/119
----------
Epoch 27 summary:
  total_loss   : 1.4719
  cls_loss     : 0.4890
  triplet_loss : 0.1787
  kl_loss      : 0.0000
  train_acc    : 0.9965
  epoch_time   : 0m 10s
------------------------------
Training elapsed: 4m 32s

Epoch 28/119
----------
Epoch 28 summary:
  total_loss   : 1.4119
  cls_loss     : 0.4439
  triplet_loss : 0.1760
  kl_loss      : 0.0000
  train_acc    : 0.9965
  epoch_time   : 0m 11s
------------------------------
Training elapsed: 4m 43s

Epoch 29/119
----------
Epoch 29 summary:
  total_loss   : 1.3573
  cls_loss     : 0.3976
  triplet_loss : 0.1745
  kl_loss      : 0.0000
  train_acc    : 0.9948
  epoch_time   : 0m 11s
------------------------------
Training elapsed: 4m 53s

Epoch 30/119
----------
Epoch 30 summary:
  total_loss   : 1.3210
  cls_loss     : 0.3833
  triplet_loss : 0.1705
  kl_loss      : 0.0000
  train_acc    : 0.9931
  epoch_time   : 0m 10s
------------------------------
Training elapsed: 5m 3s

Epoch 31/119
----------
Epoch 31 summary:
  total_loss   : 1.2690
  cls_loss     : 0.3425
  triplet_loss : 0.1684
  kl_loss      : 0.0000
  train_acc    : 0.9931
  epoch_time   : 0m 10s
------------------------------
Training elapsed: 5m 13s

Epoch 32/119
----------
Epoch 32 summary:
  total_loss   : 1.1965
  cls_loss     : 0.2936
  triplet_loss : 0.1641
  kl_loss      : 0.0000
  train_acc    : 0.9931
  epoch_time   : 0m 10s
------------------------------
Training elapsed: 5m 23s

Epoch 33/119
----------
Epoch 33 summary:
  total_loss   : 1.2108
  cls_loss     : 0.3193
  triplet_loss : 0.1621
  kl_loss      : 0.0000
  train_acc    : 0.9931
  epoch_time   : 0m 9s
------------------------------
Training elapsed: 5m 32s

Epoch 34/119
----------
Epoch 34 summary:
  total_loss   : 1.1720
  cls_loss     : 0.2737
  triplet_loss : 0.1633
  kl_loss      : 0.0000
  train_acc    : 0.9965
  epoch_time   : 0m 10s
------------------------------
Training elapsed: 5m 41s

Epoch 35/119
----------
Epoch 35 summary:
  total_loss   : 1.1191
  cls_loss     : 0.2496
  triplet_loss : 0.1581
  kl_loss      : 0.0000
  train_acc    : 0.9948
  epoch_time   : 0m 10s
------------------------------
Training elapsed: 5m 51s

Epoch 36/119
----------
Epoch 36 summary:
  total_loss   : 1.1225
  cls_loss     : 0.2498
  triplet_loss : 0.1587
  kl_loss      : 0.0000
  train_acc    : 0.9983
  epoch_time   : 0m 10s
------------------------------
Training elapsed: 6m 1s

Epoch 37/119
----------
Epoch 37 summary:
  total_loss   : 1.0808
  cls_loss     : 0.2268
  triplet_loss : 0.1553
  kl_loss      : 0.0000
  train_acc    : 0.9948
  epoch_time   : 0m 9s
------------------------------
Training elapsed: 6m 11s

Epoch 38/119
----------
Epoch 38 summary:
  total_loss   : 1.1095
  cls_loss     : 0.2573
  triplet_loss : 0.1549
  kl_loss      : 0.0000
  train_acc    : 0.9948
  epoch_time   : 0m 10s
------------------------------
Training elapsed: 6m 21s

Epoch 39/119
----------
Epoch 39 summary:
  total_loss   : 1.0712
  cls_loss     : 0.2358
  triplet_loss : 0.1519
  kl_loss      : 0.0000
  train_acc    : 0.9948
  epoch_time   : 0m 10s
------------------------------
Training elapsed: 6m 31s

Epoch 40/119
----------
Epoch 40 summary:
  total_loss   : 1.0140
  cls_loss     : 0.1899
  triplet_loss : 0.1498
  kl_loss      : 0.0000
  train_acc    : 0.9965
  epoch_time   : 0m 9s
------------------------------
Training elapsed: 6m 40s

Epoch 41/119
----------
Epoch 41 summary:
  total_loss   : 1.0029
  cls_loss     : 0.1911
  triplet_loss : 0.1476
  kl_loss      : 0.0000
  train_acc    : 0.9931
  epoch_time   : 0m 10s
------------------------------
Training elapsed: 6m 50s

Epoch 42/119
----------
Epoch 42 summary:
  total_loss   : 0.9713
  cls_loss     : 0.1799
  triplet_loss : 0.1439
  kl_loss      : 0.0000
  train_acc    : 0.9948
  epoch_time   : 0m 10s
------------------------------
Training elapsed: 6m 59s

Epoch 43/119
----------
Epoch 43 summary:
  total_loss   : 0.9819
  cls_loss     : 0.1776
  triplet_loss : 0.1462
  kl_loss      : 0.0000
  train_acc    : 0.9983
  epoch_time   : 0m 10s
------------------------------
Training elapsed: 7m 9s

Epoch 44/119
----------
Epoch 44 summary:
  total_loss   : 0.9902
  cls_loss     : 0.2029
  triplet_loss : 0.1431
  kl_loss      : 0.0000
  train_acc    : 0.9913
  epoch_time   : 0m 9s
------------------------------
Training elapsed: 7m 18s

Epoch 45/119
----------
Epoch 45 summary:
  total_loss   : 0.9879
  cls_loss     : 0.2008
  triplet_loss : 0.1431
  kl_loss      : 0.0000
  train_acc    : 0.9948
  epoch_time   : 0m 9s
------------------------------
Training elapsed: 7m 28s

Epoch 46/119
----------
Epoch 46 summary:
  total_loss   : 0.9602
  cls_loss     : 0.1786
  triplet_loss : 0.1421
  kl_loss      : 0.0000
  train_acc    : 0.9965
  epoch_time   : 0m 10s
------------------------------
Training elapsed: 7m 38s

Epoch 47/119
----------
Epoch 47 summary:
  total_loss   : 0.9221
  cls_loss     : 0.1528
  triplet_loss : 0.1399
  kl_loss      : 0.0000
  train_acc    : 0.9948
  epoch_time   : 0m 10s
------------------------------
Training elapsed: 7m 47s

Epoch 48/119
----------
Epoch 48 summary:
  total_loss   : 0.8892
  cls_loss     : 0.1534
  triplet_loss : 0.1338
  kl_loss      : 0.0000
  train_acc    : 0.9948
  epoch_time   : 0m 10s
------------------------------
Training elapsed: 7m 57s

Epoch 49/119
----------
Epoch 49 summary:
  total_loss   : 0.9241
  cls_loss     : 0.1626
  triplet_loss : 0.1385
  kl_loss      : 0.0000
  train_acc    : 0.9983
  epoch_time   : 0m 9s
------------------------------
Training elapsed: 8m 7s

Epoch 50/119
----------
Epoch 50 summary:
  total_loss   : 0.8919
  cls_loss     : 0.1564
  triplet_loss : 0.1337
  kl_loss      : 0.0000
  train_acc    : 0.9965
  epoch_time   : 0m 10s
------------------------------
Training elapsed: 8m 17s

Epoch 51/119
----------
Epoch 51 summary:
  total_loss   : 0.8594
  cls_loss     : 0.1416
  triplet_loss : 0.1305
  kl_loss      : 0.0000
  train_acc    : 0.9965
  epoch_time   : 0m 10s
------------------------------
Training elapsed: 8m 27s

Epoch 52/119
----------
Epoch 52 summary:
  total_loss   : 0.8674
  cls_loss     : 0.1366
  triplet_loss : 0.1329
  kl_loss      : 0.0000
  train_acc    : 0.9931
  epoch_time   : 0m 10s
------------------------------
Training elapsed: 8m 37s

Epoch 53/119
----------
Epoch 53 summary:
  total_loss   : 0.8709
  cls_loss     : 0.1518
  triplet_loss : 0.1307
  kl_loss      : 0.0000
  train_acc    : 0.9913
  epoch_time   : 0m 10s
------------------------------
Training elapsed: 8m 47s

Epoch 54/119
----------
Epoch 54 summary:
  total_loss   : 0.8640
  cls_loss     : 0.1486
  triplet_loss : 0.1300
  kl_loss      : 0.0000
  train_acc    : 0.9983
  epoch_time   : 0m 10s
------------------------------
Training elapsed: 8m 57s

Epoch 55/119
----------
Epoch 55 summary:
  total_loss   : 0.8394
  cls_loss     : 0.1426
  triplet_loss : 0.1267
  kl_loss      : 0.0000
  train_acc    : 0.9983
  epoch_time   : 0m 10s
------------------------------
Training elapsed: 9m 7s

Epoch 56/119
----------
Epoch 56 summary:
  total_loss   : 0.8298
  cls_loss     : 0.1333
  triplet_loss : 0.1266
  kl_loss      : 0.0000
  train_acc    : 0.9983
  epoch_time   : 0m 9s
------------------------------
Training elapsed: 9m 15s

Epoch 57/119
----------
Epoch 57 summary:
  total_loss   : 0.8439
  cls_loss     : 0.1268
  triplet_loss : 0.1304
  kl_loss      : 0.0000
  train_acc    : 0.9965
  epoch_time   : 0m 10s
------------------------------
Training elapsed: 9m 25s

Epoch 58/119
----------
Epoch 58 summary:
  total_loss   : 0.7942
  cls_loss     : 0.1153
  triplet_loss : 0.1235
  kl_loss      : 0.0000
  train_acc    : 0.9948
  epoch_time   : 0m 10s
------------------------------
Training elapsed: 9m 35s

Epoch 59/119
----------
Epoch 59 summary:
  total_loss   : 0.8017
  cls_loss     : 0.1336
  triplet_loss : 0.1215
  kl_loss      : 0.0000
  train_acc    : 0.9948
  epoch_time   : 0m 10s
------------------------------
Training elapsed: 9m 45s

Epoch 60/119
----------
Epoch 60 summary:
  total_loss   : 0.7519
  cls_loss     : 0.0983
  triplet_loss : 0.1188
  kl_loss      : 0.0000
  train_acc    : 0.9965
  epoch_time   : 0m 10s
------------------------------
Training elapsed: 9m 55s

Epoch 61/119
----------
Epoch 61 summary:
  total_loss   : 0.7752
  cls_loss     : 0.1087
  triplet_loss : 0.1212
  kl_loss      : 0.0000
  train_acc    : 0.9948
  epoch_time   : 0m 10s
------------------------------
Training elapsed: 10m 5s

Epoch 62/119
----------
Epoch 62 summary:
  total_loss   : 0.7631
  cls_loss     : 0.1167
  triplet_loss : 0.1175
  kl_loss      : 0.0000
  train_acc    : 0.9931
  epoch_time   : 0m 9s
------------------------------
Training elapsed: 10m 14s

Epoch 63/119
----------
Epoch 63 summary:
  total_loss   : 0.8124
  cls_loss     : 0.1346
  triplet_loss : 0.1233
  kl_loss      : 0.0000
  train_acc    : 0.9931
  epoch_time   : 0m 9s
------------------------------
Training elapsed: 10m 23s

Epoch 64/119
----------
Epoch 64 summary:
  total_loss   : 0.8024
  cls_loss     : 0.1339
  triplet_loss : 0.1215
  kl_loss      : 0.0000
  train_acc    : 0.9931
  epoch_time   : 0m 10s
------------------------------
Training elapsed: 10m 33s

Epoch 65/119
----------
Epoch 65 summary:
  total_loss   : 0.7177
  cls_loss     : 0.0895
  triplet_loss : 0.1142
  kl_loss      : 0.0000
  train_acc    : 0.9965
  epoch_time   : 0m 9s
------------------------------
Training elapsed: 10m 42s

Epoch 66/119
----------
Epoch 66 summary:
  total_loss   : 0.7075
  cls_loss     : 0.0854
  triplet_loss : 0.1131
  kl_loss      : 0.0000
  train_acc    : 0.9983
  epoch_time   : 0m 9s
------------------------------
Training elapsed: 10m 51s

Epoch 67/119
----------
Epoch 67 summary:
  total_loss   : 0.7360
  cls_loss     : 0.1077
  triplet_loss : 0.1143
  kl_loss      : 0.0000
  train_acc    : 0.9948
  epoch_time   : 0m 10s
------------------------------
Training elapsed: 11m 0s

Epoch 68/119
----------
Epoch 68 summary:
  total_loss   : 0.7733
  cls_loss     : 0.1396
  triplet_loss : 0.1152
  kl_loss      : 0.0000
  train_acc    : 0.9931
  epoch_time   : 0m 10s
------------------------------
Training elapsed: 11m 10s

Epoch 69/119
----------
Epoch 69 summary:
  total_loss   : 0.7375
  cls_loss     : 0.1137
  triplet_loss : 0.1134
  kl_loss      : 0.0000
  train_acc    : 0.9948
  epoch_time   : 0m 10s
------------------------------
Training elapsed: 11m 21s

Epoch 70/119
----------
Epoch 70 summary:
  total_loss   : 0.7544
  cls_loss     : 0.1208
  triplet_loss : 0.1152
  kl_loss      : 0.0000
  train_acc    : 0.9948
  epoch_time   : 0m 10s
------------------------------
Training elapsed: 11m 31s

Epoch 71/119
----------
Epoch 71 summary:
  total_loss   : 0.7211
  cls_loss     : 0.1049
  triplet_loss : 0.1120
  kl_loss      : 0.0000
  train_acc    : 0.9931
  epoch_time   : 0m 10s
------------------------------
Training elapsed: 11m 41s

Epoch 72/119
----------
Epoch 72 summary:
  total_loss   : 0.7099
  cls_loss     : 0.1038
  triplet_loss : 0.1102
  kl_loss      : 0.0000
  train_acc    : 0.9948
  epoch_time   : 0m 10s
------------------------------
Training elapsed: 11m 50s

Epoch 73/119
----------
Epoch 73 summary:
  total_loss   : 0.7183
  cls_loss     : 0.1060
  triplet_loss : 0.1113
  kl_loss      : 0.0000
  train_acc    : 0.9983
  epoch_time   : 0m 10s
------------------------------
Training elapsed: 11m 60s

Epoch 74/119
----------
Epoch 74 summary:
  total_loss   : 0.6672
  cls_loss     : 0.0860
  triplet_loss : 0.1057
  kl_loss      : 0.0000
  train_acc    : 0.9965
  epoch_time   : 0m 9s
------------------------------
Training elapsed: 12m 9s

Epoch 75/119
----------
Epoch 75 summary:
  total_loss   : 0.7208
  cls_loss     : 0.1135
  triplet_loss : 0.1104
  kl_loss      : 0.0000
  train_acc    : 0.9948
  epoch_time   : 0m 10s
------------------------------
Training elapsed: 12m 19s

Epoch 76/119
----------
Epoch 76 summary:
  total_loss   : 0.6718
  cls_loss     : 0.0877
  triplet_loss : 0.1062
  kl_loss      : 0.0000
  train_acc    : 0.9948
  epoch_time   : 0m 10s
------------------------------
Training elapsed: 12m 29s

Epoch 77/119
----------
Epoch 77 summary:
  total_loss   : 0.7202
  cls_loss     : 0.1115
  triplet_loss : 0.1107
  kl_loss      : 0.0000
  train_acc    : 0.9965
  epoch_time   : 0m 9s
------------------------------
Training elapsed: 12m 38s

Epoch 78/119
----------
Epoch 78 summary:
  total_loss   : 0.6686
  cls_loss     : 0.1025
  triplet_loss : 0.1029
  kl_loss      : 0.0000
  train_acc    : 0.9983
  epoch_time   : 0m 10s
------------------------------
Training elapsed: 12m 47s

Epoch 79/119
----------
Epoch 79 summary:
  total_loss   : 0.6696
  cls_loss     : 0.0905
  triplet_loss : 0.1053
  kl_loss      : 0.0000
  train_acc    : 0.9983
  epoch_time   : 0m 10s
------------------------------
Training elapsed: 12m 57s

Epoch 80/119
----------
Epoch 80 summary:
  total_loss   : 0.6855
  cls_loss     : 0.1064
  triplet_loss : 0.1053
  kl_loss      : 0.0000
  train_acc    : 0.9965
  epoch_time   : 0m 10s
------------------------------
Training elapsed: 13m 7s

Epoch 81/119
----------
Epoch 81 summary:
  total_loss   : 0.6731
  cls_loss     : 0.0919
  triplet_loss : 0.1057
  kl_loss      : 0.0000
  train_acc    : 0.9983
  epoch_time   : 0m 9s
------------------------------
Training elapsed: 13m 16s

Epoch 82/119
----------
Epoch 82 summary:
  total_loss   : 0.6769
  cls_loss     : 0.0984
  triplet_loss : 0.1052
  kl_loss      : 0.0000
  train_acc    : 0.9965
  epoch_time   : 0m 9s
------------------------------
Training elapsed: 13m 25s

Epoch 83/119
----------
Epoch 83 summary:
  total_loss   : 0.6924
  cls_loss     : 0.1024
  triplet_loss : 0.1073
  kl_loss      : 0.0000
  train_acc    : 0.9983
  epoch_time   : 0m 9s
------------------------------
Training elapsed: 13m 34s

Epoch 84/119
----------
Epoch 84 summary:
  total_loss   : 0.6422
  cls_loss     : 0.0682
  triplet_loss : 0.1044
  kl_loss      : 0.0000
  train_acc    : 0.9931
  epoch_time   : 0m 10s
------------------------------
Training elapsed: 13m 43s

Epoch 85/119
----------
Epoch 85 summary:
  total_loss   : 0.6052
  cls_loss     : 0.0638
  triplet_loss : 0.0984
  kl_loss      : 0.0000
  train_acc    : 0.9983
  epoch_time   : 0m 9s
------------------------------
Training elapsed: 13m 53s

Epoch 86/119
----------
Epoch 86 summary:
  total_loss   : 0.6652
  cls_loss     : 0.0931
  triplet_loss : 0.1040
  kl_loss      : 0.0000
  train_acc    : 0.9983
  epoch_time   : 0m 10s
------------------------------
Training elapsed: 14m 3s

Epoch 87/119
----------
Epoch 87 summary:
  total_loss   : 0.6173
  cls_loss     : 0.0740
  triplet_loss : 0.0988
  kl_loss      : 0.0000
  train_acc    : 0.9965
  epoch_time   : 0m 9s
------------------------------
Training elapsed: 14m 12s

Epoch 88/119
----------
Epoch 88 summary:
  total_loss   : 0.6400
  cls_loss     : 0.0886
  triplet_loss : 0.1003
  kl_loss      : 0.0000
  train_acc    : 1.0000
  epoch_time   : 0m 9s
------------------------------
Training elapsed: 14m 21s

Epoch 89/119
----------
Epoch 89 summary:
  total_loss   : 0.6454
  cls_loss     : 0.0979
  triplet_loss : 0.0996
  kl_loss      : 0.0000
  train_acc    : 0.9948
  epoch_time   : 0m 9s
------------------------------
Training elapsed: 14m 31s

Epoch 90/119
----------
Epoch 90 summary:
  total_loss   : 0.6212
  cls_loss     : 0.0792
  triplet_loss : 0.0985
  kl_loss      : 0.0000
  train_acc    : 0.9948
  epoch_time   : 0m 10s
------------------------------
Training elapsed: 14m 41s

Epoch 91/119
----------
Epoch 91 summary:
  total_loss   : 0.6434
  cls_loss     : 0.0866
  triplet_loss : 0.1012
  kl_loss      : 0.0000
  train_acc    : 0.9965
  epoch_time   : 0m 10s
------------------------------
Training elapsed: 14m 52s

Epoch 92/119
----------
Epoch 92 summary:
  total_loss   : 0.6255
  cls_loss     : 0.0867
  triplet_loss : 0.0980
  kl_loss      : 0.0000
  train_acc    : 0.9948
  epoch_time   : 0m 10s
------------------------------
Training elapsed: 15m 1s

Epoch 93/119
----------
Epoch 93 summary:
  total_loss   : 0.6305
  cls_loss     : 0.0861
  triplet_loss : 0.0990
  kl_loss      : 0.0000
  train_acc    : 0.9965
  epoch_time   : 0m 11s
------------------------------
Training elapsed: 15m 12s

Epoch 94/119
----------
Epoch 94 summary:
  total_loss   : 0.5987
  cls_loss     : 0.0762
  triplet_loss : 0.0950
  kl_loss      : 0.0000
  train_acc    : 0.9948
  epoch_time   : 0m 10s
------------------------------
Training elapsed: 15m 21s

Epoch 95/119
----------
Epoch 95 summary:
  total_loss   : 0.6156
  cls_loss     : 0.0906
  triplet_loss : 0.0955
  kl_loss      : 0.0000
  train_acc    : 1.0000
  epoch_time   : 0m 10s
------------------------------
Training elapsed: 15m 32s

Epoch 96/119
----------
Epoch 96 summary:
  total_loss   : 0.5925
  cls_loss     : 0.0777
  triplet_loss : 0.0936
  kl_loss      : 0.0000
  train_acc    : 0.9983
  epoch_time   : 0m 9s
------------------------------
Training elapsed: 15m 41s

Epoch 97/119
----------
Epoch 97 summary:
  total_loss   : 0.6275
  cls_loss     : 0.0877
  triplet_loss : 0.0981
  kl_loss      : 0.0000
  train_acc    : 0.9965
  epoch_time   : 0m 10s
------------------------------
Training elapsed: 15m 50s

Epoch 98/119
----------
Epoch 98 summary:
  total_loss   : 0.6103
  cls_loss     : 0.0859
  triplet_loss : 0.0954
  kl_loss      : 0.0000
  train_acc    : 0.9948
  epoch_time   : 0m 10s
------------------------------
Training elapsed: 16m 0s

Epoch 99/119
----------
Epoch 99 summary:
  total_loss   : 0.5908
  cls_loss     : 0.0735
  triplet_loss : 0.0941
  kl_loss      : 0.0000
  train_acc    : 0.9983
  epoch_time   : 0m 10s
------------------------------
Training elapsed: 16m 10s

Epoch 100/119
----------
Epoch 100 summary:
  total_loss   : 0.6290
  cls_loss     : 0.0870
  triplet_loss : 0.0986
  kl_loss      : 0.0000
  train_acc    : 0.9931
  epoch_time   : 0m 10s
------------------------------
Training elapsed: 16m 20s

Epoch 101/119
----------
Epoch 101 summary:
  total_loss   : 0.6020
  cls_loss     : 0.0746
  triplet_loss : 0.0959
  kl_loss      : 0.0000
  train_acc    : 0.9983
  epoch_time   : 0m 10s
------------------------------
Training elapsed: 16m 29s

Epoch 102/119
----------
Epoch 102 summary:
  total_loss   : 0.5993
  cls_loss     : 0.0818
  triplet_loss : 0.0941
  kl_loss      : 0.0000
  train_acc    : 0.9948
  epoch_time   : 0m 10s
------------------------------
Training elapsed: 16m 40s

Epoch 103/119
----------
Epoch 103 summary:
  total_loss   : 0.6120
  cls_loss     : 0.0810
  triplet_loss : 0.0965
  kl_loss      : 0.0000
  train_acc    : 0.9948
  epoch_time   : 0m 10s
------------------------------
Training elapsed: 16m 49s

Epoch 104/119
----------
Epoch 104 summary:
  total_loss   : 0.6097
  cls_loss     : 0.0755
  triplet_loss : 0.0971
  kl_loss      : 0.0000
  train_acc    : 0.9965
  epoch_time   : 0m 9s
------------------------------
Training elapsed: 16m 59s

Epoch 105/119
----------
Epoch 105 summary:
  total_loss   : 0.6123
  cls_loss     : 0.0906
  triplet_loss : 0.0948
  kl_loss      : 0.0000
  train_acc    : 1.0000
  epoch_time   : 0m 10s
------------------------------
Training elapsed: 17m 8s

Epoch 106/119
----------
Epoch 106 summary:
  total_loss   : 0.5875
  cls_loss     : 0.0720
  triplet_loss : 0.0937
  kl_loss      : 0.0000
  train_acc    : 1.0000
  epoch_time   : 0m 9s
------------------------------
Training elapsed: 17m 18s

Epoch 107/119
----------
Epoch 107 summary:
  total_loss   : 0.5849
  cls_loss     : 0.0720
  triplet_loss : 0.0932
  kl_loss      : 0.0000
  train_acc    : 0.9983
  epoch_time   : 0m 10s
------------------------------
Training elapsed: 17m 27s

Epoch 108/119
----------
Epoch 108 summary:
  total_loss   : 0.5954
  cls_loss     : 0.0785
  triplet_loss : 0.0940
  kl_loss      : 0.0000
  train_acc    : 0.9948
  epoch_time   : 0m 9s
------------------------------
Training elapsed: 17m 36s

Epoch 109/119
----------
Epoch 109 summary:
  total_loss   : 0.5991
  cls_loss     : 0.0758
  triplet_loss : 0.0952
  kl_loss      : 0.0000
  train_acc    : 0.9983
  epoch_time   : 0m 9s
------------------------------
Training elapsed: 17m 46s

Epoch 110/119
----------
Epoch 110 summary:
  total_loss   : 0.5605
  cls_loss     : 0.0581
  triplet_loss : 0.0913
  kl_loss      : 0.0000
  train_acc    : 0.9948
  epoch_time   : 0m 8s
------------------------------
Training elapsed: 17m 54s

Epoch 111/119
----------
Epoch 111 summary:
  total_loss   : 0.5934
  cls_loss     : 0.0839
  triplet_loss : 0.0926
  kl_loss      : 0.0000
  train_acc    : 0.9965
  epoch_time   : 0m 8s
------------------------------
Training elapsed: 18m 2s

Epoch 112/119
----------
Epoch 112 summary:
  total_loss   : 0.5883
  cls_loss     : 0.0765
  triplet_loss : 0.0931
  kl_loss      : 0.0000
  train_acc    : 0.9983
  epoch_time   : 0m 8s
------------------------------
Training elapsed: 18m 10s

Epoch 113/119
----------
Epoch 113 summary:
  total_loss   : 0.6333
  cls_loss     : 0.0985
  triplet_loss : 0.0972
  kl_loss      : 0.0000
  train_acc    : 0.9983
  epoch_time   : 0m 10s
------------------------------
Training elapsed: 18m 20s

Epoch 114/119
----------
Epoch 114 summary:
  total_loss   : 0.6113
  cls_loss     : 0.0882
  triplet_loss : 0.0951
  kl_loss      : 0.0000
  train_acc    : 0.9983
  epoch_time   : 0m 10s
------------------------------
Training elapsed: 18m 30s

Epoch 115/119
----------
Epoch 115 summary:
  total_loss   : 0.5744
  cls_loss     : 0.0694
  triplet_loss : 0.0918
  kl_loss      : 0.0000
  train_acc    : 0.9965
  epoch_time   : 0m 10s
------------------------------
Training elapsed: 18m 39s

Epoch 116/119
----------
Epoch 116 summary:
  total_loss   : 0.5972
  cls_loss     : 0.0718
  triplet_loss : 0.0955
  kl_loss      : 0.0000
  train_acc    : 0.9965
  epoch_time   : 0m 9s
------------------------------
Training elapsed: 18m 48s

Epoch 117/119
----------
Epoch 117 summary:
  total_loss   : 0.5911
  cls_loss     : 0.0740
  triplet_loss : 0.0940
  kl_loss      : 0.0000
  train_acc    : 0.9983
  epoch_time   : 0m 10s
------------------------------
Training elapsed: 18m 58s

Epoch 118/119
----------
Epoch 118 summary:
  total_loss   : 0.5848
  cls_loss     : 0.0747
  triplet_loss : 0.0927
  kl_loss      : 0.0000
  train_acc    : 0.9948
  epoch_time   : 0m 9s
------------------------------
Training elapsed: 19m 6s

Epoch 119/119
----------
Epoch 119 summary:
  total_loss   : 0.5822
  cls_loss     : 0.0696
  triplet_loss : 0.0932
  kl_loss      : 0.0000
  train_acc    : 0.9983
  epoch_time   : 0m 9s
------------------------------
Training elapsed: 19m 16s

